Component: Arm Compiler for Embedded 6.22 Tool: armlink [5ee90200]

==============================================================================

Section Cross References

    startup_stm32h750xx.o(STACK) refers (Special) to heapauxi.o(.text) for __use_two_region_memory
    startup_stm32h750xx.o(HEAP) refers (Special) to heapauxi.o(.text) for __use_two_region_memory
    startup_stm32h750xx.o(RESET) refers (Special) to heapauxi.o(.text) for __use_two_region_memory
    startup_stm32h750xx.o(RESET) refers to startup_stm32h750xx.o(STACK) for __initial_sp
    startup_stm32h750xx.o(RESET) refers to startup_stm32h750xx.o(.text) for Reset_Handler
    startup_stm32h750xx.o(RESET) refers to stm32h7xx_it.o(.text.NMI_Handler) for NMI_Handler
    startup_stm32h750xx.o(RESET) refers to stm32h7xx_it.o(.text.HardFault_Handler) for HardFault_Handler
    startup_stm32h750xx.o(RESET) refers to stm32h7xx_it.o(.text.MemManage_Handler) for MemManage_Handler
    startup_stm32h750xx.o(RESET) refers to stm32h7xx_it.o(.text.BusFault_Handler) for BusFault_Handler
    startup_stm32h750xx.o(RESET) refers to stm32h7xx_it.o(.text.UsageFault_Handler) for UsageFault_Handler
    startup_stm32h750xx.o(RESET) refers to stm32h7xx_it.o(.text.SVC_Handler) for SVC_Handler
    startup_stm32h750xx.o(RESET) refers to stm32h7xx_it.o(.text.DebugMon_Handler) for DebugMon_Handler
    startup_stm32h750xx.o(RESET) refers to stm32h7xx_it.o(.text.PendSV_Handler) for PendSV_Handler
    startup_stm32h750xx.o(RESET) refers to stm32h7xx_it.o(.text.SysTick_Handler) for SysTick_Handler
    startup_stm32h750xx.o(.text) refers (Special) to heapauxi.o(.text) for __use_two_region_memory
    startup_stm32h750xx.o(.text) refers to system_stm32h7xx.o(.text.SystemInit) for SystemInit
    startup_stm32h750xx.o(.text) refers to __main.o(!!!main) for __main
    startup_stm32h750xx.o(.text) refers to startup_stm32h750xx.o(HEAP) for Heap_Mem
    startup_stm32h750xx.o(.text) refers to startup_stm32h750xx.o(STACK) for Stack_Mem
    main.o(.text.main) refers to stm32h7xx_hal.o(.text.HAL_Init) for HAL_Init
    main.o(.text.main) refers to main.o(.text.SystemClock_Config) for SystemClock_Config
    main.o(.text.main) refers to main.o(.bss.hsram1) for hsram1
    main.o(.text.main) refers to stm32h7xx_hal_sram.o(.text.HAL_SRAM_Init) for HAL_SRAM_Init
    main.o(.text.main) refers to main.o(.bss.hspi1) for hspi1
    main.o(.text.main) refers to rt_memclr_w.o(.text) for __aeabi_memclr4
    main.o(.text.main) refers to stm32h7xx_hal_spi.o(.text.HAL_SPI_Init) for HAL_SPI_Init
    main.o(.text.main) refers to main.o(.bss.huart1) for huart1
    main.o(.text.main) refers to stm32h7xx_hal_uart.o(.text.HAL_UART_Init) for HAL_UART_Init
    main.o(.text.main) refers to stm32h7xx_hal_uart_ex.o(.text.HAL_UARTEx_SetTxFifoThreshold) for HAL_UARTEx_SetTxFifoThreshold
    main.o(.text.main) refers to stm32h7xx_hal_uart_ex.o(.text.HAL_UARTEx_SetRxFifoThreshold) for HAL_UARTEx_SetRxFifoThreshold
    main.o(.text.main) refers to stm32h7xx_hal_uart_ex.o(.text.HAL_UARTEx_DisableFifoMode) for HAL_UARTEx_DisableFifoMode
    main.o(.text.main) refers to stm32h7xx_hal.o(.text.HAL_Delay) for HAL_Delay
    main.o(.text.main) refers to dev_lcd.o(.text.LCD_Init) for LCD_Init
    main.o(.text.main) refers to dev_lcd.o(.text.LCD_DrawRectangle) for LCD_DrawRectangle
    main.o(.text.main) refers to dev_lcd.o(.text.LCD_DisplayOn) for LCD_DisplayOn
    main.o(.ARM.exidx.text.main) refers to main.o(.text.main) for [Anonymous Symbol]
    main.o(.text.SystemClock_Config) refers to rt_memclr_w.o(.text) for __aeabi_memclr4
    main.o(.text.SystemClock_Config) refers to stm32h7xx_hal_pwr_ex.o(.text.HAL_PWREx_ConfigSupply) for HAL_PWREx_ConfigSupply
    main.o(.text.SystemClock_Config) refers to stm32h7xx_hal_rcc.o(.text.HAL_RCC_OscConfig) for HAL_RCC_OscConfig
    main.o(.text.SystemClock_Config) refers to stm32h7xx_hal_rcc.o(.text.HAL_RCC_ClockConfig) for HAL_RCC_ClockConfig
    main.o(.ARM.exidx.text.SystemClock_Config) refers to main.o(.text.SystemClock_Config) for [Anonymous Symbol]
    main.o(.ARM.exidx.text.Error_Handler) refers to main.o(.text.Error_Handler) for [Anonymous Symbol]
    stm32h7xx_hal_msp.o(.ARM.exidx.text.HAL_MspInit) refers to stm32h7xx_hal_msp.o(.text.HAL_MspInit) for [Anonymous Symbol]
    stm32h7xx_hal_msp.o(.text.HAL_SPI_MspInit) refers to rt_memclr_w.o(.text) for __aeabi_memclr8
    stm32h7xx_hal_msp.o(.text.HAL_SPI_MspInit) refers to stm32h7xx_hal_rcc_ex.o(.text.HAL_RCCEx_PeriphCLKConfig) for HAL_RCCEx_PeriphCLKConfig
    stm32h7xx_hal_msp.o(.text.HAL_SPI_MspInit) refers to main.o(.text.Error_Handler) for Error_Handler
    stm32h7xx_hal_msp.o(.text.HAL_SPI_MspInit) refers to stm32h7xx_hal_gpio.o(.text.HAL_GPIO_Init) for HAL_GPIO_Init
    stm32h7xx_hal_msp.o(.ARM.exidx.text.HAL_SPI_MspInit) refers to stm32h7xx_hal_msp.o(.text.HAL_SPI_MspInit) for [Anonymous Symbol]
    stm32h7xx_hal_msp.o(.text.HAL_SPI_MspDeInit) refers to stm32h7xx_hal_gpio.o(.text.HAL_GPIO_DeInit) for HAL_GPIO_DeInit
[...]
    Removing stm32h7xx_hal_uart_ex.o(.ARM.exidx.text.HAL_UARTEx_EnableStopMode), (8 bytes).
    Removing stm32h7xx_hal_uart_ex.o(.text.HAL_UARTEx_DisableStopMode), (108 bytes).
    Removing stm32h7xx_hal_uart_ex.o(.ARM.exidx.text.HAL_UARTEx_DisableStopMode), (8 bytes).
    Removing stm32h7xx_hal_uart_ex.o(.text.HAL_UARTEx_EnableFifoMode), (122 bytes).
    Removing stm32h7xx_hal_uart_ex.o(.ARM.exidx.text.HAL_UARTEx_EnableFifoMode), (8 bytes).
    Removing stm32h7xx_hal_uart_ex.o(.ARM.exidx.text.HAL_UARTEx_DisableFifoMode), (8 bytes).
    Removing stm32h7xx_hal_uart_ex.o(.ARM.exidx.text.HAL_UARTEx_SetTxFifoThreshold), (8 bytes).
    Removing stm32h7xx_hal_uart_ex.o(.ARM.exidx.text.HAL_UARTEx_SetRxFifoThreshold), (8 bytes).
    Removing stm32h7xx_hal_uart_ex.o(.text.HAL_UARTEx_ReceiveToIdle), (448 bytes).
    Removing stm32h7xx_hal_uart_ex.o(.ARM.exidx.text.HAL_UARTEx_ReceiveToIdle), (8 bytes).
    Removing stm32h7xx_hal_uart_ex.o(.text.HAL_UARTEx_ReceiveToIdle_IT), (140 bytes).
    Removing stm32h7xx_hal_uart_ex.o(.ARM.exidx.text.HAL_UARTEx_ReceiveToIdle_IT), (8 bytes).
    Removing stm32h7xx_hal_uart_ex.o(.text.HAL_UARTEx_ReceiveToIdle_DMA), (152 bytes).
    Removing stm32h7xx_hal_uart_ex.o(.ARM.exidx.text.HAL_UARTEx_ReceiveToIdle_DMA), (8 bytes).
    Removing stm32h7xx_hal_uart_ex.o(.text.HAL_UARTEx_GetRxEventType), (4 bytes).
    Removing stm32h7xx_hal_uart_ex.o(.ARM.exidx.text.HAL_UARTEx_GetRxEventType), (8 bytes).
    Removing stm32h7xx_ll_fmc.o(.text), (0 bytes).
    Removing stm32h7xx_ll_fmc.o(.ARM.exidx.text.FMC_NORSRAM_Init), (8 bytes).
    Removing stm32h7xx_ll_fmc.o(.text.FMC_NORSRAM_DeInit), (48 bytes).
    Removing stm32h7xx_ll_fmc.o(.ARM.exidx.text.FMC_NORSRAM_DeInit), (8 bytes).
    Removing stm32h7xx_ll_fmc.o(.ARM.exidx.text.FMC_NORSRAM_Timing_Init), (8 bytes).
    Removing stm32h7xx_ll_fmc.o(.ARM.exidx.text.FMC_NORSRAM_Extended_Timing_Init), (8 bytes).
    Removing stm32h7xx_ll_fmc.o(.text.FMC_NORSRAM_WriteOperation_Enable), (18 bytes).
    Removing stm32h7xx_ll_fmc.o(.ARM.exidx.text.FMC_NORSRAM_WriteOperation_Enable), (8 bytes).
    Removing stm32h7xx_ll_fmc.o(.text.FMC_NORSRAM_WriteOperation_Disable), (18 bytes).
    Removing stm32h7xx_ll_fmc.o(.ARM.exidx.text.FMC_NORSRAM_WriteOperation_Disable), (8 bytes).
    Removing stm32h7xx_ll_fmc.o(.text.FMC_NAND_Init), (60 bytes).
    Removing stm32h7xx_ll_fmc.o(.ARM.exidx.text.FMC_NAND_Init), (8 bytes).
    Removing stm32h7xx_ll_fmc.o(.text.FMC_NAND_CommonSpace_Timing_Init), (30 bytes).
    Removing stm32h7xx_ll_fmc.o(.ARM.exidx.text.FMC_NAND_CommonSpace_Timing_Init), (8 bytes).
    Removing stm32h7xx_ll_fmc.o(.text.FMC_NAND_AttributeSpace_Timing_Init), (30 bytes).
    Removing stm32h7xx_ll_fmc.o(.ARM.exidx.text.FMC_NAND_AttributeSpace_Timing_Init), (8 bytes).
    Removing stm32h7xx_ll_fmc.o(.text.FMC_NAND_DeInit), (30 bytes).
    Removing stm32h7xx_ll_fmc.o(.ARM.exidx.text.FMC_NAND_DeInit), (8 bytes).
    Removing stm32h7xx_ll_fmc.o(.text.FMC_NAND_ECC_Enable), (14 bytes).
    Removing stm32h7xx_ll_fmc.o(.ARM.exidx.text.FMC_NAND_ECC_Enable), (8 bytes).
    Removing stm32h7xx_ll_fmc.o(.text.FMC_NAND_ECC_Disable), (14 bytes).
    Removing stm32h7xx_ll_fmc.o(.ARM.exidx.text.FMC_NAND_ECC_Disable), (8 bytes).
    Removing stm32h7xx_ll_fmc.o(.text.FMC_NAND_GetECC), (98 bytes).
    Removing stm32h7xx_ll_fmc.o(.ARM.exidx.text.FMC_NAND_GetECC), (8 bytes).
    Removing stm32h7xx_ll_fmc.o(.text.FMC_SDRAM_Init), (134 bytes).
    Removing stm32h7xx_ll_fmc.o(.ARM.exidx.text.FMC_SDRAM_Init), (8 bytes).
    Removing stm32h7xx_ll_fmc.o(.text.FMC_SDRAM_Timing_Init), (218 bytes).
    Removing stm32h7xx_ll_fmc.o(.ARM.exidx.text.FMC_SDRAM_Timing_Init), (8 bytes).
    Removing stm32h7xx_ll_fmc.o(.text.FMC_SDRAM_DeInit), (32 bytes).
    Removing stm32h7xx_ll_fmc.o(.ARM.exidx.text.FMC_SDRAM_DeInit), (8 bytes).
    Removing stm32h7xx_ll_fmc.o(.text.FMC_SDRAM_WriteProtection_Enable), (18 bytes).
    Removing stm32h7xx_ll_fmc.o(.ARM.exidx.text.FMC_SDRAM_WriteProtection_Enable), (8 bytes).
    Removing stm32h7xx_ll_fmc.o(.text.FMC_SDRAM_WriteProtection_Disable), (18 bytes).
    Removing stm32h7xx_ll_fmc.o(.ARM.exidx.text.FMC_SDRAM_WriteProtection_Disable), (8 bytes).
    Removing stm32h7xx_ll_fmc.o(.text.FMC_SDRAM_SendCommand), (46 bytes).
    Removing stm32h7xx_ll_fmc.o(.ARM.exidx.text.FMC_SDRAM_SendCommand), (8 bytes).
    Removing stm32h7xx_ll_fmc.o(.text.FMC_SDRAM_ProgramRefreshRate), (22 bytes).
    Removing stm32h7xx_ll_fmc.o(.ARM.exidx.text.FMC_SDRAM_ProgramRefreshRate), (8 bytes).
    Removing stm32h7xx_ll_fmc.o(.text.FMC_SDRAM_SetAutoRefreshNumber), (24 bytes).
    Removing stm32h7xx_ll_fmc.o(.ARM.exidx.text.FMC_SDRAM_SetAutoRefreshNumber), (8 bytes).
    Removing stm32h7xx_ll_fmc.o(.text.FMC_SDRAM_GetModeStatus), (14 bytes).
    Removing stm32h7xx_ll_fmc.o(.ARM.exidx.text.FMC_SDRAM_GetModeStatus), (8 bytes).
    Removing bsp_delay.o(.text), (0 bytes).
    Removing bsp_delay.o(.text.SysTick_clkconfig), (22 bytes).
    Removing bsp_delay.o(.ARM.exidx.text.SysTick_clkconfig), (8 bytes).
    Removing bsp_delay.o(.ARM.exidx.text.delay_us), (8 bytes).
    Removing bsp_delay.o(.ARM.exidx.text.delay_ms), (8 bytes).
    Removing dev_lcd.o(.text), (0 bytes).
    Removing dev_lcd.o(.text.LCD_WR_REG), (32 bytes).
    Removing dev_lcd.o(.ARM.exidx.text.LCD_WR_REG), (8 bytes).
    Removing dev_lcd.o(.text.LCD_WR_DATA), (30 bytes).
    Removing dev_lcd.o(.ARM.exidx.text.LCD_WR_DATA), (8 bytes).
    Removing dev_lcd.o(.text.LCD_RD_DATA), (22 bytes).
    Removing dev_lcd.o(.ARM.exidx.text.LCD_RD_DATA), (8 bytes).
    Removing dev_lcd.o(.text.LCD_WriteReg), (14 bytes).
    Removing dev_lcd.o(.ARM.exidx.text.LCD_WriteReg), (8 bytes).
    Removing dev_lcd.o(.text.LCD_ReadReg), (50 bytes).
    Removing dev_lcd.o(.ARM.exidx.text.LCD_ReadReg), (8 bytes).
    Removing dev_lcd.o(.text.LCD_WriteRAM_Prepare), (22 bytes).
    Removing dev_lcd.o(.ARM.exidx.text.LCD_WriteRAM_Prepare), (8 bytes).
    Removing dev_lcd.o(.text.LCD_WriteRAM), (10 bytes).
    Removing dev_lcd.o(.ARM.exidx.text.LCD_WriteRAM), (8 bytes).
    Removing dev_lcd.o(.text.LCD_BGR2RGB), (16 bytes).
    Removing dev_lcd.o(.ARM.exidx.text.LCD_BGR2RGB), (8 bytes).
    Removing dev_lcd.o(.text.opt_delay), (2 bytes).
    Removing dev_lcd.o(.ARM.exidx.text.opt_delay), (8 bytes).
    Removing dev_lcd.o(.text.LCD_ReadPoint), (118 bytes).
    Removing dev_lcd.o(.ARM.exidx.text.LCD_ReadPoint), (8 bytes).
    Removing dev_lcd.o(.ARM.exidx.text.LCD_SetCursor), (8 bytes).
    Removing dev_lcd.o(.ARM.exidx.text.LCD_DisplayOn), (8 bytes).
    Removing dev_lcd.o(.text.LCD_DisplayOff), (114 bytes).
    Removing dev_lcd.o(.ARM.exidx.text.LCD_DisplayOff), (8 bytes).
    Removing dev_lcd.o(.text.LCD_Display_Dir), (316 bytes).
    Removing dev_lcd.o(.ARM.exidx.text.LCD_Display_Dir), (8 bytes).
    Removing dev_lcd.o(.ARM.exidx.text.LCD_Set_Window), (8 bytes).
    Removing dev_lcd.o(.ARM.exidx.text.LCD_Init), (8 bytes).
    Removing dev_lcd.o(.text.LCD_Clear), (34 bytes).
    Removing dev_lcd.o(.ARM.exidx.text.LCD_Clear), (8 bytes).
    Removing dev_lcd.o(.text.LCD_DrawPoint), (62 bytes).
    Removing dev_lcd.o(.ARM.exidx.text.LCD_DrawPoint), (8 bytes).
    Removing dev_lcd.o(.text.LCD_Fast_DrawPoint), (352 bytes).
    Removing dev_lcd.o(.ARM.exidx.text.LCD_Fast_DrawPoint), (8 bytes).
    Removing dev_lcd.o(.ARM.exidx.text.LCD_Fill), (8 bytes).
    Removing dev_lcd.o(.text.LCD_Color_Fill), (430 bytes).
    Removing dev_lcd.o(.ARM.exidx.text.LCD_Color_Fill), (8 bytes).
    Removing dev_lcd.o(.text.LCD_DrawLine), (226 bytes).
    Removing dev_lcd.o(.ARM.exidx.text.LCD_DrawLine), (8 bytes).
    Removing dev_lcd.o(.ARM.exidx.text.LCD_DrawRectangle), (8 bytes).
    Removing dev_lcd.o(.text.LCD_Draw_Circle), (602 bytes).
    Removing dev_lcd.o(.ARM.exidx.text.LCD_Draw_Circle), (8 bytes).
    Removing dev_lcd.o(.text.LCD_ShowChar), (1314 bytes).
    Removing dev_lcd.o(.ARM.exidx.text.LCD_ShowChar), (8 bytes).
    Removing dev_lcd.o(.text.LCD_Pow), (92 bytes).
    Removing dev_lcd.o(.ARM.exidx.text.LCD_Pow), (8 bytes).
    Removing dev_lcd.o(.text.LCD_ShowNum), (280 bytes).
    Removing dev_lcd.o(.ARM.exidx.text.LCD_ShowNum), (8 bytes).
    Removing dev_lcd.o(.text.LCD_ShowxNum), (518 bytes).
    Removing dev_lcd.o(.ARM.exidx.text.LCD_ShowxNum), (8 bytes).
    Removing dev_lcd.o(.text.LCD_ShowString), (142 bytes).
    Removing dev_lcd.o(.ARM.exidx.text.LCD_ShowString), (8 bytes).
    Removing dev_lcd.o(.text.gui_draw_hline), (28 bytes).
    Removing dev_lcd.o(.ARM.exidx.text.gui_draw_hline), (8 bytes).
    Removing dev_lcd.o(.text.gui_fill_circle), (250 bytes).
    Removing dev_lcd.o(.ARM.exidx.text.gui_fill_circle), (8 bytes).
    Removing dev_lcd.o(.text.my_abs), (10 bytes).
    Removing dev_lcd.o(.ARM.exidx.text.my_abs), (8 bytes).
    Removing dev_lcd.o(.text.lcd_draw_bline), (186 bytes).
    Removing dev_lcd.o(.ARM.exidx.text.lcd_draw_bline), (8 bytes).
    Removing dev_lcd.o(.rodata.asc2_1206), (1140 bytes).
    Removing dev_lcd.o(.rodata.asc2_1608), (1520 bytes).
    Removing dev_lcd.o(.rodata.asc2_2412), (3420 bytes).
    Removing dev_lcd.o(.rodata.asc2_3216), (12160 bytes).

1119 unused section(s) (total 101681 bytes) removed from the image.

==============================================================================

Image Symbol Table

    Local Symbols

    Symbol Name                              Value     Ov Type        Size  Object(Section)

    ../clib/angel/boardlib.s                 0x00000000   Number         0  boardinit1.o ABSOLUTE
    ../clib/angel/boardlib.s                 0x00000000   Number         0  boardinit2.o ABSOLUTE
    ../clib/angel/boardlib.s                 0x00000000   Number         0  boardinit3.o ABSOLUTE
    ../clib/angel/boardlib.s                 0x00000000   Number         0  boardshut.o ABSOLUTE
    ../clib/angel/handlers.s                 0x00000000   Number         0  __scatter_copy.o ABSOLUTE
    ../clib/angel/handlers.s                 0x00000000   Number         0  __scatter_zi.o ABSOLUTE
    ../clib/angel/kernel.s                   0x00000000   Number         0  __rtentry.o ABSOLUTE
    ../clib/angel/kernel.s                   0x00000000   Number         0  __rtentry2.o ABSOLUTE
    ../clib/angel/kernel.s                   0x00000000   Number         0  __rtentry4.o ABSOLUTE
    ../clib/angel/kernel.s                   0x00000000   Number         0  rtexit.o ABSOLUTE
    ../clib/angel/kernel.s                   0x00000000   Number         0  rtexit2.o ABSOLUTE
    ../clib/angel/rt.s                       0x00000000   Number         0  aeabi_ldiv0.o ABSOLUTE
    ../clib/angel/rt.s                       0x00000000   Number         0  aeabi_ldiv0_sigfpe.o ABSOLUTE
    ../clib/angel/rt.s                       0x00000000   Number         0  rt_div0.o ABSOLUTE
    ../clib/angel/rt.s                       0x00000000   Number         0  rt_raise.o ABSOLUTE
    ../clib/angel/scatter.s                  0x00000000   Number         0  __scatter.o ABSOLUTE
    ../clib/angel/startup.s                  0x00000000   Number         0  __main.o ABSOLUTE
    ../clib/angel/sys.s                      0x00000000   Number         0  sys_stackheap_outer.o ABSOLUTE
    ../clib/angel/sys.s                      0x00000000   Number         0  libspace.o ABSOLUTE
    ../clib/angel/sys.s                      0x00000000   Number         0  use_no_semi.o ABSOLUTE
    ../clib/angel/sys.s                      0x00000000   Number         0  indicate_semi.o ABSOLUTE
    ../clib/angel/sysapp.c                   0x00000000   Number         0  sys_exit.o ABSOLUTE
    ../clib/angel/sysapp.c                   0x00000000   Number         0  sys_exit_hlt.o ABSOLUTE
    ../clib/angel/sysapp.c                   0x00000000   Number         0  sys_wrch.o ABSOLUTE
    ../clib/angel/sysapp.c                   0x00000000   Number         0  sys_wrch_hlt.o ABSOLUTE
    ../clib/angel/sysapp.c                   0x00000000   Number         0  sys_command.o ABSOLUTE
    ../clib/angel/sysapp.c                   0x00000000   Number         0  sys_command_hlt.o ABSOLUTE
    ../clib/armsys.c                         0x00000000   Number         0  argv_veneer.o ABSOLUTE
    ../clib/armsys.c                         0x00000000   Number         0  argv_veneer.o ABSOLUTE
    ../clib/armsys.c                         0x00000000   Number         0  _get_argv_nomalloc.o ABSOLUTE
    ../clib/armsys.c                         0x00000000   Number         0  no_argv.o ABSOLUTE
    ../clib/heapalloc.c                      0x00000000   Number         0  hrguard.o ABSOLUTE
    ../clib/heapaux.c                        0x00000000   Number         0  heapauxi.o ABSOLUTE
    ../clib/libinit.s                        0x00000000   Number         0  libinit.o ABSOLUTE
    ../clib/libinit.s                        0x00000000   Number         0  libinit2.o ABSOLUTE
    ../clib/libinit.s                        0x00000000   Number         0  libshutdown.o ABSOLUTE
    ../clib/libinit.s                        0x00000000   Number         0  libshutdown2.o ABSOLUTE
    ../clib/longlong.s                       0x00000000   Number         0  lludivv7m.o ABSOLUTE
    ../clib/memcpset.s                       0x00000000   Number         0  rt_memclr_w.o ABSOLUTE
    ../clib/signal.c                         0x00000000   Number         0  defsig_fpe_outer.o ABSOLUTE
    ../clib/signal.c                         0x00000000   Number         0  defsig_fpe_formal.o ABSOLUTE
    ../clib/signal.c                         0x00000000   Number         0  defsig_exit.o ABSOLUTE
    ../clib/signal.c                         0x00000000   Number         0  defsig_fpe_inner.o ABSOLUTE
    ../clib/signal.c                         0x00000000   Number         0  __raise.o ABSOLUTE
    ../clib/signal.c                         0x00000000   Number         0  defsig_general.o ABSOLUTE
    ../clib/signal.c                         0x00000000   Number         0  defsig_abrt_inner.o ABSOLUTE
    ../clib/signal.c                         0x00000000   Number         0  defsig_rtred_inner.o ABSOLUTE
    ../clib/signal.c                         0x00000000   Number         0  defsig_rtmem_inner.o ABSOLUTE
    ../clib/signal.c                         0x00000000   Number         0  defsig_rtmem_outer.o ABSOLUTE
    ../clib/signal.c                         0x00000000   Number         0  defsig_rtmem_formal.o ABSOLUTE
    ../clib/signal.c                         0x00000000   Number         0  defsig_stak_inner.o ABSOLUTE
    ../clib/signal.c                         0x00000000   Number         0  defsig_pvfn_inner.o ABSOLUTE
    ../clib/signal.c                         0x00000000   Number         0  defsig_cppl_inner.o ABSOLUTE
    ../clib/signal.c                         0x00000000   Number         0  defsig_segv_inner.o ABSOLUTE
    ../clib/signal.c                         0x00000000   Number         0  defsig_other.o ABSOLUTE
    ../clib/signal.s                         0x00000000   Number         0  defsig.o ABSOLUTE
    ../clib/stdlib.c                         0x00000000   Number         0  exit.o ABSOLUTE
    ../fplib/fpinit.s                        0x00000000   Number         0  fpinit.o ABSOLUTE
    D:/my_project/ELECAP/MDK-ARM/startup_stm32h750xx.s 0x00000000   Number         0  startup_stm32h750xx.o ABSOLUTE
    bsp_delay.c                              0x00000000   Number         0  bsp_delay.o ABSOLUTE
    dc.s                                     0x00000000   Number         0  dc.o ABSOLUTE
    dev_lcd.c                                0x00000000   Number         0  dev_lcd.o ABSOLUTE
    main.c                                   0x00000000   Number         0  main.o ABSOLUTE
    stm32h7xx_hal.c                          0x00000000   Number         0  stm32h7xx_hal.o ABSOLUTE
    stm32h7xx_hal_cortex.c                   0x00000000   Number         0  stm32h7xx_hal_cortex.o ABSOLUTE
    stm32h7xx_hal_dma.c                      0x00000000   Number         0  stm32h7xx_hal_dma.o ABSOLUTE
    stm32h7xx_hal_dma_ex.c                   0x00000000   Number         0  stm32h7xx_hal_dma_ex.o ABSOLUTE
    stm32h7xx_hal_exti.c                     0x00000000   Number         0  stm32h7xx_hal_exti.o ABSOLUTE
    stm32h7xx_hal_flash.c                    0x00000000   Number         0  stm32h7xx_hal_flash.o ABSOLUTE
    stm32h7xx_hal_flash_ex.c                 0x00000000   Number         0  stm32h7xx_hal_flash_ex.o ABSOLUTE
    stm32h7xx_hal_gpio.c                     0x00000000   Number         0  stm32h7xx_hal_gpio.o ABSOLUTE
    stm32h7xx_hal_hsem.c                     0x00000000   Number         0  stm32h7xx_hal_hsem.o ABSOLUTE
    stm32h7xx_hal_i2c.c                      0x00000000   Number         0  stm32h7xx_hal_i2c.o ABSOLUTE
    stm32h7xx_hal_i2c_ex.c                   0x00000000   Number         0  stm32h7xx_hal_i2c_ex.o ABSOLUTE
    stm32h7xx_hal_mdma.c                     0x00000000   Number         0  stm32h7xx_hal_mdma.o ABSOLUTE
    stm32h7xx_hal_msp.c                      0x00000000   Number         0  stm32h7xx_hal_msp.o ABSOLUTE
    stm32h7xx_hal_pwr.c                      0x00000000   Number         0  stm32h7xx_hal_pwr.o ABSOLUTE
    stm32h7xx_hal_pwr_ex.c                   0x00000000   Number         0  stm32h7xx_hal_pwr_ex.o ABSOLUTE
    stm32h7xx_hal_rcc.c                      0x00000000   Number         0  stm32h7xx_hal_rcc.o ABSOLUTE
    stm32h7xx_hal_rcc_ex.c                   0x00000000   Number         0  stm32h7xx_hal_rcc_ex.o ABSOLUTE
    stm32h7xx_hal_spi.c                      0x00000000   Number         0  stm32h7xx_hal_spi.o ABSOLUTE
    stm32h7xx_hal_spi_ex.c                   0x00000000   Number         0  stm32h7xx_hal_spi_ex.o ABSOLUTE
    stm32h7xx_hal_sram.c                     0x00000000   Number         0  stm32h7xx_hal_sram.o ABSOLUTE
    stm32h7xx_hal_tim.c                      0x00000000   Number         0  stm32h7xx_hal_tim.o ABSOLUTE
    stm32h7xx_hal_tim_ex.c                   0x00000000   Number         0  stm32h7xx_hal_tim_ex.o ABSOLUTE
    stm32h7xx_hal_uart.c                     0x00000000   Number         0  stm32h7xx_hal_uart.o ABSOLUTE
    stm32h7xx_hal_uart_ex.c                  0x00000000   Number         0  stm32h7xx_hal_uart_ex.o ABSOLUTE
    stm32h7xx_it.c                           0x00000000   Number         0  stm32h7xx_it.o ABSOLUTE
    stm32h7xx_ll_fmc.c                       0x00000000   Number         0  stm32h7xx_ll_fmc.o ABSOLUTE
    system_stm32h7xx.c                       0x00000000   Number         0  system_stm32h7xx.o ABSOLUTE
    RESET                                    0x08000000   Section      664  startup_stm32h750xx.o(RESET)
    !!!main                                  0x08000298   Section        8  __main.o(!!!main)
    !!!scatter                               0x080002a0   Section       92  __scatter.o(!!!scatter)
    !!handler_copy                           0x080002fc   Section       26  __scatter_copy.o(!!handler_copy)
    !!handler_null                           0x08000318   Section        2  __scatter.o(!!handler_null)
    !!handler_zi                             0x0800031c   Section       28  __scatter_zi.o(!!handler_zi)
    .ARM.Collect$$libinit$$00000000          0x08000338   Section        2  libinit.o(.ARM.Collect$$libinit$$00000000)
    .ARM.Collect$$libinit$$00000001          0x0800033a   Section        4  libinit2.o(.ARM.Collect$$libinit$$00000001)
    .ARM.Collect$$libinit$$00000004          0x0800033e   Section        0  libinit2.o(.ARM.Collect$$libinit$$00000004)
    .ARM.Collect$$libinit$$00000006          0x0800033e   Section        0  libinit2.o(.ARM.Collect$$libinit$$00000006)
    .ARM.Collect$$libinit$$0000000C          0x0800033e   Section        0  libinit2.o(.ARM.Collect$$libinit$$0000000C)
    .ARM.Collect$$libinit$$0000000E          0x0800033e   Section        0  libinit2.o(.ARM.Collect$$libinit$$0000000E)
    .ARM.Collect$$libinit$$00000010          0x0800033e   Section        0  libinit2.o(.ARM.Collect$$libinit$$00000010)
    .ARM.Collect$$libinit$$00000013          0x0800033e   Section        0  libinit2.o(.ARM.Collect$$libinit$$00000013)
    .ARM.Collect$$libinit$$00000015          0x0800033e   Section        0  libinit2.o(.ARM.Collect$$libinit$$00000015)
    .ARM.Collect$$libinit$$00000017          0x0800033e   Section        0  libinit2.o(.ARM.Collect$$libinit$$00000017)
    .ARM.Collect$$libinit$$00000019          0x0800033e   Section        0  libinit2.o(.ARM.Collect$$libinit$$00000019)
    .ARM.Collect$$libinit$$0000001B          0x0800033e   Section        0  libinit2.o(.ARM.Collect$$libinit$$0000001B)
    .ARM.Collect$$libinit$$0000001D          0x0800033e   Section        0  libinit2.o(.ARM.Collect$$libinit$$0000001D)
    .ARM.Collect$$libinit$$0000001F          0x0800033e   Section        0  libinit2.o(.ARM.Collect$$libinit$$0000001F)
    .ARM.Collect$$libinit$$00000021          0x0800033e   Section        0  libinit2.o(.ARM.Collect$$libinit$$00000021)
    .ARM.Collect$$libinit$$00000023          0x0800033e   Section        0  libinit2.o(.ARM.Collect$$libinit$$00000023)
    .ARM.Collect$$libinit$$00000025          0x0800033e   Section        0  libinit2.o(.ARM.Collect$$libinit$$00000025)
    .ARM.Collect$$libinit$$00000027          0x0800033e   Section        0  libinit2.o(.ARM.Collect$$libinit$$00000027)
    .ARM.Collect$$libinit$$0000002E          0x0800033e   Section        0  libinit2.o(.ARM.Collect$$libinit$$0000002E)
    .ARM.Collect$$libinit$$00000030          0x0800033e   Section        0  libinit2.o(.ARM.Collect$$libinit$$00000030)
    .ARM.Collect$$libinit$$00000032          0x0800033e   Section        0  libinit2.o(.ARM.Collect$$libinit$$00000032)
    .ARM.Collect$$libinit$$00000034          0x0800033e   Section        0  libinit2.o(.ARM.Collect$$libinit$$00000034)
    .ARM.Collect$$libinit$$00000035          0x0800033e   Section        2  libinit2.o(.ARM.Collect$$libinit$$00000035)
    .ARM.Collect$$libshutdown$$00000000      0x08000340   Section        2  libshutdown.o(.ARM.Collect$$libshutdown$$00000000)
    .ARM.Collect$$libshutdown$$00000002      0x08000342   Section        0  libshutdown2.o(.ARM.Collect$$libshutdown$$00000002)
    .ARM.Collect$$libshutdown$$00000004      0x08000342   Section        0  libshutdown2.o(.ARM.Collect$$libshutdown$$00000004)
    .ARM.Collect$$libshutdown$$00000007      0x08000342   Section        0  libshutdown2.o(.ARM.Collect$$libshutdown$$00000007)
    .ARM.Collect$$libshutdown$$0000000A      0x08000342   Section        0  libshutdown2.o(.ARM.Collect$$libshutdown$$0000000A)
    .ARM.Collect$$libshutdown$$0000000C      0x08000342   Section        0  libshutdown2.o(.ARM.Collect$$libshutdown$$0000000C)
    .ARM.Collect$$libshutdown$$0000000F      0x08000342   Section        0  libshutdown2.o(.ARM.Collect$$libshutdown$$0000000F)
    .ARM.Collect$$libshutdown$$00000010      0x08000342   Section        2  libshutdown2.o(.ARM.Collect$$libshutdown$$00000010)
    .ARM.Collect$$rtentry$$00000000          0x08000344   Section        0  __rtentry.o(.ARM.Collect$$rtentry$$00000000)
    .ARM.Collect$$rtentry$$00000002          0x08000344   Section        0  __rtentry2.o(.ARM.Collect$$rtentry$$00000002)
    .ARM.Collect$$rtentry$$00000004          0x08000344   Section        6  __rtentry4.o(.ARM.Collect$$rtentry$$00000004)
    .ARM.Collect$$rtentry$$00000009          0x0800034a   Section        0  __rtentry2.o(.ARM.Collect$$rtentry$$00000009)
    .ARM.Collect$$rtentry$$0000000A          0x0800034a   Section        4  __rtentry2.o(.ARM.Collect$$rtentry$$0000000A)
    .ARM.Collect$$rtentry$$0000000C          0x0800034e   Section        0  __rtentry2.o(.ARM.Collect$$rtentry$$0000000C)
    .ARM.Collect$$rtentry$$0000000D          0x0800034e   Section        8  __rtentry2.o(.ARM.Collect$$rtentry$$0000000D)
    .ARM.Collect$$rtexit$$00000000           0x08000356   Section        2  rtexit.o(.ARM.Collect$$rtexit$$00000000)
    .ARM.Collect$$rtexit$$00000002           0x08000358   Section        0  rtexit2.o(.ARM.Collect$$rtexit$$00000002)
    .ARM.Collect$$rtexit$$00000003           0x08000358   Section        4  rtexit2.o(.ARM.Collect$$rtexit$$00000003)
    .ARM.Collect$$rtexit$$00000004           0x0800035c   Section        6  rtexit2.o(.ARM.Collect$$rtexit$$00000004)
    $v0                                      0x08000364   Number         0  startup_stm32h750xx.o(.text)
    .text                                    0x08000364   Section       64  startup_stm32h750xx.o(.text)
    .text                                    0x080003a4   Section      240  lludivv7m.o(.text)
    .text                                    0x08000494   Section       78  rt_memclr_w.o(.text)
    .text                                    0x080004e2   Section        0  heapauxi.o(.text)
    .text                                    0x080004e8   Section       74  sys_stackheap_outer.o(.text)
    .text                                    0x08000532   Section        0  exit.o(.text)
    .text                                    0x08000544   Section        8  libspace.o(.text)
    .text                                    0x0800054c   Section        0  sys_exit.o(.text)
    .text                                    0x08000558   Section        2  use_no_semi.o(.text)
    .text                                    0x0800055a   Section        0  indicate_semi.o(.text)
    [Anonymous Symbol]                       0x08000560   Section        0  stm32h7xx_it.o(.text.BusFault_Handler)
    [Anonymous Symbol]                       0x08000568   Section        0  stm32h7xx_it.o(.text.DebugMon_Handler)
    [Anonymous Symbol]                       0x08000570   Section        0  main.o(.text.Error_Handler)
    [Anonymous Symbol]                       0x08000580   Section        0  stm32h7xx_ll_fmc.o(.text.FMC_NORSRAM_Extended_Timing_Init)
    [Anonymous Symbol]                       0x080005d0   Section        0  stm32h7xx_ll_fmc.o(.text.FMC_NORSRAM_Init)
    [Anonymous Symbol]                       0x08000660   Section        0  stm32h7xx_ll_fmc.o(.text.FMC_NORSRAM_Timing_Init)
    [Anonymous Symbol]                       0x080006c0   Section        0  stm32h7xx_hal.o(.text.HAL_Delay)
    [Anonymous Symbol]                       0x080006e8   Section        0  stm32h7xx_hal_gpio.o(.text.HAL_GPIO_Init)
    [Anonymous Symbol]                       0x08000890   Section        0  stm32h7xx_hal_gpio.o(.text.HAL_GPIO_WritePin)
    [Anonymous Symbol]                       0x080008a0   Section        0  stm32h7xx_hal.o(.text.HAL_GetREVID)
    [Anonymous Symbol]                       0x080008b0   Section        0  stm32h7xx_hal.o(.text.HAL_GetTick)
    [Anonymous Symbol]                       0x080008c0   Section        0  stm32h7xx_hal.o(.text.HAL_IncTick)
    [Anonymous Symbol]                       0x080008e0   Section        0  stm32h7xx_hal.o(.text.HAL_Init)
    [Anonymous Symbol]                       0x08000948   Section        0  stm32h7xx_hal.o(.text.HAL_InitTick)
    [Anonymous Symbol]                       0x08000998   Section        0  stm32h7xx_hal_msp.o(.text.HAL_MspInit)
    [Anonymous Symbol]                       0x080009b8   Section        0  stm32h7xx_hal_cortex.o(.text.HAL_NVIC_SetPriority)
    [Anonymous Symbol]                       0x08000a18   Section        0  stm32h7xx_hal_cortex.o(.text.HAL_NVIC_SetPriorityGrouping)
    [Anonymous Symbol]                       0x08000a38   Section        0  stm32h7xx_hal_pwr_ex.o(.text.HAL_PWREx_ConfigSupply)
    [Anonymous Symbol]                       0x08000a88   Section        0  stm32h7xx_hal_rcc_ex.o(.text.HAL_RCCEx_GetD3PCLK1Freq)
    [Anonymous Symbol]                       0x08000ab0   Section        0  stm32h7xx_hal_rcc_ex.o(.text.HAL_RCCEx_GetPLL2ClockFreq)
    [Anonymous Symbol]                       0x08000be0   Section        0  stm32h7xx_hal_rcc_ex.o(.text.HAL_RCCEx_GetPLL3ClockFreq)
    [Anonymous Symbol]                       0x08000d10   Section        0  stm32h7xx_hal_rcc_ex.o(.text.HAL_RCCEx_PeriphCLKConfig)
    [Anonymous Symbol]                       0x08001820   Section        0  stm32h7xx_hal_rcc.o(.text.HAL_RCC_ClockConfig)
    [Anonymous Symbol]                       0x08001a78   Section        0  stm32h7xx_hal_rcc.o(.text.HAL_RCC_GetHCLKFreq)
    [Anonymous Symbol]                       0x08001ac8   Section        0  stm32h7xx_hal_rcc.o(.text.HAL_RCC_GetPCLK1Freq)
    [Anonymous Symbol]                       0x08001b28   Section        0  stm32h7xx_hal_rcc.o(.text.HAL_RCC_GetPCLK2Freq)
    [Anonymous Symbol]                       0x08001b88   Section        0  stm32h7xx_hal_rcc.o(.text.HAL_RCC_GetSysClockFreq)
    [Anonymous Symbol]                       0x08001ca0   Section        0  stm32h7xx_hal_rcc.o(.text.HAL_RCC_OscConfig)
    [Anonymous Symbol]                       0x08002210   Section        0  stm32h7xx_hal_spi.o(.text.HAL_SPI_Init)
    [Anonymous Symbol]                       0x080023d0   Section        0  stm32h7xx_hal_msp.o(.text.HAL_SPI_MspInit)
    [Anonymous Symbol]                       0x08002468   Section        0  stm32h7xx_hal_sram.o(.text.HAL_SRAM_Init)
    [Anonymous Symbol]                       0x080024d8   Section        0  stm32h7xx_hal_msp.o(.text.HAL_SRAM_MspInit)
    [Anonymous Symbol]                       0x080025a0   Section        0  stm32h7xx_hal_cortex.o(.text.HAL_SYSTICK_Config)
    [Anonymous Symbol]                       0x080025d0   Section        0  stm32h7xx_hal_uart_ex.o(.text.HAL_UARTEx_DisableFifoMode)
    [Anonymous Symbol]                       0x08002608   Section        0  stm32h7xx_hal_uart_ex.o(.text.HAL_UARTEx_SetRxFifoThreshold)
    [Anonymous Symbol]                       0x08002698   Section        0  stm32h7xx_hal_uart_ex.o(.text.HAL_UARTEx_SetTxFifoThreshold)
    [Anonymous Symbol]                       0x08002728   Section        0  stm32h7xx_hal_uart.o(.text.HAL_UART_Init)
    [Anonymous Symbol]                       0x08002790   Section        0  stm32h7xx_hal_msp.o(.text.HAL_UART_MspInit)
    [Anonymous Symbol]                       0x08002828   Section        0  stm32h7xx_it.o(.text.HardFault_Handler)
    [Anonymous Symbol]                       0x08002830   Section        0  dev_lcd.o(.text.LCD_DisplayOn)
    [Anonymous Symbol]                       0x080028a0   Section        0  dev_lcd.o(.text.LCD_DrawRectangle)
    [Anonymous Symbol]                       0x08002a78   Section        0  dev_lcd.o(.text.LCD_Fill)
    [Anonymous Symbol]                       0x08002ba8   Section        0  dev_lcd.o(.text.LCD_Init)
    [Anonymous Symbol]                       0x08004710   Section        0  dev_lcd.o(.text.LCD_SetCursor)
    [Anonymous Symbol]                       0x080048a8   Section        0  dev_lcd.o(.text.LCD_Set_Window)
    [Anonymous Symbol]                       0x08004be8   Section        0  stm32h7xx_it.o(.text.MemManage_Handler)
    [Anonymous Symbol]                       0x08004bf0   Section        0  stm32h7xx_it.o(.text.NMI_Handler)
    [Anonymous Symbol]                       0x08004bf8   Section        0  stm32h7xx_it.o(.text.PendSV_Handler)
    RCCEx_PLL2_Config                        0x08004c01   Thumb Code   290  stm32h7xx_hal_rcc_ex.o(.text.RCCEx_PLL2_Config)
    [Anonymous Symbol]                       0x08004c00   Section        0  stm32h7xx_hal_rcc_ex.o(.text.RCCEx_PLL2_Config)
    RCCEx_PLL3_Config                        0x08004d29   Thumb Code   290  stm32h7xx_hal_rcc_ex.o(.text.RCCEx_PLL3_Config)
    [Anonymous Symbol]                       0x08004d28   Section        0  stm32h7xx_hal_rcc_ex.o(.text.RCCEx_PLL3_Config)
    [Anonymous Symbol]                       0x08004e50   Section        0  stm32h7xx_it.o(.text.SVC_Handler)
    [Anonymous Symbol]                       0x08004e58   Section        0  stm32h7xx_it.o(.text.SysTick_Handler)
    [Anonymous Symbol]                       0x08004e60   Section        0  main.o(.text.SystemClock_Config)
    [Anonymous Symbol]                       0x08004f48   Section        0  system_stm32h7xx.o(.text.SystemInit)
    [Anonymous Symbol]                       0x08005018   Section        0  stm32h7xx_hal_uart.o(.text.UART_AdvFeatureConfig)
    [Anonymous Symbol]                       0x080050f8   Section        0  stm32h7xx_hal_uart.o(.text.UART_CheckIdleState)
    [Anonymous Symbol]                       0x08005268   Section        0  stm32h7xx_hal_uart.o(.text.UART_SetConfig)
    [Anonymous Symbol]                       0x080056f0   Section        0  stm32h7xx_hal_uart.o(.text.UART_WaitOnFlagUntilTimeout)
    [Anonymous Symbol]                       0x08005a48   Section        0  stm32h7xx_it.o(.text.UsageFault_Handler)
    [Anonymous Symbol]                       0x08005a50   Section        0  bsp_delay.o(.text.delay_ms)
    [Anonymous Symbol]                       0x08005ac0   Section        0  bsp_delay.o(.text.delay_us)
    [Anonymous Symbol]                       0x08005b18   Section        0  main.o(.text.main)
    $v0                                      0x08005d12   Number         0  fpinit.o(x$fpl$fpinit)
    x$fpl$fpinit                             0x08005d12   Section       26  fpinit.o(x$fpl$fpinit)
    .Lswitch.table.UART_SetConfig.5          0x08005d2c   Data           6  stm32h7xx_hal_uart.o(.rodata..Lswitch.table.UART_SetConfig.5)
    .Lswitch.table.UART_SetConfig.7          0x08005d32   Data           6  stm32h7xx_hal_uart.o(.rodata..Lswitch.table.UART_SetConfig.7)
    UARTEx_SetNbDataToProcess.numerator      0x08005d60   Data           8  stm32h7xx_hal_uart_ex.o(.rodata.cst8)
    [Anonymous Symbol]                       0x08005d60   Section        0  stm32h7xx_hal_uart_ex.o(.rodata.cst8)
    UARTEx_SetNbDataToProcess.denominator    0x08005d68   Data           8  stm32h7xx_hal_uart_ex.o(.rodata.cst8)
    .L_MergedGlobals                         0x24000000   Data           8  system_stm32h7xx.o(.data..L_MergedGlobals)
    [Anonymous Symbol]                       0x24000000   Section        0  system_stm32h7xx.o(.data..L_MergedGlobals)
    .L_MergedGlobals                         0x24000008   Data           8  stm32h7xx_hal.o(.data..L_MergedGlobals)
    [Anonymous Symbol]                       0x24000008   Section        0  stm32h7xx_hal.o(.data..L_MergedGlobals)
    .L_MergedGlobals                         0x24000010   Data           8  dev_lcd.o(.data..L_MergedGlobals)
    [Anonymous Symbol]                       0x24000010   Section        0  dev_lcd.o(.data..L_MergedGlobals)
    .bss                                     0x24000018   Section       96  libspace.o(.bss)
    FMC_Initialized                          0x24000078   Data           1  stm32h7xx_hal_msp.o(.bss.FMC_Initialized)
    [Anonymous Symbol]                       0x24000078   Section        0  stm32h7xx_hal_msp.o(.bss.FMC_Initialized)
    fac_us                                   0x2400007c   Data           4  bsp_delay.o(.bss.fac_us)
    [Anonymous Symbol]                       0x2400007c   Section        0  bsp_delay.o(.bss.fac_us)
    Heap_Mem                                 0x24000200   Data         512  startup_stm32h750xx.o(HEAP)
    HEAP                                     0x24000200   Section      512  startup_stm32h750xx.o(HEAP)
    Stack_Mem                                0x24000400   Data        1024  startup_stm32h750xx.o(STACK)
    STACK                                    0x24000400   Section     1024  startup_stm32h750xx.o(STACK)
    __initial_sp                             0x24000800   Data           0  startup_stm32h750xx.o(STACK)

    Global Symbols

    Symbol Name                              Value     Ov Type        Size  Object(Section)

    BuildAttributes$$THM_ISAv4$E$P$D$K$B$S$7EM$VFPv5_D16$PE$PLD8$A:L22UL41UL21$X:L11$S22US41US21$IEEE1$IW$~IW$USESV6$~STKCKD$USESV7$~SHL$OTIME$ROPI$EBA8$UX$STANDARDLIB$REQ8$PRES8$EABIv2 0x00000000   Number         0  anon$$obj.o ABSOLUTE
    __ARM_exceptions_init                     - Undefined Weak Reference
    __alloca_initialize                       - Undefined Weak Reference
    __arm_preinit_                            - Undefined Weak Reference
    __arm_relocate_pie_                       - Undefined Weak Reference
    __cpp_initialize__aeabi_                  - Undefined Weak Reference
    __cxa_finalize                            - Undefined Weak Reference
    __rt_locale                               - Undefined Weak Reference
    __sigvec_lookup                           - Undefined Weak Reference
    _atexit_init                              - Undefined Weak Reference
    _call_atexit_fns                          - Undefined Weak Reference
    _clock_init                               - Undefined Weak Reference
    _fp_trap_init                             - Undefined Weak Reference
    _fp_trap_shutdown                         - Undefined Weak Reference
    _get_lc_collate                           - Undefined Weak Reference
    _get_lc_ctype                             - Undefined Weak Reference
    _get_lc_monetary                          - Undefined Weak Reference
    _get_lc_numeric                           - Undefined Weak Reference
    _get_lc_time                              - Undefined Weak Reference
    _getenv_init                              - Undefined Weak Reference
    _handle_redirection                       - Undefined Weak Reference
    _init_alloc                               - Undefined Weak Reference
    _init_user_alloc                          - Undefined Weak Reference
    _initio                                   - Undefined Weak Reference
    _rand_init                                - Undefined Weak Reference
    _signal_finish                            - Undefined Weak Reference
    _signal_init                              - Undefined Weak Reference
    _terminate_alloc                          - Undefined Weak Reference
    _terminate_user_alloc                     - Undefined Weak Reference
    _terminateio                              - Undefined Weak Reference
    __Vectors_Size                           0x00000298   Number         0  startup_stm32h750xx.o ABSOLUTE
    __Vectors                                0x08000000   Data           4  startup_stm32h750xx.o(RESET)
    __Vectors_End                            0x08000298   Data           0  startup_stm32h750xx.o(RESET)
    __main                                   0x08000299   Thumb Code     8  __main.o(!!!main)
    __scatterload                            0x080002a1   Thumb Code     0  __scatter.o(!!!scatter)
    __scatterload_rt2                        0x080002a1   Thumb Code    84  __scatter.o(!!!scatter)
    __scatterload_rt2_thumb_only             0x080002a1   Thumb Code     0  __scatter.o(!!!scatter)
    __scatterload_loop                       0x080002ab   Thumb Code     0  __scatter.o(!!!scatter)
    __scatterload_copy                       0x080002fd   Thumb Code    26  __scatter_copy.o(!!handler_copy)
    __scatterload_null                       0x08000319   Thumb Code     2  __scatter.o(!!handler_null)
    __scatterload_zeroinit                   0x0800031d   Thumb Code    28  __scatter_zi.o(!!handler_zi)
    __rt_lib_init                            0x08000339   Thumb Code     0  libinit.o(.ARM.Collect$$libinit$$00000000)
    __rt_lib_init_fp_1                       0x0800033b   Thumb Code     0  libinit2.o(.ARM.Collect$$libinit$$00000001)
    __rt_lib_init_alloca_1                   0x0800033f   Thumb Code     0  libinit2.o(.ARM.Collect$$libinit$$00000030)
    __rt_lib_init_argv_1                     0x0800033f   Thumb Code     0  libinit2.o(.ARM.Collect$$libinit$$0000002E)
    __rt_lib_init_atexit_1                   0x0800033f   Thumb Code     0  libinit2.o(.ARM.Collect$$libinit$$0000001D)
    __rt_lib_init_clock_1                    0x0800033f   Thumb Code     0  libinit2.o(.ARM.Collect$$libinit$$00000023)
    __rt_lib_init_cpp_1                      0x0800033f   Thumb Code     0  libinit2.o(.ARM.Collect$$libinit$$00000034)
    __rt_lib_init_exceptions_1               0x0800033f   Thumb Code     0  libinit2.o(.ARM.Collect$$libinit$$00000032)
    __rt_lib_init_fp_trap_1                  0x0800033f   Thumb Code     0  libinit2.o(.ARM.Collect$$libinit$$00000021)
    __rt_lib_init_getenv_1                   0x0800033f   Thumb Code     0  libinit2.o(.ARM.Collect$$libinit$$00000025)
    __rt_lib_init_heap_1                     0x0800033f   Thumb Code     0  libinit2.o(.ARM.Collect$$libinit$$0000000C)
    __rt_lib_init_lc_collate_1               0x0800033f   Thumb Code     0  libinit2.o(.ARM.Collect$$libinit$$00000013)
    __rt_lib_init_lc_ctype_1                 0x0800033f   Thumb Code     0  libinit2.o(.ARM.Collect$$libinit$$00000015)
    __rt_lib_init_lc_monetary_1              0x0800033f   Thumb Code     0  libinit2.o(.ARM.Collect$$libinit$$00000017)
    __rt_lib_init_lc_numeric_1               0x0800033f   Thumb Code     0  libinit2.o(.ARM.Collect$$libinit$$00000019)
    __rt_lib_init_lc_time_1                  0x0800033f   Thumb Code     0  libinit2.o(.ARM.Collect$$libinit$$0000001B)
    __rt_lib_init_preinit_1                  0x0800033f   Thumb Code     0  libinit2.o(.ARM.Collect$$libinit$$00000006)
    __rt_lib_init_rand_1                     0x0800033f   Thumb Code     0  libinit2.o(.ARM.Collect$$libinit$$00000010)
    __rt_lib_init_relocate_pie_1             0x0800033f   Thumb Code     0  libinit2.o(.ARM.Collect$$libinit$$00000004)
    __rt_lib_init_return                     0x0800033f   Thumb Code     0  libinit2.o(.ARM.Collect$$libinit$$00000035)
    __rt_lib_init_signal_1                   0x0800033f   Thumb Code     0  libinit2.o(.ARM.Collect$$libinit$$0000001F)
    __rt_lib_init_stdio_1                    0x0800033f   Thumb Code     0  libinit2.o(.ARM.Collect$$libinit$$00000027)
    __rt_lib_init_user_alloc_1               0x0800033f   Thumb Code     0  libinit2.o(.ARM.Collect$$libinit$$0000000E)
    __rt_lib_shutdown                        0x08000341   Thumb Code     0  libshutdown.o(.ARM.Collect$$libshutdown$$00000000)
    __rt_lib_shutdown_cpp_1                  0x08000343   Thumb Code     0  libshutdown2.o(.ARM.Collect$$libshutdown$$00000002)
    __rt_lib_shutdown_fp_trap_1              0x08000343   Thumb Code     0  libshutdown2.o(.ARM.Collect$$libshutdown$$00000007)
    __rt_lib_shutdown_heap_1                 0x08000343   Thumb Code     0  libshutdown2.o(.ARM.Collect$$libshutdown$$0000000F)
    __rt_lib_shutdown_return                 0x08000343   Thumb Code     0  libshutdown2.o(.ARM.Collect$$libshutdown$$00000010)
    __rt_lib_shutdown_signal_1               0x08000343   Thumb Code     0  libshutdown2.o(.ARM.Collect$$libshutdown$$0000000A)
    __rt_lib_shutdown_stdio_1                0x08000343   Thumb Code     0  libshutdown2.o(.ARM.Collect$$libshutdown$$00000004)
    __rt_lib_shutdown_user_alloc_1           0x08000343   Thumb Code     0  libshutdown2.o(.ARM.Collect$$libshutdown$$0000000C)
    __rt_entry                               0x08000345   Thumb Code     0  __rtentry.o(.ARM.Collect$$rtentry$$00000000)
    __rt_entry_presh_1                       0x08000345   Thumb Code     0  __rtentry2.o(.ARM.Collect$$rtentry$$00000002)
    __rt_entry_sh                            0x08000345   Thumb Code     0  __rtentry4.o(.ARM.Collect$$rtentry$$00000004)
    __rt_entry_li                            0x0800034b   Thumb Code     0  __rtentry2.o(.ARM.Collect$$rtentry$$0000000A)
    __rt_entry_postsh_1                      0x0800034b   Thumb Code     0  __rtentry2.o(.ARM.Collect$$rtentry$$00000009)
    __rt_entry_main                          0x0800034f   Thumb Code     0  __rtentry2.o(.ARM.Collect$$rtentry$$0000000D)
    __rt_entry_postli_1                      0x0800034f   Thumb Code     0  __rtentry2.o(.ARM.Collect$$rtentry$$0000000C)
    __rt_exit                                0x08000357   Thumb Code     0  rtexit.o(.ARM.Collect$$rtexit$$00000000)
    __rt_exit_ls                             0x08000359   Thumb Code     0  rtexit2.o(.ARM.Collect$$rtexit$$00000003)
    __rt_exit_prels_1                        0x08000359   Thumb Code     0  rtexit2.o(.ARM.Collect$$rtexit$$00000002)
    __rt_exit_exit                           0x0800035d   Thumb Code     0  rtexit2.o(.ARM.Collect$$rtexit$$00000004)
    Reset_Handler                            0x08000365   Thumb Code     8  startup_stm32h750xx.o(.text)
    ADC3_IRQHandler                          0x0800037f   Thumb Code     0  startup_stm32h750xx.o(.text)
    ADC_IRQHandler                           0x0800037f   Thumb Code     0  startup_stm32h750xx.o(.text)
    BDMA_Channel0_IRQHandler                 0x0800037f   Thumb Code     0  startup_stm32h750xx.o(.text)
    BDMA_Channel1_IRQHandler                 0x0800037f   Thumb Code     0  startup_stm32h750xx.o(.text)
    BDMA_Channel2_IRQHandler                 0x0800037f   Thumb Code     0  startup_stm32h750xx.o(.text)
    BDMA_Channel3_IRQHandler                 0x0800037f   Thumb Code     0  startup_stm32h750xx.o(.text)
    BDMA_Channel4_IRQHandler                 0x0800037f   Thumb Code     0  startup_stm32h750xx.o(.text)
    BDMA_Channel5_IRQHandler                 0x0800037f   Thumb Code     0  startup_stm32h750xx.o(.text)
    BDMA_Channel6_IRQHandler                 0x0800037f   Thumb Code     0  startup_stm32h750xx.o(.text)
    BDMA_Channel7_IRQHandler                 0x0800037f   Thumb Code     0  startup_stm32h750xx.o(.text)
    CEC_IRQHandler                           0x0800037f   Thumb Code     0  startup_stm32h750xx.o(.text)
    COMP1_IRQHandler                         0x0800037f   Thumb Code     0  startup_stm32h750xx.o(.text)
    CRS_IRQHandler                           0x0800037f   Thumb Code     0  startup_stm32h750xx.o(.text)
    CRYP_IRQHandler                          0x0800037f   Thumb Code     0  startup_stm32h750xx.o(.text)
    DCMI_IRQHandler                          0x0800037f   Thumb Code     0  startup_stm32h750xx.o(.text)
    DFSDM1_FLT0_IRQHandler                   0x0800037f   Thumb Code     0  startup_stm32h750xx.o(.text)
    DFSDM1_FLT1_IRQHandler                   0x0800037f   Thumb Code     0  startup_stm32h750xx.o(.text)
    DFSDM1_FLT2_IRQHandler                   0x0800037f   Thumb Code     0  startup_stm32h750xx.o(.text)
    DFSDM1_FLT3_IRQHandler                   0x0800037f   Thumb Code     0  startup_stm32h750xx.o(.text)
    DMA1_Stream0_IRQHandler                  0x0800037f   Thumb Code     0  startup_stm32h750xx.o(.text)
    DMA1_Stream1_IRQHandler                  0x0800037f   Thumb Code     0  startup_stm32h750xx.o(.text)
    DMA1_Stream2_IRQHandler                  0x0800037f   Thumb Code     0  startup_stm32h750xx.o(.text)
    DMA1_Stream3_IRQHandler                  0x0800037f   Thumb Code     0  startup_stm32h750xx.o(.text)
    DMA1_Stream4_IRQHandler                  0x0800037f   Thumb Code     0  startup_stm32h750xx.o(.text)
    DMA1_Stream5_IRQHandler                  0x0800037f   Thumb Code     0  startup_stm32h750xx.o(.text)
    DMA1_Stream6_IRQHandler                  0x0800037f   Thumb Code     0  startup_stm32h750xx.o(.text)
    DMA1_Stream7_IRQHandler                  0x0800037f   Thumb Code     0  startup_stm32h750xx.o(.text)
    DMA2D_IRQHandler                         0x0800037f   Thumb Code     0  startup_stm32h750xx.o(.text)
    DMA2_Stream0_IRQHandler                  0x0800037f   Thumb Code     0  startup_stm32h750xx.o(.text)
    DMA2_Stream1_IRQHandler                  0x0800037f   Thumb Code     0  startup_stm32h750xx.o(.text)
    DMA2_Stream2_IRQHandler                  0x0800037f   Thumb Code     0  startup_stm32h750xx.o(.text)
    DMA2_Stream3_IRQHandler                  0x0800037f   Thumb Code     0  startup_stm32h750xx.o(.text)
    DMA2_Stream4_IRQHandler                  0x0800037f   Thumb Code     0  startup_stm32h750xx.o(.text)
    DMA2_Stream5_IRQHandler                  0x0800037f   Thumb Code     0  startup_stm32h750xx.o(.text)
    DMA2_Stream6_IRQHandler                  0x0800037f   Thumb Code     0  startup_stm32h750xx.o(.text)
    DMA2_Stream7_IRQHandler                  0x0800037f   Thumb Code     0  startup_stm32h750xx.o(.text)
    DMAMUX1_OVR_IRQHandler                   0x0800037f   Thumb Code     0  startup_stm32h750xx.o(.text)
    DMAMUX2_OVR_IRQHandler                   0x0800037f   Thumb Code     0  startup_stm32h750xx.o(.text)
    ECC_IRQHandler                           0x0800037f   Thumb Code     0  startup_stm32h750xx.o(.text)
    ETH_IRQHandler                           0x0800037f   Thumb Code     0  startup_stm32h750xx.o(.text)
    ETH_WKUP_IRQHandler                      0x0800037f   Thumb Code     0  startup_stm32h750xx.o(.text)
    EXTI0_IRQHandler                         0x0800037f   Thumb Code     0  startup_stm32h750xx.o(.text)
    EXTI15_10_IRQHandler                     0x0800037f   Thumb Code     0  startup_stm32h750xx.o(.text)
    EXTI1_IRQHandler                         0x0800037f   Thumb Code     0  startup_stm32h750xx.o(.text)
    EXTI2_IRQHandler                         0x0800037f   Thumb Code     0  startup_stm32h750xx.o(.text)
    EXTI3_IRQHandler                         0x0800037f   Thumb Code     0  startup_stm32h750xx.o(.text)
    EXTI4_IRQHandler                         0x0800037f   Thumb Code     0  startup_stm32h750xx.o(.text)
    EXTI9_5_IRQHandler                       0x0800037f   Thumb Code     0  startup_stm32h750xx.o(.text)
    FDCAN1_IT0_IRQHandler                    0x0800037f   Thumb Code     0  startup_stm32h750xx.o(.text)
    FDCAN1_IT1_IRQHandler                    0x0800037f   Thumb Code     0  startup_stm32h750xx.o(.text)
    FDCAN2_IT0_IRQHandler                    0x0800037f   Thumb Code     0  startup_stm32h750xx.o(.text)
    FDCAN2_IT1_IRQHandler                    0x0800037f   Thumb Code     0  startup_stm32h750xx.o(.text)
    FDCAN_CAL_IRQHandler                     0x0800037f   Thumb Code     0  startup_stm32h750xx.o(.text)
    FLASH_IRQHandler                         0x0800037f   Thumb Code     0  startup_stm32h750xx.o(.text)
    FMC_IRQHandler                           0x0800037f   Thumb Code     0  startup_stm32h750xx.o(.text)
    FPU_IRQHandler                           0x0800037f   Thumb Code     0  startup_stm32h750xx.o(.text)
    HASH_RNG_IRQHandler                      0x0800037f   Thumb Code     0  startup_stm32h750xx.o(.text)
    HRTIM1_FLT_IRQHandler                    0x0800037f   Thumb Code     0  startup_stm32h750xx.o(.text)
    HRTIM1_Master_IRQHandler                 0x0800037f   Thumb Code     0  startup_stm32h750xx.o(.text)
    HRTIM1_TIMA_IRQHandler                   0x0800037f   Thumb Code     0  startup_stm32h750xx.o(.text)
    HRTIM1_TIMB_IRQHandler                   0x0800037f   Thumb Code     0  startup_stm32h750xx.o(.text)
    HRTIM1_TIMC_IRQHandler                   0x0800037f   Thumb Code     0  startup_stm32h750xx.o(.text)
    HRTIM1_TIMD_IRQHandler                   0x0800037f   Thumb Code     0  startup_stm32h750xx.o(.text)
    HRTIM1_TIME_IRQHandler                   0x0800037f   Thumb Code     0  startup_stm32h750xx.o(.text)
    HSEM1_IRQHandler                         0x0800037f   Thumb Code     0  startup_stm32h750xx.o(.text)
    I2C1_ER_IRQHandler                       0x0800037f   Thumb Code     0  startup_stm32h750xx.o(.text)
    I2C1_EV_IRQHandler                       0x0800037f   Thumb Code     0  startup_stm32h750xx.o(.text)
    I2C2_ER_IRQHandler                       0x0800037f   Thumb Code     0  startup_stm32h750xx.o(.text)
    I2C2_EV_IRQHandler                       0x0800037f   Thumb Code     0  startup_stm32h750xx.o(.text)
    I2C3_ER_IRQHandler                       0x0800037f   Thumb Code     0  startup_stm32h750xx.o(.text)
    I2C3_EV_IRQHandler                       0x0800037f   Thumb Code     0  startup_stm32h750xx.o(.text)
    I2C4_ER_IRQHandler                       0x0800037f   Thumb Code     0  startup_stm32h750xx.o(.text)
    I2C4_EV_IRQHandler                       0x0800037f   Thumb Code     0  startup_stm32h750xx.o(.text)
    JPEG_IRQHandler                          0x0800037f   Thumb Code     0  startup_stm32h750xx.o(.text)
    LPTIM1_IRQHandler                        0x0800037f   Thumb Code     0  startup_stm32h750xx.o(.text)
    LPTIM2_IRQHandler                        0x0800037f   Thumb Code     0  startup_stm32h750xx.o(.text)
    LPTIM3_IRQHandler                        0x0800037f   Thumb Code     0  startup_stm32h750xx.o(.text)
    LPTIM4_IRQHandler                        0x0800037f   Thumb Code     0  startup_stm32h750xx.o(.text)
    LPTIM5_IRQHandler                        0x0800037f   Thumb Code     0  startup_stm32h750xx.o(.text)
    LPUART1_IRQHandler                       0x0800037f   Thumb Code     0  startup_stm32h750xx.o(.text)
    LTDC_ER_IRQHandler                       0x0800037f   Thumb Code     0  startup_stm32h750xx.o(.text)
    LTDC_IRQHandler                          0x0800037f   Thumb Code     0  startup_stm32h750xx.o(.text)
    MDIOS_IRQHandler                         0x0800037f   Thumb Code     0  startup_stm32h750xx.o(.text)
    MDIOS_WKUP_IRQHandler                    0x0800037f   Thumb Code     0  startup_stm32h750xx.o(.text)
    MDMA_IRQHandler                          0x0800037f   Thumb Code     0  startup_stm32h750xx.o(.text)
    OTG_FS_EP1_IN_IRQHandler                 0x0800037f   Thumb Code     0  startup_stm32h750xx.o(.text)
    OTG_FS_EP1_OUT_IRQHandler                0x0800037f   Thumb Code     0  startup_stm32h750xx.o(.text)
    OTG_FS_IRQHandler                        0x0800037f   Thumb Code     0  startup_stm32h750xx.o(.text)
    OTG_FS_WKUP_IRQHandler                   0x0800037f   Thumb Code     0  startup_stm32h750xx.o(.text)
    OTG_HS_EP1_IN_IRQHandler                 0x0800037f   Thumb Code     0  startup_stm32h750xx.o(.text)
    OTG_HS_EP1_OUT_IRQHandler                0x0800037f   Thumb Code     0  startup_stm32h750xx.o(.text)
    OTG_HS_IRQHandler                        0x0800037f   Thumb Code     0  startup_stm32h750xx.o(.text)
    OTG_HS_WKUP_IRQHandler                   0x0800037f   Thumb Code     0  startup_stm32h750xx.o(.text)
    PVD_AVD_IRQHandler                       0x0800037f   Thumb Code     0  startup_stm32h750xx.o(.text)
    QUADSPI_IRQHandler                       0x0800037f   Thumb Code     0  startup_stm32h750xx.o(.text)
    RCC_IRQHandler                           0x0800037f   Thumb Code     0  startup_stm32h750xx.o(.text)
    RTC_Alarm_IRQHandler                     0x0800037f   Thumb Code     0  startup_stm32h750xx.o(.text)
    RTC_WKUP_IRQHandler                      0x0800037f   Thumb Code     0  startup_stm32h750xx.o(.text)
    SAI1_IRQHandler                          0x0800037f   Thumb Code     0  startup_stm32h750xx.o(.text)
    SAI2_IRQHandler                          0x0800037f   Thumb Code     0  startup_stm32h750xx.o(.text)
    SAI3_IRQHandler                          0x0800037f   Thumb Code     0  startup_stm32h750xx.o(.text)
    SAI4_IRQHandler                          0x0800037f   Thumb Code     0  startup_stm32h750xx.o(.text)
    SDMMC1_IRQHandler                        0x0800037f   Thumb Code     0  startup_stm32h750xx.o(.text)
    SDMMC2_IRQHandler                        0x0800037f   Thumb Code     0  startup_stm32h750xx.o(.text)
    SPDIF_RX_IRQHandler                      0x0800037f   Thumb Code     0  startup_stm32h750xx.o(.text)
    SPI1_IRQHandler                          0x0800037f   Thumb Code     0  startup_stm32h750xx.o(.text)
    SPI2_IRQHandler                          0x0800037f   Thumb Code     0  startup_stm32h750xx.o(.text)
    SPI3_IRQHandler                          0x0800037f   Thumb Code     0  startup_stm32h750xx.o(.text)
    SPI4_IRQHandler                          0x0800037f   Thumb Code     0  startup_stm32h750xx.o(.text)
    SPI5_IRQHandler                          0x0800037f   Thumb Code     0  startup_stm32h750xx.o(.text)
    SPI6_IRQHandler                          0x0800037f   Thumb Code     0  startup_stm32h750xx.o(.text)
    SWPMI1_IRQHandler                        0x0800037f   Thumb Code     0  startup_stm32h750xx.o(.text)
    TAMP_STAMP_IRQHandler                    0x0800037f   Thumb Code     0  startup_stm32h750xx.o(.text)
    TIM15_IRQHandler                         0x0800037f   Thumb Code     0  startup_stm32h750xx.o(.text)
    TIM16_IRQHandler                         0x0800037f   Thumb Code     0  startup_stm32h750xx.o(.text)
    TIM17_IRQHandler                         0x0800037f   Thumb Code     0  startup_stm32h750xx.o(.text)
    TIM1_BRK_IRQHandler                      0x0800037f   Thumb Code     0  startup_stm32h750xx.o(.text)
    TIM1_CC_IRQHandler                       0x0800037f   Thumb Code     0  startup_stm32h750xx.o(.text)
    TIM1_TRG_COM_IRQHandler                  0x0800037f   Thumb Code     0  startup_stm32h750xx.o(.text)
    TIM1_UP_IRQHandler                       0x0800037f   Thumb Code     0  startup_stm32h750xx.o(.text)
    TIM2_IRQHandler                          0x0800037f   Thumb Code     0  startup_stm32h750xx.o(.text)
    TIM3_IRQHandler                          0x0800037f   Thumb Code     0  startup_stm32h750xx.o(.text)
    TIM4_IRQHandler                          0x0800037f   Thumb Code     0  startup_stm32h750xx.o(.text)
    TIM5_IRQHandler                          0x0800037f   Thumb Code     0  startup_stm32h750xx.o(.text)
    TIM6_DAC_IRQHandler                      0x0800037f   Thumb Code     0  startup_stm32h750xx.o(.text)
    TIM7_IRQHandler                          0x0800037f   Thumb Code     0  startup_stm32h750xx.o(.text)
    TIM8_BRK_TIM12_IRQHandler                0x0800037f   Thumb Code     0  startup_stm32h750xx.o(.text)
    TIM8_CC_IRQHandler                       0x0800037f   Thumb Code     0  startup_stm32h750xx.o(.text)
    TIM8_TRG_COM_TIM14_IRQHandler            0x0800037f   Thumb Code     0  startup_stm32h750xx.o(.text)
    TIM8_UP_TIM13_IRQHandler                 0x0800037f   Thumb Code     0  startup_stm32h750xx.o(.text)
    UART4_IRQHandler                         0x0800037f   Thumb Code     0  startup_stm32h750xx.o(.text)
    UART5_IRQHandler                         0x0800037f   Thumb Code     0  startup_stm32h750xx.o(.text)
    UART7_IRQHandler                         0x0800037f   Thumb Code     0  startup_stm32h750xx.o(.text)
    UART8_IRQHandler                         0x0800037f   Thumb Code     0  startup_stm32h750xx.o(.text)
    USART1_IRQHandler                        0x0800037f   Thumb Code     0  startup_stm32h750xx.o(.text)
    USART2_IRQHandler                        0x0800037f   Thumb Code     0  startup_stm32h750xx.o(.text)
    USART3_IRQHandler                        0x0800037f   Thumb Code     0  startup_stm32h750xx.o(.text)
    USART6_IRQHandler                        0x0800037f   Thumb Code     0  startup_stm32h750xx.o(.text)
    WAKEUP_PIN_IRQHandler                    0x0800037f   Thumb Code     0  startup_stm32h750xx.o(.text)
    WWDG_IRQHandler                          0x0800037f   Thumb Code     0  startup_stm32h750xx.o(.text)
    __user_initial_stackheap                 0x08000381   Thumb Code     0  startup_stm32h750xx.o(.text)
    __aeabi_uldivmod                         0x080003a5   Thumb Code     0  lludivv7m.o(.text)
    _ll_udiv                                 0x080003a5   Thumb Code   240  lludivv7m.o(.text)
    __aeabi_memclr4                          0x08000495   Thumb Code     0  rt_memclr_w.o(.text)
    __aeabi_memclr8                          0x08000495   Thumb Code     0  rt_memclr_w.o(.text)
    __rt_memclr_w                            0x08000495   Thumb Code     0  rt_memclr_w.o(.text)
    _memset_w                                0x08000499   Thumb Code    74  rt_memclr_w.o(.text)
    __use_two_region_memory                  0x080004e3   Thumb Code     2  heapauxi.o(.text)
    __rt_heap_escrow$2region                 0x080004e5   Thumb Code     2  heapauxi.o(.text)
    __rt_heap_expand$2region                 0x080004e7   Thumb Code     2  heapauxi.o(.text)
    __user_setup_stackheap                   0x080004e9   Thumb Code    74  sys_stackheap_outer.o(.text)
    exit                                     0x08000533   Thumb Code    18  exit.o(.text)
    __user_libspace                          0x08000545   Thumb Code     8  libspace.o(.text)
    __user_perproc_libspace                  0x08000545   Thumb Code     0  libspace.o(.text)
    __user_perthread_libspace                0x08000545   Thumb Code     0  libspace.o(.text)
    _sys_exit                                0x0800054d   Thumb Code     8  sys_exit.o(.text)
    __I$use$semihosting                      0x08000559   Thumb Code     0  use_no_semi.o(.text)
    __use_no_semihosting_swi                 0x08000559   Thumb Code     2  use_no_semi.o(.text)
    __semihosting_library_function           0x0800055b   Thumb Code     0  indicate_semi.o(.text)
    BusFault_Handler                         0x08000561   Thumb Code     2  stm32h7xx_it.o(.text.BusFault_Handler)
    DebugMon_Handler                         0x08000569   Thumb Code     2  stm32h7xx_it.o(.text.DebugMon_Handler)
    Error_Handler                            0x08000571   Thumb Code    10  main.o(.text.Error_Handler)
    FMC_NORSRAM_Extended_Timing_Init         0x08000581   Thumb Code    76  stm32h7xx_ll_fmc.o(.text.FMC_NORSRAM_Extended_Timing_Init)
    FMC_NORSRAM_Init                         0x080005d1   Thumb Code   142  stm32h7xx_ll_fmc.o(.text.FMC_NORSRAM_Init)
    FMC_NORSRAM_Timing_Init                  0x08000661   Thumb Code    96  stm32h7xx_ll_fmc.o(.text.FMC_NORSRAM_Timing_Init)
    HAL_Delay                                0x080006c1   Thumb Code    40  stm32h7xx_hal.o(.text.HAL_Delay)
    HAL_GPIO_Init                            0x080006e9   Thumb Code   422  stm32h7xx_hal_gpio.o(.text.HAL_GPIO_Init)
    HAL_GPIO_WritePin                        0x08000891   Thumb Code    10  stm32h7xx_hal_gpio.o(.text.HAL_GPIO_WritePin)
    HAL_GetREVID                             0x080008a1   Thumb Code    14  stm32h7xx_hal.o(.text.HAL_GetREVID)
    HAL_GetTick                              0x080008b1   Thumb Code    12  stm32h7xx_hal.o(.text.HAL_GetTick)
    HAL_IncTick                              0x080008c1   Thumb Code    26  stm32h7xx_hal.o(.text.HAL_IncTick)
    HAL_Init                                 0x080008e1   Thumb Code   100  stm32h7xx_hal.o(.text.HAL_Init)
    HAL_InitTick                             0x08000949   Thumb Code    80  stm32h7xx_hal.o(.text.HAL_InitTick)
    HAL_MspInit                              0x08000999   Thumb Code    32  stm32h7xx_hal_msp.o(.text.HAL_MspInit)
    HAL_NVIC_SetPriority                     0x080009b9   Thumb Code    90  stm32h7xx_hal_cortex.o(.text.HAL_NVIC_SetPriority)
    HAL_NVIC_SetPriorityGrouping             0x08000a19   Thumb Code    32  stm32h7xx_hal_cortex.o(.text.HAL_NVIC_SetPriorityGrouping)
    HAL_PWREx_ConfigSupply                   0x08000a39   Thumb Code    76  stm32h7xx_hal_pwr_ex.o(.text.HAL_PWREx_ConfigSupply)
    HAL_RCCEx_GetD3PCLK1Freq                 0x08000a89   Thumb Code    38  stm32h7xx_hal_rcc_ex.o(.text.HAL_RCCEx_GetD3PCLK1Freq)
    HAL_RCCEx_GetPLL2ClockFreq               0x08000ab1   Thumb Code   284  stm32h7xx_hal_rcc_ex.o(.text.HAL_RCCEx_GetPLL2ClockFreq)
    HAL_RCCEx_GetPLL3ClockFreq               0x08000be1   Thumb Code   284  stm32h7xx_hal_rcc_ex.o(.text.HAL_RCCEx_GetPLL3ClockFreq)
    HAL_RCCEx_PeriphCLKConfig                0x08000d11   Thumb Code  2828  stm32h7xx_hal_rcc_ex.o(.text.HAL_RCCEx_PeriphCLKConfig)
    HAL_RCC_ClockConfig                      0x08001821   Thumb Code   596  stm32h7xx_hal_rcc.o(.text.HAL_RCC_ClockConfig)
    HAL_RCC_GetHCLKFreq                      0x08001a79   Thumb Code    76  stm32h7xx_hal_rcc.o(.text.HAL_RCC_GetHCLKFreq)
    HAL_RCC_GetPCLK1Freq                     0x08001ac9   Thumb Code    96  stm32h7xx_hal_rcc.o(.text.HAL_RCC_GetPCLK1Freq)
    HAL_RCC_GetPCLK2Freq                     0x08001b29   Thumb Code    96  stm32h7xx_hal_rcc.o(.text.HAL_RCC_GetPCLK2Freq)
    HAL_RCC_GetSysClockFreq                  0x08001b89   Thumb Code   264  stm32h7xx_hal_rcc.o(.text.HAL_RCC_GetSysClockFreq)
    HAL_RCC_OscConfig                        0x08001ca1   Thumb Code  1388  stm32h7xx_hal_rcc.o(.text.HAL_RCC_OscConfig)
    HAL_SPI_Init                             0x08002211   Thumb Code   444  stm32h7xx_hal_spi.o(.text.HAL_SPI_Init)
    HAL_SPI_MspInit                          0x080023d1   Thumb Code   146  stm32h7xx_hal_msp.o(.text.HAL_SPI_MspInit)
    HAL_SRAM_Init                            0x08002469   Thumb Code   108  stm32h7xx_hal_sram.o(.text.HAL_SRAM_Init)
    HAL_SRAM_MspInit                         0x080024d9   Thumb Code   196  stm32h7xx_hal_msp.o(.text.HAL_SRAM_MspInit)
    HAL_SYSTICK_Config                       0x080025a1   Thumb Code    46  stm32h7xx_hal_cortex.o(.text.HAL_SYSTICK_Config)
    HAL_UARTEx_DisableFifoMode               0x080025d1   Thumb Code    54  stm32h7xx_hal_uart_ex.o(.text.HAL_UARTEx_DisableFifoMode)
    HAL_UARTEx_SetRxFifoThreshold            0x08002609   Thumb Code   140  stm32h7xx_hal_uart_ex.o(.text.HAL_UARTEx_SetRxFifoThreshold)
    HAL_UARTEx_SetTxFifoThreshold            0x08002699   Thumb Code   140  stm32h7xx_hal_uart_ex.o(.text.HAL_UARTEx_SetTxFifoThreshold)
    HAL_UART_Init                            0x08002729   Thumb Code   100  stm32h7xx_hal_uart.o(.text.HAL_UART_Init)
    HAL_UART_MspInit                         0x08002791   Thumb Code   148  stm32h7xx_hal_msp.o(.text.HAL_UART_MspInit)
    HardFault_Handler                        0x08002829   Thumb Code     2  stm32h7xx_it.o(.text.HardFault_Handler)
    LCD_DisplayOn                            0x08002831   Thumb Code   112  dev_lcd.o(.text.LCD_DisplayOn)
    LCD_DrawRectangle                        0x080028a1   Thumb Code   466  dev_lcd.o(.text.LCD_DrawRectangle)
    LCD_Fill                                 0x08002a79   Thumb Code   300  dev_lcd.o(.text.LCD_Fill)
    LCD_Init                                 0x08002ba9   Thumb Code  7016  dev_lcd.o(.text.LCD_Init)
    LCD_SetCursor                            0x08004711   Thumb Code   406  dev_lcd.o(.text.LCD_SetCursor)
    LCD_Set_Window                           0x080048a9   Thumb Code   832  dev_lcd.o(.text.LCD_Set_Window)
    MemManage_Handler                        0x08004be9   Thumb Code     2  stm32h7xx_it.o(.text.MemManage_Handler)
    NMI_Handler                              0x08004bf1   Thumb Code     2  stm32h7xx_it.o(.text.NMI_Handler)
    PendSV_Handler                           0x08004bf9   Thumb Code     2  stm32h7xx_it.o(.text.PendSV_Handler)
    SVC_Handler                              0x08004e51   Thumb Code     2  stm32h7xx_it.o(.text.SVC_Handler)
    SysTick_Handler                          0x08004e59   Thumb Code     4  stm32h7xx_it.o(.text.SysTick_Handler)
    SystemClock_Config                       0x08004e61   Thumb Code   228  main.o(.text.SystemClock_Config)
    SystemInit                               0x08004f49   Thumb Code   204  system_stm32h7xx.o(.text.SystemInit)
    UART_AdvFeatureConfig                    0x08005019   Thumb Code   224  stm32h7xx_hal_uart.o(.text.UART_AdvFeatureConfig)
    UART_CheckIdleState                      0x080050f9   Thumb Code   366  stm32h7xx_hal_uart.o(.text.UART_CheckIdleState)
    UART_SetConfig                           0x08005269   Thumb Code  1152  stm32h7xx_hal_uart.o(.text.UART_SetConfig)
    UART_WaitOnFlagUntilTimeout              0x080056f1   Thumb Code   856  stm32h7xx_hal_uart.o(.text.UART_WaitOnFlagUntilTimeout)
    UsageFault_Handler                       0x08005a49   Thumb Code     2  stm32h7xx_it.o(.text.UsageFault_Handler)
    delay_ms                                 0x08005a51   Thumb Code   110  bsp_delay.o(.text.delay_ms)
    delay_us                                 0x08005ac1   Thumb Code    82  bsp_delay.o(.text.delay_us)
    main                                     0x08005b19   Thumb Code   506  main.o(.text.main)
    _fp_init                                 0x08005d13   Thumb Code    26  fpinit.o(x$fpl$fpinit)
    __fplib_config_fpu_vfp                   0x08005d2b   Thumb Code     0  fpinit.o(x$fpl$fpinit)
    __fplib_config_pureend_doubles           0x08005d2b   Thumb Code     0  fpinit.o(x$fpl$fpinit)
    D1CorePrescTable                         0x08005d38   Data          16  system_stm32h7xx.o(.rodata.D1CorePrescTable)
    UARTPrescTable                           0x08005d48   Data          24  stm32h7xx_hal_uart.o(.rodata.UARTPrescTable)
    Region$$Table$$Base                      0x08005d70   Number         0  anon$$obj.o(Region$$Table)
    Region$$Table$$Limit                     0x08005d90   Number         0  anon$$obj.o(Region$$Table)
    SystemCoreClock                          0x24000000   Data           4  system_stm32h7xx.o(.data..L_MergedGlobals)
    SystemD2Clock                            0x24000004   Data           4  system_stm32h7xx.o(.data..L_MergedGlobals)
    uwTickFreq                               0x24000008   Data           1  stm32h7xx_hal.o(.data..L_MergedGlobals)
    uwTickPrio                               0x2400000c   Data           4  stm32h7xx_hal.o(.data..L_MergedGlobals)
    POINT_COLOR                              0x24000010   Data           4  dev_lcd.o(.data..L_MergedGlobals)
    BACK_COLOR                               0x24000014   Data           4  dev_lcd.o(.data..L_MergedGlobals)
    __libspace_start                         0x24000018   Data          96  libspace.o(.bss)
    __temporary_stack_top$libspace           0x24000078   Data           0  libspace.o(.bss)
    hspi1                                    0x24000080   Data         136  main.o(.bss.hspi1)
    hsram1                                   0x24000108   Data          76  main.o(.bss.hsram1)
    huart1                                   0x24000154   Data         148  main.o(.bss.huart1)
    lcddev                                   0x240001e8   Data          16  dev_lcd.o(.bss.lcddev)
    uwTick                                   0x240001f8   Data           4  stm32h7xx_hal.o(.bss.uwTick)



==============================================================================

Memory Map of the image

  Image Entry point : 0x08000299

  Load Region LR_IROM1 (Base: 0x08000000, Size: 0x00005da8, Max: 0x00020000, ABSOLUTE)

    Execution Region ER_IROM1 (Exec base: 0x08000000, Load base: 0x08000000, Size: 0x00005d90, Max: 0x00020000, ABSOLUTE)

    Exec Addr    Load Addr    Size         Type   Attr      Idx    E Section Name        Object

    0x08000000   0x08000000   0x00000298   Data   RO            3    RESET               startup_stm32h750xx.o
    0x08000298   0x08000298   0x00000008   Code   RO         1409  * !!!main             c_w.l(__main.o)
    0x080002a0   0x080002a0   0x0000005c   Code   RO         1584    !!!scatter          c_w.l(__scatter.o)
    0x080002fc   0x080002fc   0x0000001a   Code   RO         1588    !!handler_copy      c_w.l(__scatter_copy.o)
    0x08000316   0x08000316   0x00000002   PAD
    0x08000318   0x08000318   0x00000002   Code   RO         1585    !!handler_null      c_w.l(__scatter.o)
    0x0800031a   0x0800031a   0x00000002   PAD
    0x0800031c   0x0800031c   0x0000001c   Code   RO         1590    !!handler_zi        c_w.l(__scatter_zi.o)
    0x08000338   0x08000338   0x00000002   Code   RO         1446    .ARM.Collect$$libinit$$00000000  c_w.l(libinit.o)
    0x0800033a   0x0800033a   0x00000004   Code   RO         1458    .ARM.Collect$$libinit$$00000001  c_w.l(libinit2.o)
    0x0800033e   0x0800033e   0x00000000   Code   RO         1461    .ARM.Collect$$libinit$$00000004  c_w.l(libinit2.o)
    0x0800033e   0x0800033e   0x00000000   Code   RO         1463    .ARM.Collect$$libinit$$00000006  c_w.l(libinit2.o)
    0x0800033e   0x0800033e   0x00000000   Code   RO         1466    .ARM.Collect$$libinit$$0000000C  c_w.l(libinit2.o)
    0x0800033e   0x0800033e   0x00000000   Code   RO         1468    .ARM.Collect$$libinit$$0000000E  c_w.l(libinit2.o)
    0x0800033e   0x0800033e   0x00000000   Code   RO         1470    .ARM.Collect$$libinit$$00000010  c_w.l(libinit2.o)
    0x0800033e   0x0800033e   0x00000000   Code   RO         1473    .ARM.Collect$$libinit$$00000013  c_w.l(libinit2.o)
    0x0800033e   0x0800033e   0x00000000   Code   RO         1475    .ARM.Collect$$libinit$$00000015  c_w.l(libinit2.o)
    0x0800033e   0x0800033e   0x00000000   Code   RO         1477    .ARM.Collect$$libinit$$00000017  c_w.l(libinit2.o)
    0x0800033e   0x0800033e   0x00000000   Code   RO         1479    .ARM.Collect$$libinit$$00000019  c_w.l(libinit2.o)
    0x0800033e   0x0800033e   0x00000000   Code   RO         1481    .ARM.Collect$$libinit$$0000001B  c_w.l(libinit2.o)
    0x0800033e   0x0800033e   0x00000000   Code   RO         1483    .ARM.Collect$$libinit$$0000001D  c_w.l(libinit2.o)
    0x0800033e   0x0800033e   0x00000000   Code   RO         1485    .ARM.Collect$$libinit$$0000001F  c_w.l(libinit2.o)
    0x0800033e   0x0800033e   0x00000000   Code   RO         1487    .ARM.Collect$$libinit$$00000021  c_w.l(libinit2.o)
    0x0800033e   0x0800033e   0x00000000   Code   RO         1489    .ARM.Collect$$libinit$$00000023  c_w.l(libinit2.o)
    0x0800033e   0x0800033e   0x00000000   Code   RO         1491    .ARM.Collect$$libinit$$00000025  c_w.l(libinit2.o)
    0x0800033e   0x0800033e   0x00000000   Code   RO         1493    .ARM.Collect$$libinit$$00000027  c_w.l(libinit2.o)
    0x0800033e   0x0800033e   0x00000000   Code   RO         1497    .ARM.Collect$$libinit$$0000002E  c_w.l(libinit2.o)
    0x0800033e   0x0800033e   0x00000000   Code   RO         1499    .ARM.Collect$$libinit$$00000030  c_w.l(libinit2.o)
    0x0800033e   0x0800033e   0x00000000   Code   RO         1501    .ARM.Collect$$libinit$$00000032  c_w.l(libinit2.o)
    0x0800033e   0x0800033e   0x00000000   Code   RO         1503    .ARM.Collect$$libinit$$00000034  c_w.l(libinit2.o)
    0x0800033e   0x0800033e   0x00000002   Code   RO         1504    .ARM.Collect$$libinit$$00000035  c_w.l(libinit2.o)
    0x08000340   0x08000340   0x00000002   Code   RO         1539    .ARM.Collect$$libshutdown$$00000000  c_w.l(libshutdown.o)
    0x08000342   0x08000342   0x00000000   Code   RO         1567    .ARM.Collect$$libshutdown$$00000002  c_w.l(libshutdown2.o)
    0x08000342   0x08000342   0x00000000   Code   RO         1569    .ARM.Collect$$libshutdown$$00000004  c_w.l(libshutdown2.o)
    0x08000342   0x08000342   0x00000000   Code   RO         1572    .ARM.Collect$$libshutdown$$00000007  c_w.l(libshutdown2.o)
    0x08000342   0x08000342   0x00000000   Code   RO         1575    .ARM.Collect$$libshutdown$$0000000A  c_w.l(libshutdown2.o)
    0x08000342   0x08000342   0x00000000   Code   RO         1577    .ARM.Collect$$libshutdown$$0000000C  c_w.l(libshutdown2.o)
    0x08000342   0x08000342   0x00000000   Code   RO         1580    .ARM.Collect$$libshutdown$$0000000F  c_w.l(libshutdown2.o)
    0x08000342   0x08000342   0x00000002   Code   RO         1581    .ARM.Collect$$libshutdown$$00000010  c_w.l(libshutdown2.o)
    0x08000344   0x08000344   0x00000000   Code   RO         1411    .ARM.Collect$$rtentry$$00000000  c_w.l(__rtentry.o)
    0x08000344   0x08000344   0x00000000   Code   RO         1417    .ARM.Collect$$rtentry$$00000002  c_w.l(__rtentry2.o)
    0x08000344   0x08000344   0x00000006   Code   RO         1429    .ARM.Collect$$rtentry$$00000004  c_w.l(__rtentry4.o)
    0x0800034a   0x0800034a   0x00000000   Code   RO         1419    .ARM.Collect$$rtentry$$00000009  c_w.l(__rtentry2.o)
    0x0800034a   0x0800034a   0x00000004   Code   RO         1420    .ARM.Collect$$rtentry$$0000000A  c_w.l(__rtentry2.o)
    0x0800034e   0x0800034e   0x00000000   Code   RO         1422    .ARM.Collect$$rtentry$$0000000C  c_w.l(__rtentry2.o)
    0x0800034e   0x0800034e   0x00000008   Code   RO         1423    .ARM.Collect$$rtentry$$0000000D  c_w.l(__rtentry2.o)
    0x08000356   0x08000356   0x00000002   Code   RO         1450    .ARM.Collect$$rtexit$$00000000  c_w.l(rtexit.o)
    0x08000358   0x08000358   0x00000000   Code   RO         1510    .ARM.Collect$$rtexit$$00000002  c_w.l(rtexit2.o)
    0x08000358   0x08000358   0x00000004   Code   RO         1511    .ARM.Collect$$rtexit$$00000003  c_w.l(rtexit2.o)
    0x0800035c   0x0800035c   0x00000006   Code   RO         1512    .ARM.Collect$$rtexit$$00000004  c_w.l(rtexit2.o)
    0x08000362   0x08000362   0x00000002   PAD
    0x08000364   0x08000364   0x00000040   Code   RO            4    .text               startup_stm32h750xx.o
    0x080003a4   0x080003a4   0x000000f0   Code   RO         1403    .text               c_w.l(lludivv7m.o)
    0x08000494   0x08000494   0x0000004e   Code   RO         1405    .text               c_w.l(rt_memclr_w.o)
    0x080004e2   0x080004e2   0x00000006   Code   RO         1407    .text               c_w.l(heapauxi.o)
    0x080004e8   0x080004e8   0x0000004a   Code   RO         1433    .text               c_w.l(sys_stackheap_outer.o)
    0x08000532   0x08000532   0x00000012   Code   RO         1435    .text               c_w.l(exit.o)
    0x08000544   0x08000544   0x00000008   Code   RO         1447    .text               c_w.l(libspace.o)
    0x0800054c   0x0800054c   0x0000000c   Code   RO         1505    .text               c_w.l(sys_exit.o)
    0x08000558   0x08000558   0x00000002   Code   RO         1528    .text               c_w.l(use_no_semi.o)
    0x0800055a   0x0800055a   0x00000000   Code   RO         1530    .text               c_w.l(indicate_semi.o)
    0x0800055a   0x0800055a   0x00000006   PAD
    0x08000560   0x08000560   0x00000002   Code   RO           59    .text.BusFault_Handler  stm32h7xx_it.o
    0x08000562   0x08000562   0x00000006   PAD
    0x08000568   0x08000568   0x00000002   Code   RO           65    .text.DebugMon_Handler  stm32h7xx_it.o
    0x0800056a   0x0800056a   0x00000006   PAD
    0x08000570   0x08000570   0x0000000a   Code   RO           15    .text.Error_Handler  main.o
    0x0800057a   0x0800057a   0x00000006   PAD
    0x08000580   0x08000580   0x0000004c   Code   RO         1261    .text.FMC_NORSRAM_Extended_Timing_Init  stm32h7xx_ll_fmc.o
    0x080005cc   0x080005cc   0x00000004   PAD
    0x080005d0   0x080005d0   0x0000008e   Code   RO         1255    .text.FMC_NORSRAM_Init  stm32h7xx_ll_fmc.o
    0x0800065e   0x0800065e   0x00000002   PAD
    0x08000660   0x08000660   0x00000060   Code   RO         1259    .text.FMC_NORSRAM_Timing_Init  stm32h7xx_ll_fmc.o
    0x080006c0   0x080006c0   0x00000028   Code   RO          112    .text.HAL_Delay     stm32h7xx_hal.o
    0x080006e8   0x080006e8   0x000001a6   Code   RO          399    .text.HAL_GPIO_Init  stm32h7xx_hal_gpio.o
    0x0800088e   0x0800088e   0x00000002   PAD
    0x08000890   0x08000890   0x0000000a   Code   RO          405    .text.HAL_GPIO_WritePin  stm32h7xx_hal_gpio.o
    0x0800089a   0x0800089a   0x00000006   PAD
    0x080008a0   0x080008a0   0x0000000e   Code   RO          120    .text.HAL_GetREVID  stm32h7xx_hal.o
    0x080008ae   0x080008ae   0x00000002   PAD
    0x080008b0   0x080008b0   0x0000000c   Code   RO          104    .text.HAL_GetTick   stm32h7xx_hal.o
    0x080008bc   0x080008bc   0x00000004   PAD
    0x080008c0   0x080008c0   0x0000001a   Code   RO          102    .text.HAL_IncTick   stm32h7xx_hal.o
    0x080008da   0x080008da   0x00000006   PAD
    0x080008e0   0x080008e0   0x00000064   Code   RO           92    .text.HAL_Init      stm32h7xx_hal.o
    0x08000944   0x08000944   0x00000004   PAD
    0x08000948   0x08000948   0x00000050   Code   RO           94    .text.HAL_InitTick  stm32h7xx_hal.o
    0x08000998   0x08000998   0x00000020   Code   RO           29    .text.HAL_MspInit   stm32h7xx_hal_msp.o
    0x080009b8   0x080009b8   0x0000005a   Code   RO          200    .text.HAL_NVIC_SetPriority  stm32h7xx_hal_cortex.o
    0x08000a12   0x08000a12   0x00000006   PAD
    0x08000a18   0x08000a18   0x00000020   Code   RO          198    .text.HAL_NVIC_SetPriorityGrouping  stm32h7xx_hal_cortex.o
    0x08000a38   0x08000a38   0x0000004c   Code   RO          715    .text.HAL_PWREx_ConfigSupply  stm32h7xx_hal_pwr_ex.o
    0x08000a84   0x08000a84   0x00000004   PAD
    0x08000a88   0x08000a88   0x00000026   Code   RO          855    .text.HAL_RCCEx_GetD3PCLK1Freq  stm32h7xx_hal_rcc_ex.o
    0x08000aae   0x08000aae   0x00000002   PAD
    0x08000ab0   0x08000ab0   0x0000012c   Code   RO          851    .text.HAL_RCCEx_GetPLL2ClockFreq  stm32h7xx_hal_rcc_ex.o
    0x08000bdc   0x08000bdc   0x00000004   PAD
    0x08000be0   0x08000be0   0x0000012c   Code   RO          853    .text.HAL_RCCEx_GetPLL3ClockFreq  stm32h7xx_hal_rcc_ex.o
    0x08000d0c   0x08000d0c   0x00000004   PAD
    0x08000d10   0x08000d10   0x00000b0c   Code   RO          839    .text.HAL_RCCEx_PeriphCLKConfig  stm32h7xx_hal_rcc_ex.o
    0x0800181c   0x0800181c   0x00000004   PAD
    0x08001820   0x08001820   0x00000254   Code   RO          807    .text.HAL_RCC_ClockConfig  stm32h7xx_hal_rcc.o
    0x08001a74   0x08001a74   0x00000004   PAD
    0x08001a78   0x08001a78   0x0000004c   Code   RO          817    .text.HAL_RCC_GetHCLKFreq  stm32h7xx_hal_rcc.o
    0x08001ac4   0x08001ac4   0x00000004   PAD
    0x08001ac8   0x08001ac8   0x00000060   Code   RO          819    .text.HAL_RCC_GetPCLK1Freq  stm32h7xx_hal_rcc.o
    0x08001b28   0x08001b28   0x00000060   Code   RO          821    .text.HAL_RCC_GetPCLK2Freq  stm32h7xx_hal_rcc.o
    0x08001b88   0x08001b88   0x00000118   Code   RO          809    .text.HAL_RCC_GetSysClockFreq  stm32h7xx_hal_rcc.o
    0x08001ca0   0x08001ca0   0x0000056c   Code   RO          805    .text.HAL_RCC_OscConfig  stm32h7xx_hal_rcc.o
    0x0800220c   0x0800220c   0x00000004   PAD
    0x08002210   0x08002210   0x000001bc   Code   RO          903    .text.HAL_SPI_Init  stm32h7xx_hal_spi.o
    0x080023cc   0x080023cc   0x00000004   PAD
    0x080023d0   0x080023d0   0x00000092   Code   RO           31    .text.HAL_SPI_MspInit  stm32h7xx_hal_msp.o
    0x08002462   0x08002462   0x00000006   PAD
    0x08002468   0x08002468   0x0000006c   Code   RO         1019    .text.HAL_SRAM_Init  stm32h7xx_hal_sram.o
    0x080024d4   0x080024d4   0x00000004   PAD
    0x080024d8   0x080024d8   0x000000c4   Code   RO           39    .text.HAL_SRAM_MspInit  stm32h7xx_hal_msp.o
    0x0800259c   0x0800259c   0x00000004   PAD
    0x080025a0   0x080025a0   0x0000002e   Code   RO          210    .text.HAL_SYSTICK_Config  stm32h7xx_hal_cortex.o
    0x080025ce   0x080025ce   0x00000002   PAD
    0x080025d0   0x080025d0   0x00000036   Code   RO         1232    .text.HAL_UARTEx_DisableFifoMode  stm32h7xx_hal_uart_ex.o
    0x08002606   0x08002606   0x00000002   PAD
    0x08002608   0x08002608   0x0000008c   Code   RO         1236    .text.HAL_UARTEx_SetRxFifoThreshold  stm32h7xx_hal_uart_ex.o
    0x08002694   0x08002694   0x00000004   PAD
    0x08002698   0x08002698   0x0000008c   Code   RO         1234    .text.HAL_UARTEx_SetTxFifoThreshold  stm32h7xx_hal_uart_ex.o
    0x08002724   0x08002724   0x00000004   PAD
    0x08002728   0x08002728   0x00000064   Code   RO         1069    .text.HAL_UART_Init  stm32h7xx_hal_uart.o
    0x0800278c   0x0800278c   0x00000004   PAD
    0x08002790   0x08002790   0x00000094   Code   RO           35    .text.HAL_UART_MspInit  stm32h7xx_hal_msp.o
    0x08002824   0x08002824   0x00000004   PAD
    0x08002828   0x08002828   0x00000002   Code   RO           55    .text.HardFault_Handler  stm32h7xx_it.o
    0x0800282a   0x0800282a   0x00000006   PAD
    0x08002830   0x08002830   0x00000070   Code   RO         1344    .text.LCD_DisplayOn  dev_lcd.o
    0x080028a0   0x080028a0   0x000001d2   Code   RO         1366    .text.LCD_DrawRectangle  dev_lcd.o
    0x08002a72   0x08002a72   0x00000006   PAD
    0x08002a78   0x08002a78   0x0000012c   Code   RO         1360    .text.LCD_Fill      dev_lcd.o
    0x08002ba4   0x08002ba4   0x00000004   PAD
    0x08002ba8   0x08002ba8   0x00001b68   Code   RO         1352    .text.LCD_Init      dev_lcd.o
    0x08004710   0x08004710   0x00000196   Code   RO         1342    .text.LCD_SetCursor  dev_lcd.o
    0x080048a6   0x080048a6   0x00000002   PAD
    0x080048a8   0x080048a8   0x00000340   Code   RO         1350    .text.LCD_Set_Window  dev_lcd.o
    0x08004be8   0x08004be8   0x00000002   Code   RO           57    .text.MemManage_Handler  stm32h7xx_it.o
    0x08004bea   0x08004bea   0x00000006   PAD
    0x08004bf0   0x08004bf0   0x00000002   Code   RO           53    .text.NMI_Handler   stm32h7xx_it.o
    0x08004bf2   0x08004bf2   0x00000006   PAD
    0x08004bf8   0x08004bf8   0x00000002   Code   RO           67    .text.PendSV_Handler  stm32h7xx_it.o
    0x08004bfa   0x08004bfa   0x00000006   PAD
    0x08004c00   0x08004c00   0x00000122   Code   RO          841    .text.RCCEx_PLL2_Config  stm32h7xx_hal_rcc_ex.o
    0x08004d22   0x08004d22   0x00000006   PAD
    0x08004d28   0x08004d28   0x00000122   Code   RO          843    .text.RCCEx_PLL3_Config  stm32h7xx_hal_rcc_ex.o
    0x08004e4a   0x08004e4a   0x00000006   PAD
    0x08004e50   0x08004e50   0x00000002   Code   RO           63    .text.SVC_Handler   stm32h7xx_it.o
    0x08004e52   0x08004e52   0x00000006   PAD
    0x08004e58   0x08004e58   0x00000004   Code   RO           69    .text.SysTick_Handler  stm32h7xx_it.o
    0x08004e5c   0x08004e5c   0x00000004   PAD
    0x08004e60   0x08004e60   0x000000e4   Code   RO           13    .text.SystemClock_Config  main.o
    0x08004f44   0x08004f44   0x00000004   PAD
    0x08004f48   0x08004f48   0x000000cc   Code   RO           78    .text.SystemInit    system_stm32h7xx.o
    0x08005014   0x08005014   0x00000004   PAD
    0x08005018   0x08005018   0x000000e0   Code   RO         1073    .text.UART_AdvFeatureConfig  stm32h7xx_hal_uart.o
    0x080050f8   0x080050f8   0x0000016e   Code   RO         1077    .text.UART_CheckIdleState  stm32h7xx_hal_uart.o
    0x08005266   0x08005266   0x00000002   PAD
    0x08005268   0x08005268   0x00000488   Code   RO         1075    .text.UART_SetConfig  stm32h7xx_hal_uart.o
    0x080056f0   0x080056f0   0x00000358   Code   RO         1091    .text.UART_WaitOnFlagUntilTimeout  stm32h7xx_hal_uart.o
    0x08005a48   0x08005a48   0x00000002   Code   RO           61    .text.UsageFault_Handler  stm32h7xx_it.o
    0x08005a4a   0x08005a4a   0x00000006   PAD
    0x08005a50   0x08005a50   0x0000006e   Code   RO         1311    .text.delay_ms      bsp_delay.o
    0x08005abe   0x08005abe   0x00000002   PAD
    0x08005ac0   0x08005ac0   0x00000052   Code   RO         1309    .text.delay_us      bsp_delay.o
    0x08005b12   0x08005b12   0x00000006   PAD
    0x08005b18   0x08005b18   0x000001fa   Code   RO           11    .text.main          main.o
    0x08005d12   0x08005d12   0x0000001a   Code   RO         1522    x$fpl$fpinit        fz_wv.l(fpinit.o)
    0x08005d2c   0x08005d2c   0x00000006   Data   RO         1204    .rodata..Lswitch.table.UART_SetConfig.5  stm32h7xx_hal_uart.o
    0x08005d32   0x08005d32   0x00000006   Data   RO         1205    .rodata..Lswitch.table.UART_SetConfig.7  stm32h7xx_hal_uart.o
    0x08005d38   0x08005d38   0x00000010   Data   RO           82    .rodata.D1CorePrescTable  system_stm32h7xx.o
    0x08005d48   0x08005d48   0x00000018   Data   RO         1203    .rodata.UARTPrescTable  stm32h7xx_hal_uart.o
    0x08005d60   0x08005d60   0x00000010   Data   RO         1246    .rodata.cst8        stm32h7xx_hal_uart_ex.o
    0x08005d70   0x08005d70   0x00000020   Data   RO         1583    Region$$Table       anon$$obj.o


    Execution Region RW_IRAM1 (Exec base: 0x20000000, Load base: 0x08005d90, Size: 0x00000000, Max: 0x00020000, ABSOLUTE)

    **** No section assigned to this execution region ****


    Execution Region RW_IRAM2 (Exec base: 0x24000000, Load base: 0x08005d90, Size: 0x00000800, Max: 0x00080000, ABSOLUTE)

    Exec Addr    Load Addr    Size         Type   Attr      Idx    E Section Name        Object

    0x24000000   0x08005d90   0x00000008   Data   RW           83    .data..L_MergedGlobals  system_stm32h7xx.o
    0x24000008   0x08005d98   0x00000008   Data   RW          189    .data..L_MergedGlobals  stm32h7xx_hal.o
    0x24000010   0x08005da0   0x00000008   Data   RW         1393    .data..L_MergedGlobals  dev_lcd.o
    0x24000018        -       0x00000060   Zero   RW         1448    .bss                c_w.l(libspace.o)
    0x24000078        -       0x00000001   Zero   RW           43    .bss.FMC_Initialized  stm32h7xx_hal_msp.o
    0x24000079   0x08005da8   0x00000003   PAD
    0x2400007c        -       0x00000004   Zero   RW         1313    .bss.fac_us         bsp_delay.o
    0x24000080        -       0x00000088   Zero   RW           17    .bss.hspi1          main.o
    0x24000108        -       0x0000004c   Zero   RW           19    .bss.hsram1         main.o
    0x24000154        -       0x00000094   Zero   RW           18    .bss.huart1         main.o
    0x240001e8        -       0x00000010   Zero   RW         1392    .bss.lcddev         dev_lcd.o
    0x240001f8        -       0x00000004   Zero   RW          188    .bss.uwTick         stm32h7xx_hal.o
    0x240001fc   0x08005da8   0x00000004   PAD
    0x24000200        -       0x00000200   Zero   RW            2    HEAP                startup_stm32h750xx.o
    0x24000400        -       0x00000400   Zero   RW            1    STACK               startup_stm32h750xx.o


==============================================================================

Image component sizes


      Code (inc. data)   RO Data    RW Data    ZI Data      Debug   Object Name

       192          0          0          0          4       2241   bsp_delay.o
      9132          0          0          8         16      73193   dev_lcd.o
       744          0          0          0        360      13320   main.o
        64         26        664          0       1536        888   startup_stm32h750xx.o
       272          0          0          8          4      15170   stm32h7xx_hal.o
       168          0          0          0          0      12615   stm32h7xx_hal_cortex.o
       432          0          0          0          0       7057   stm32h7xx_hal_gpio.o
       522          0          0          0          1      13930   stm32h7xx_hal_msp.o
        76          0          0          0          0      10707   stm32h7xx_hal_pwr_ex.o
      2532         16          0          0          0      11772   stm32h7xx_hal_rcc.o
      4046        142          0          0          0      19970   stm32h7xx_hal_rcc_ex.o
       444          0          0          0          0      23473   stm32h7xx_hal_spi.o
       108          0          0          0          0      13903   stm32h7xx_hal_sram.o
      2706        332         36          0          0      43189   stm32h7xx_hal_uart.o
       334          0         16          0          0      11590   stm32h7xx_hal_uart_ex.o
        20          0          0          0          0       1179   stm32h7xx_it.o
       314          0          0          0          0       9249   stm32h7xx_ll_fmc.o
       204          0         16          8          0       5960   system_stm32h7xx.o

    ----------------------------------------------------------------------
     22514        524        764         24       1928     289406   Object Totals
         0          0         32          0          0          0   (incl. Generated)
       204          8          0          0          7          0   (incl. Padding)

    ----------------------------------------------------------------------

      Code (inc. data)   RO Data    RW Data    ZI Data      Debug   Library Member Name

         8          0          0          0          0         68   __main.o
         0          0          0          0          0          0   __rtentry.o
        12          0          0          0          0          0   __rtentry2.o
         6          0          0          0          0          0   __rtentry4.o
        94          8          0          0          0          0   __scatter.o
        26          0          0          0          0          0   __scatter_copy.o
        28          0          0          0          0          0   __scatter_zi.o
        18          0          0          0          0         80   exit.o
         6          0          0          0          0        152   heapauxi.o
         0          0          0          0          0          0   indicate_semi.o
         2          0          0          0          0          0   libinit.o
         6          0          0          0          0          0   libinit2.o
         2          0          0          0          0          0   libshutdown.o
         2          0          0          0          0          0   libshutdown2.o
         8          4          0          0         96         68   libspace.o
       240          0          0          0          0        100   lludivv7m.o
        78          0          0          0          0         80   rt_memclr_w.o
         2          0          0          0          0          0   rtexit.o
        10          0          0          0          0          0   rtexit2.o
        12          4          0          0          0         68   sys_exit.o
        74          0          0          0          0         80   sys_stackheap_outer.o
         2          0          0          0          0         68   use_no_semi.o
        26          0          0          0          0        116   fpinit.o

    ----------------------------------------------------------------------
       674         16          0          0         96        880   Library Totals
        12          0          0          0          0          0   (incl. Padding)

    ----------------------------------------------------------------------

      Code (inc. data)   RO Data    RW Data    ZI Data      Debug   Library Name

       636         16          0          0         96        764   c_w.l
        26          0          0          0          0        116   fz_wv.l

    ----------------------------------------------------------------------
       674         16          0          0         96        880   Library Totals

    ----------------------------------------------------------------------

==============================================================================


      Code (inc. data)   RO Data    RW Data    ZI Data      Debug   

     23188        540        764         24       2024     289774   Grand Totals
     23188        540        764         24       2024     289774   ELF Image Totals
     23188        540        764         24          0          0   ROM Totals

==============================================================================

    Total RO  Size (Code + RO Data)                23952 (  23.39kB)
    Total RW  Size (RW Data + ZI Data)              2048 (   2.00kB)
    Total ROM Size (Code + RO Data + RW Data)      23976 (  23.41kB)

==============================================================================

