Component: Arm Compiler for Embedded 6.22 Tool: armlink [5ee90200]

==============================================================================

Section Cross References

    startup_stm32h750xx.o(RESET) refers to startup_stm32h750xx.o(STACK) for __initial_sp
    startup_stm32h750xx.o(RESET) refers to startup_stm32h750xx.o(.text) for Reset_Handler
    startup_stm32h750xx.o(RESET) refers to stm32h7xx_it.o(.text.NMI_Handler) for NMI_Handler
    startup_stm32h750xx.o(RESET) refers to stm32h7xx_it.o(.text.HardFault_Handler) for HardFault_Handler
    startup_stm32h750xx.o(RESET) refers to stm32h7xx_it.o(.text.MemManage_Handler) for MemManage_Handler
    startup_stm32h750xx.o(RESET) refers to stm32h7xx_it.o(.text.BusFault_Handler) for BusFault_Handler
    startup_stm32h750xx.o(RESET) refers to stm32h7xx_it.o(.text.UsageFault_Handler) for UsageFault_Handler
    startup_stm32h750xx.o(RESET) refers to stm32h7xx_it.o(.text.SVC_Handler) for SVC_Handler
    startup_stm32h750xx.o(RESET) refers to stm32h7xx_it.o(.text.DebugMon_Handler) for DebugMon_Handler
    startup_stm32h750xx.o(RESET) refers to stm32h7xx_it.o(.text.PendSV_Handler) for PendSV_Handler
    startup_stm32h750xx.o(RESET) refers to stm32h7xx_it.o(.text.SysTick_Handler) for SysTick_Handler
    startup_stm32h750xx.o(RESET) refers to stm32h7xx_it.o(.text.DMA1_Stream0_IRQHandler) for DMA1_Stream0_IRQHandler
    startup_stm32h750xx.o(RESET) refers to stm32h7xx_it.o(.text.DMA1_Stream1_IRQHandler) for DMA1_Stream1_IRQHandler
    startup_stm32h750xx.o(RESET) refers to stm32h7xx_it.o(.text.DMA1_Stream2_IRQHandler) for DMA1_Stream2_IRQHandler
    startup_stm32h750xx.o(RESET) refers to touch.o(.text.EXTI9_5_IRQHandler) for EXTI9_5_IRQHandler
    startup_stm32h750xx.o(RESET) refers to stm32h7xx_it.o(.text.TIM8_UP_TIM13_IRQHandler) for TIM8_UP_TIM13_IRQHandler
    startup_stm32h750xx.o(RESET) refers to stm32h7xx_it.o(.text.DMAMUX1_OVR_IRQHandler) for DMAMUX1_OVR_IRQHandler
    startup_stm32h750xx.o(.text) refers to system_stm32h7xx.o(.text.SystemInit) for SystemInit
    startup_stm32h750xx.o(.text) refers to entry.o(.ARM.Collect$$$$00000000) for __main
    main.o(.text.main) refers to stm32h7xx_hal_cortex.o(.text.HAL_MPU_Disable) for HAL_MPU_Disable
    main.o(.text.main) refers to stm32h7xx_hal_cortex.o(.text.HAL_MPU_ConfigRegion) for HAL_MPU_ConfigRegion
    main.o(.text.main) refers to stm32h7xx_hal_cortex.o(.text.HAL_MPU_Enable) for HAL_MPU_Enable
    main.o(.text.main) refers to stm32h7xx_hal.o(.text.HAL_Init) for HAL_Init
    main.o(.text.main) refers to main.o(.text.SystemClock_Config) for SystemClock_Config
    main.o(.text.main) refers to memseta.o(.text) for __aeabi_memclr8
    main.o(.text.main) refers to stm32h7xx_hal_rcc_ex.o(.text.HAL_RCCEx_PeriphCLKConfig) for HAL_RCCEx_PeriphCLKConfig
    main.o(.text.main) refers to bsp_delay.o(.text.SysTick_clkconfig) for SysTick_clkconfig
    main.o(.text.main) refers to gpio.o(.text.MX_GPIO_Init) for MX_GPIO_Init
    main.o(.text.main) refers to dma.o(.text.MX_DMA_Init) for MX_DMA_Init
    main.o(.text.main) refers to fmc.o(.text.MX_FMC_Init) for MX_FMC_Init
    main.o(.text.main) refers to usart.o(.text.MX_USART1_UART_Init) for MX_USART1_UART_Init
    main.o(.text.main) refers to adc.o(.text.MX_ADC1_Init) for MX_ADC1_Init
    main.o(.text.main) refers to tim.o(.text.MX_TIM6_Init) for MX_TIM6_Init
    main.o(.text.main) refers to adc.o(.text.MX_ADC2_Init) for MX_ADC2_Init
    main.o(.text.main) refers to dac.o(.text.MX_DAC1_Init) for MX_DAC1_Init
    main.o(.text.main) refers to usart.o(.text.MX_USART2_UART_Init) for MX_USART2_UART_Init
    main.o(.text.main) refers to i2c.o(.text.MX_I2C1_Init) for MX_I2C1_Init
    main.o(.text.main) refers to tim.o(.text.MX_TIM7_Init) for MX_TIM7_Init
    main.o(.text.main) refers to tim.o(.text.MX_TIM13_Init) for MX_TIM13_Init
    main.o(.text.main) refers to tim.o(.text.MX_TIM15_Init) for MX_TIM15_Init
    main.o(.text.main) refers to ad9959.o(.text.ad9959_init) for ad9959_init
    main.o(.text.main) refers to tim.o(.bss.htim15) for htim15
    main.o(.text.main) refers to stm32h7xx_hal_tim.o(.text.HAL_TIM_Base_Start) for HAL_TIM_Base_Start
    main.o(.text.main) refers to tim.o(.bss.htim13) for htim13
    main.o(.text.main) refers to stm32h7xx_hal_tim.o(.text.HAL_TIM_Base_Start_IT) for HAL_TIM_Base_Start_IT
    main.o(.text.main) refers to waveg.o(.text.initWaveG) for initWaveG
    main.o(.text.main) refers to stm32h7xx_hal.o(.text.HAL_Delay) for HAL_Delay
    main.o(.text.main) refers to dev_lcd.o(.text.LCD_Init) for LCD_Init
    main.o(.text.main) refers to touch.o(.data..L_MergedGlobals) for tp_dev
    main.o(.text.main) refers to pipline.o(.text.graphInit) for graphInit
    main.o(.text.main) refers to touchevent.o(.bss..L_MergedGlobals) for touchingParam
    main.o(.text.main) refers to pipline.o(.text.nextGraphic) for nextGraphic
    main.o(.text.main) refers to keyevent.o(.text.keyEvent) for keyEvent
[...]
    HRTIM1_TIMB_IRQHandler                   0x080002c7   Thumb Code     0  startup_stm32h750xx.o(.text)
    HRTIM1_TIMC_IRQHandler                   0x080002c7   Thumb Code     0  startup_stm32h750xx.o(.text)
    HRTIM1_TIMD_IRQHandler                   0x080002c7   Thumb Code     0  startup_stm32h750xx.o(.text)
    HRTIM1_TIME_IRQHandler                   0x080002c7   Thumb Code     0  startup_stm32h750xx.o(.text)
    HSEM1_IRQHandler                         0x080002c7   Thumb Code     0  startup_stm32h750xx.o(.text)
    I2C1_ER_IRQHandler                       0x080002c7   Thumb Code     0  startup_stm32h750xx.o(.text)
    I2C1_EV_IRQHandler                       0x080002c7   Thumb Code     0  startup_stm32h750xx.o(.text)
    I2C2_ER_IRQHandler                       0x080002c7   Thumb Code     0  startup_stm32h750xx.o(.text)
    I2C2_EV_IRQHandler                       0x080002c7   Thumb Code     0  startup_stm32h750xx.o(.text)
    I2C3_ER_IRQHandler                       0x080002c7   Thumb Code     0  startup_stm32h750xx.o(.text)
    I2C3_EV_IRQHandler                       0x080002c7   Thumb Code     0  startup_stm32h750xx.o(.text)
    I2C4_ER_IRQHandler                       0x080002c7   Thumb Code     0  startup_stm32h750xx.o(.text)
    I2C4_EV_IRQHandler                       0x080002c7   Thumb Code     0  startup_stm32h750xx.o(.text)
    JPEG_IRQHandler                          0x080002c7   Thumb Code     0  startup_stm32h750xx.o(.text)
    LPTIM1_IRQHandler                        0x080002c7   Thumb Code     0  startup_stm32h750xx.o(.text)
    LPTIM2_IRQHandler                        0x080002c7   Thumb Code     0  startup_stm32h750xx.o(.text)
    LPTIM3_IRQHandler                        0x080002c7   Thumb Code     0  startup_stm32h750xx.o(.text)
    LPTIM4_IRQHandler                        0x080002c7   Thumb Code     0  startup_stm32h750xx.o(.text)
    LPTIM5_IRQHandler                        0x080002c7   Thumb Code     0  startup_stm32h750xx.o(.text)
    LPUART1_IRQHandler                       0x080002c7   Thumb Code     0  startup_stm32h750xx.o(.text)
    LTDC_ER_IRQHandler                       0x080002c7   Thumb Code     0  startup_stm32h750xx.o(.text)
    LTDC_IRQHandler                          0x080002c7   Thumb Code     0  startup_stm32h750xx.o(.text)
    MDIOS_IRQHandler                         0x080002c7   Thumb Code     0  startup_stm32h750xx.o(.text)
    MDIOS_WKUP_IRQHandler                    0x080002c7   Thumb Code     0  startup_stm32h750xx.o(.text)
    MDMA_IRQHandler                          0x080002c7   Thumb Code     0  startup_stm32h750xx.o(.text)
    OTG_FS_EP1_IN_IRQHandler                 0x080002c7   Thumb Code     0  startup_stm32h750xx.o(.text)
    OTG_FS_EP1_OUT_IRQHandler                0x080002c7   Thumb Code     0  startup_stm32h750xx.o(.text)
    OTG_FS_IRQHandler                        0x080002c7   Thumb Code     0  startup_stm32h750xx.o(.text)
    OTG_FS_WKUP_IRQHandler                   0x080002c7   Thumb Code     0  startup_stm32h750xx.o(.text)
    OTG_HS_EP1_IN_IRQHandler                 0x080002c7   Thumb Code     0  startup_stm32h750xx.o(.text)
    OTG_HS_EP1_OUT_IRQHandler                0x080002c7   Thumb Code     0  startup_stm32h750xx.o(.text)
    OTG_HS_IRQHandler                        0x080002c7   Thumb Code     0  startup_stm32h750xx.o(.text)
    OTG_HS_WKUP_IRQHandler                   0x080002c7   Thumb Code     0  startup_stm32h750xx.o(.text)
    PVD_AVD_IRQHandler                       0x080002c7   Thumb Code     0  startup_stm32h750xx.o(.text)
    QUADSPI_IRQHandler                       0x080002c7   Thumb Code     0  startup_stm32h750xx.o(.text)
    RCC_IRQHandler                           0x080002c7   Thumb Code     0  startup_stm32h750xx.o(.text)
    RTC_Alarm_IRQHandler                     0x080002c7   Thumb Code     0  startup_stm32h750xx.o(.text)
    RTC_WKUP_IRQHandler                      0x080002c7   Thumb Code     0  startup_stm32h750xx.o(.text)
    SAI1_IRQHandler                          0x080002c7   Thumb Code     0  startup_stm32h750xx.o(.text)
    SAI2_IRQHandler                          0x080002c7   Thumb Code     0  startup_stm32h750xx.o(.text)
    SAI3_IRQHandler                          0x080002c7   Thumb Code     0  startup_stm32h750xx.o(.text)
    SAI4_IRQHandler                          0x080002c7   Thumb Code     0  startup_stm32h750xx.o(.text)
    SDMMC1_IRQHandler                        0x080002c7   Thumb Code     0  startup_stm32h750xx.o(.text)
    SDMMC2_IRQHandler                        0x080002c7   Thumb Code     0  startup_stm32h750xx.o(.text)
    SPDIF_RX_IRQHandler                      0x080002c7   Thumb Code     0  startup_stm32h750xx.o(.text)
    SPI1_IRQHandler                          0x080002c7   Thumb Code     0  startup_stm32h750xx.o(.text)
    SPI2_IRQHandler                          0x080002c7   Thumb Code     0  startup_stm32h750xx.o(.text)
    SPI3_IRQHandler                          0x080002c7   Thumb Code     0  startup_stm32h750xx.o(.text)
    SPI4_IRQHandler                          0x080002c7   Thumb Code     0  startup_stm32h750xx.o(.text)
    SPI5_IRQHandler                          0x080002c7   Thumb Code     0  startup_stm32h750xx.o(.text)
    SPI6_IRQHandler                          0x080002c7   Thumb Code     0  startup_stm32h750xx.o(.text)
    SWPMI1_IRQHandler                        0x080002c7   Thumb Code     0  startup_stm32h750xx.o(.text)
    TAMP_STAMP_IRQHandler                    0x080002c7   Thumb Code     0  startup_stm32h750xx.o(.text)
    TIM15_IRQHandler                         0x080002c7   Thumb Code     0  startup_stm32h750xx.o(.text)
    TIM16_IRQHandler                         0x080002c7   Thumb Code     0  startup_stm32h750xx.o(.text)
    TIM17_IRQHandler                         0x080002c7   Thumb Code     0  startup_stm32h750xx.o(.text)
    TIM1_BRK_IRQHandler                      0x080002c7   Thumb Code     0  startup_stm32h750xx.o(.text)
    TIM1_CC_IRQHandler                       0x080002c7   Thumb Code     0  startup_stm32h750xx.o(.text)
    TIM1_TRG_COM_IRQHandler                  0x080002c7   Thumb Code     0  startup_stm32h750xx.o(.text)
    TIM1_UP_IRQHandler                       0x080002c7   Thumb Code     0  startup_stm32h750xx.o(.text)
    TIM2_IRQHandler                          0x080002c7   Thumb Code     0  startup_stm32h750xx.o(.text)
    TIM3_IRQHandler                          0x080002c7   Thumb Code     0  startup_stm32h750xx.o(.text)
    TIM4_IRQHandler                          0x080002c7   Thumb Code     0  startup_stm32h750xx.o(.text)
    TIM5_IRQHandler                          0x080002c7   Thumb Code     0  startup_stm32h750xx.o(.text)
    TIM6_DAC_IRQHandler                      0x080002c7   Thumb Code     0  startup_stm32h750xx.o(.text)
    TIM7_IRQHandler                          0x080002c7   Thumb Code     0  startup_stm32h750xx.o(.text)
    TIM8_BRK_TIM12_IRQHandler                0x080002c7   Thumb Code     0  startup_stm32h750xx.o(.text)
    TIM8_CC_IRQHandler                       0x080002c7   Thumb Code     0  startup_stm32h750xx.o(.text)
    TIM8_TRG_COM_TIM14_IRQHandler            0x080002c7   Thumb Code     0  startup_stm32h750xx.o(.text)
    UART4_IRQHandler                         0x080002c7   Thumb Code     0  startup_stm32h750xx.o(.text)
    UART5_IRQHandler                         0x080002c7   Thumb Code     0  startup_stm32h750xx.o(.text)
    UART7_IRQHandler                         0x080002c7   Thumb Code     0  startup_stm32h750xx.o(.text)
    UART8_IRQHandler                         0x080002c7   Thumb Code     0  startup_stm32h750xx.o(.text)
    USART1_IRQHandler                        0x080002c7   Thumb Code     0  startup_stm32h750xx.o(.text)
    USART2_IRQHandler                        0x080002c7   Thumb Code     0  startup_stm32h750xx.o(.text)
    USART3_IRQHandler                        0x080002c7   Thumb Code     0  startup_stm32h750xx.o(.text)
    USART6_IRQHandler                        0x080002c7   Thumb Code     0  startup_stm32h750xx.o(.text)
    WAKEUP_PIN_IRQHandler                    0x080002c7   Thumb Code     0  startup_stm32h750xx.o(.text)
    WWDG_IRQHandler                          0x080002c7   Thumb Code     0  startup_stm32h750xx.o(.text)
    __aeabi_uldivmod                         0x080002d1   Thumb Code    98  uldiv.o(.text)
    __aeabi_memset                           0x08000333   Thumb Code    14  memseta.o(.text)
    __aeabi_memset4                          0x08000333   Thumb Code     0  memseta.o(.text)
    __aeabi_memset8                          0x08000333   Thumb Code     0  memseta.o(.text)
    __aeabi_memclr                           0x08000341   Thumb Code     4  memseta.o(.text)
    __aeabi_memclr4                          0x08000341   Thumb Code     0  memseta.o(.text)
    __aeabi_memclr8                          0x08000341   Thumb Code     0  memseta.o(.text)
    _memset$wrapper                          0x08000345   Thumb Code    18  memseta.o(.text)
    __aeabi_uidiv                            0x08000357   Thumb Code     0  uidiv.o(.text)
    __aeabi_uidivmod                         0x08000357   Thumb Code    44  uidiv.o(.text)
    __aeabi_llsl                             0x08000383   Thumb Code    30  llshl.o(.text)
    _ll_shift_l                              0x08000383   Thumb Code     0  llshl.o(.text)
    __aeabi_llsr                             0x080003a1   Thumb Code    32  llushr.o(.text)
    _ll_ushift_r                             0x080003a1   Thumb Code     0  llushr.o(.text)
    __I$use$fp                               0x080003c1   Thumb Code     0  iusefp.o(.text)
    __aeabi_dadd                             0x080003c1   Thumb Code   322  dadd.o(.text)
    __aeabi_dsub                             0x08000503   Thumb Code     6  dadd.o(.text)
    __aeabi_drsub                            0x08000509   Thumb Code     6  dadd.o(.text)
    __aeabi_dmul                             0x0800050f   Thumb Code   228  dmul.o(.text)
    __aeabi_ddiv                             0x080005f3   Thumb Code   222  ddiv.o(.text)
    __aeabi_d2ulz                            0x080006d1   Thumb Code    48  dfixul.o(.text)
    __aeabi_cdrcmple                         0x08000701   Thumb Code    48  cdrcmple.o(.text)
    __scatterload                            0x08000731   Thumb Code    38  init.o(.text)
    __scatterload_rt2                        0x08000731   Thumb Code     0  init.o(.text)
    __aeabi_lasr                             0x08000761   Thumb Code    36  llsshr.o(.text)
    _ll_sshift_r                             0x08000761   Thumb Code     0  llsshr.o(.text)
    _double_round                            0x08000785   Thumb Code    30  depilogue.o(.text)
    _double_epilogue                         0x080007a3   Thumb Code   156  depilogue.o(.text)
    ADC_ConfigureBoostMode                   0x08000841   Thumb Code   300  stm32h7xx_hal_adc.o(.text.ADC_ConfigureBoostMode)
    BusFault_Handler                         0x08000971   Thumb Code     2  stm32h7xx_it.o(.text.BusFault_Handler)
    CT_IIC_Init                              0x08000979   Thumb Code    98  ctiic.o(.text.CT_IIC_Init)
    CT_IIC_Read_Byte                         0x080009e1   Thumb Code   554  ctiic.o(.text.CT_IIC_Read_Byte)
    CT_IIC_Send_Byte                         0x08000c11   Thumb Code   440  ctiic.o(.text.CT_IIC_Send_Byte)
    CT_IIC_Start                             0x08000dc9   Thumb Code    82  ctiic.o(.text.CT_IIC_Start)
    CT_IIC_Stop                              0x08000e21   Thumb Code    82  ctiic.o(.text.CT_IIC_Stop)
    CT_IIC_Wait_Ack                          0x08000e79   Thumb Code   174  ctiic.o(.text.CT_IIC_Wait_Ack)
    DAC_DMAConvCpltCh1                       0x08000f29   Thumb Code    16  stm32h7xx_hal_dac.o(.text.DAC_DMAConvCpltCh1)
    DAC_DMAConvCpltCh2                       0x08000f39   Thumb Code    16  stm32h7xx_hal_dac_ex.o(.text.DAC_DMAConvCpltCh2)
    DAC_DMAErrorCh1                          0x08000f49   Thumb Code    24  stm32h7xx_hal_dac.o(.text.DAC_DMAErrorCh1)
    DAC_DMAErrorCh2                          0x08000f61   Thumb Code    24  stm32h7xx_hal_dac_ex.o(.text.DAC_DMAErrorCh2)
    DAC_DMAHalfConvCpltCh1                   0x08000f79   Thumb Code     6  stm32h7xx_hal_dac.o(.text.DAC_DMAHalfConvCpltCh1)
    DAC_DMAHalfConvCpltCh2                   0x08000f81   Thumb Code     6  stm32h7xx_hal_dac_ex.o(.text.DAC_DMAHalfConvCpltCh2)
    DDS_Init                                 0x08000f89   Thumb Code    94  dds.o(.text.DDS_Init)
    DMA1_Stream0_IRQHandler                  0x08000fe9   Thumb Code  4278  stm32h7xx_it.o(.text.DMA1_Stream0_IRQHandler)
    DMA1_Stream1_IRQHandler                  0x080020a1   Thumb Code  3782  stm32h7xx_it.o(.text.DMA1_Stream1_IRQHandler)
    DMA1_Stream2_IRQHandler                  0x08002f69   Thumb Code  3782  stm32h7xx_it.o(.text.DMA1_Stream2_IRQHandler)
    DMAMUX1_OVR_IRQHandler                   0x08003e31   Thumb Code    12  stm32h7xx_it.o(.text.DMAMUX1_OVR_IRQHandler)
    DebugMon_Handler                         0x08004271   Thumb Code     2  stm32h7xx_it.o(.text.DebugMon_Handler)
    EXTI9_5_IRQHandler                       0x08004279   Thumb Code     8  touch.o(.text.EXTI9_5_IRQHandler)
    Error_Handler                            0x08004281   Thumb Code    10  main.o(.text.Error_Handler)
    FMC_NORSRAM_Extended_Timing_Init         0x08004291   Thumb Code    76  stm32h7xx_ll_fmc.o(.text.FMC_NORSRAM_Extended_Timing_Init)
    FMC_NORSRAM_Init                         0x080042e1   Thumb Code   142  stm32h7xx_ll_fmc.o(.text.FMC_NORSRAM_Init)
    FMC_NORSRAM_Timing_Init                  0x08004371   Thumb Code    96  stm32h7xx_ll_fmc.o(.text.FMC_NORSRAM_Timing_Init)
    FT5206_Init                              0x080043d1   Thumb Code   348  ft5206.o(.text.FT5206_Init)
    FT5206_RD_Reg                            0x08004531   Thumb Code    80  ft5206.o(.text.FT5206_RD_Reg)
    FT5206_Scan                              0x08004581   Thumb Code   440  ft5206.o(.text.FT5206_Scan)
    HAL_ADCEx_MultiModeConfigChannel         0x08004739   Thumb Code   176  stm32h7xx_hal_adc_ex.o(.text.HAL_ADCEx_MultiModeConfigChannel)
    HAL_ADC_ConfigChannel                    0x080047e9   Thumb Code   968  stm32h7xx_hal_adc.o(.text.HAL_ADC_ConfigChannel)
    HAL_ADC_Init                             0x08004bb1   Thumb Code   598  stm32h7xx_hal_adc.o(.text.HAL_ADC_Init)
    HAL_ADC_MspInit                          0x08004e09   Thumb Code   402  adc.o(.text.HAL_ADC_MspInit)
    HAL_DACEx_ConvCpltCallbackCh2            0x08004fa1   Thumb Code     2  stm32h7xx_hal_dac_ex.o(.text.HAL_DACEx_ConvCpltCallbackCh2)
    HAL_DACEx_ConvHalfCpltCallbackCh2        0x08004fa9   Thumb Code     2  stm32h7xx_hal_dac_ex.o(.text.HAL_DACEx_ConvHalfCpltCallbackCh2)
    HAL_DACEx_ErrorCallbackCh2               0x08004fb1   Thumb Code     2  stm32h7xx_hal_dac_ex.o(.text.HAL_DACEx_ErrorCallbackCh2)
    HAL_DACEx_TriangleWaveGenerate           0x08004fb9   Thumb Code    72  stm32h7xx_hal_dac_ex.o(.text.HAL_DACEx_TriangleWaveGenerate)
    HAL_DAC_ConfigChannel                    0x08005001   Thumb Code   372  stm32h7xx_hal_dac.o(.text.HAL_DAC_ConfigChannel)
    HAL_DAC_ConvCpltCallbackCh1              0x08005179   Thumb Code     2  stm32h7xx_hal_dac.o(.text.HAL_DAC_ConvCpltCallbackCh1)
    HAL_DAC_ConvHalfCpltCallbackCh1          0x08005181   Thumb Code     2  stm32h7xx_hal_dac.o(.text.HAL_DAC_ConvHalfCpltCallbackCh1)
    HAL_DAC_ErrorCallbackCh1                 0x08005189   Thumb Code     2  stm32h7xx_hal_dac.o(.text.HAL_DAC_ErrorCallbackCh1)
    HAL_DAC_Init                             0x08005191   Thumb Code    44  stm32h7xx_hal_dac.o(.text.HAL_DAC_Init)
    HAL_DAC_MspInit                          0x080051c1   Thumb Code   176  dac.o(.text.HAL_DAC_MspInit)
    HAL_DAC_Start_DMA                        0x08005271   Thumb Code   240  stm32h7xx_hal_dac.o(.text.HAL_DAC_Start_DMA)
    HAL_DAC_Stop_DMA                         0x08005361   Thumb Code    92  stm32h7xx_hal_dac.o(.text.HAL_DAC_Stop_DMA)
    HAL_DMAEx_ConfigMuxSync                  0x080053c1   Thumb Code   120  stm32h7xx_hal_dma_ex.o(.text.HAL_DMAEx_ConfigMuxSync)
    HAL_DMAEx_MUX_IRQHandler                 0x08005439   Thumb Code    94  stm32h7xx_hal_dma_ex.o(.text.HAL_DMAEx_MUX_IRQHandler)
    HAL_DMA_Abort                            0x08005499   Thumb Code  1318  stm32h7xx_hal_dma.o(.text.HAL_DMA_Abort)
    HAL_DMA_Init                             0x080059c1   Thumb Code  1630  stm32h7xx_hal_dma.o(.text.HAL_DMA_Init)
    HAL_DMA_Start_IT                         0x08006021   Thumb Code   938  stm32h7xx_hal_dma.o(.text.HAL_DMA_Start_IT)
    HAL_Delay                                0x080063d1   Thumb Code    40  stm32h7xx_hal.o(.text.HAL_Delay)
    HAL_GPIO_EXTI_Callback                   0x080063f9   Thumb Code    36  touch.o(.text.HAL_GPIO_EXTI_Callback)
    HAL_GPIO_EXTI_IRQHandler                 0x08006421   Thumb Code    20  stm32h7xx_hal_gpio.o(.text.HAL_GPIO_EXTI_IRQHandler)
    HAL_GPIO_Init                            0x08006439   Thumb Code   422  stm32h7xx_hal_gpio.o(.text.HAL_GPIO_Init)
    HAL_GPIO_ReadPin                         0x080065e1   Thumb Code    10  stm32h7xx_hal_gpio.o(.text.HAL_GPIO_ReadPin)
    HAL_GPIO_WritePin                        0x080065f1   Thumb Code    10  stm32h7xx_hal_gpio.o(.text.HAL_GPIO_WritePin)
    HAL_GetREVID                             0x08006601   Thumb Code    14  stm32h7xx_hal.o(.text.HAL_GetREVID)
    HAL_GetTick                              0x08006611   Thumb Code    12  stm32h7xx_hal.o(.text.HAL_GetTick)
    HAL_I2CEx_ConfigAnalogFilter             0x08006621   Thumb Code    74  stm32h7xx_hal_i2c_ex.o(.text.HAL_I2CEx_ConfigAnalogFilter)
    HAL_I2CEx_ConfigDigitalFilter            0x08006671   Thumb Code    72  stm32h7xx_hal_i2c_ex.o(.text.HAL_I2CEx_ConfigDigitalFilter)
    HAL_I2C_Init                             0x080066b9   Thumb Code   176  stm32h7xx_hal_i2c.o(.text.HAL_I2C_Init)
    HAL_I2C_MspInit                          0x08006769   Thumb Code   146  i2c.o(.text.HAL_I2C_MspInit)
    HAL_IncTick                              0x08006801   Thumb Code    26  stm32h7xx_hal.o(.text.HAL_IncTick)
    HAL_Init                                 0x08006821   Thumb Code   100  stm32h7xx_hal.o(.text.HAL_Init)
    HAL_InitTick                             0x08006889   Thumb Code    80  stm32h7xx_hal.o(.text.HAL_InitTick)
    HAL_MPU_ConfigRegion                     0x080068d9   Thumb Code    94  stm32h7xx_hal_cortex.o(.text.HAL_MPU_ConfigRegion)
    HAL_MPU_Disable                          0x08006939   Thumb Code    26  stm32h7xx_hal_cortex.o(.text.HAL_MPU_Disable)
    HAL_MPU_Enable                           0x08006959   Thumb Code    32  stm32h7xx_hal_cortex.o(.text.HAL_MPU_Enable)
    HAL_MspInit                              0x08006979   Thumb Code    70  stm32h7xx_hal_msp.o(.text.HAL_MspInit)
    HAL_NVIC_EnableIRQ                       0x080069c1   Thumb Code    34  stm32h7xx_hal_cortex.o(.text.HAL_NVIC_EnableIRQ)
    HAL_NVIC_SetPriority                     0x080069e9   Thumb Code    90  stm32h7xx_hal_cortex.o(.text.HAL_NVIC_SetPriority)
    HAL_NVIC_SetPriorityGrouping             0x08006a49   Thumb Code    32  stm32h7xx_hal_cortex.o(.text.HAL_NVIC_SetPriorityGrouping)
    HAL_PWREx_ConfigSupply                   0x08006a69   Thumb Code    76  stm32h7xx_hal_pwr_ex.o(.text.HAL_PWREx_ConfigSupply)
    HAL_RCCEx_GetD3PCLK1Freq                 0x08006ab9   Thumb Code    38  stm32h7xx_hal_rcc_ex.o(.text.HAL_RCCEx_GetD3PCLK1Freq)
    HAL_RCCEx_GetPLL1ClockFreq               0x08006ae1   Thumb Code   292  stm32h7xx_hal_rcc_ex.o(.text.HAL_RCCEx_GetPLL1ClockFreq)
    HAL_RCCEx_GetPLL2ClockFreq               0x08006c19   Thumb Code   284  stm32h7xx_hal_rcc_ex.o(.text.HAL_RCCEx_GetPLL2ClockFreq)
    HAL_RCCEx_GetPLL3ClockFreq               0x08006d49   Thumb Code   284  stm32h7xx_hal_rcc_ex.o(.text.HAL_RCCEx_GetPLL3ClockFreq)
    HAL_RCCEx_GetPeriphCLKFreq               0x08006e79   Thumb Code  1022  stm32h7xx_hal_rcc_ex.o(.text.HAL_RCCEx_GetPeriphCLKFreq)
    HAL_RCCEx_PeriphCLKConfig                0x08007279   Thumb Code  2828  stm32h7xx_hal_rcc_ex.o(.text.HAL_RCCEx_PeriphCLKConfig)
    HAL_RCC_ClockConfig                      0x08007d89   Thumb Code   596  stm32h7xx_hal_rcc.o(.text.HAL_RCC_ClockConfig)
    HAL_RCC_GetHCLKFreq                      0x08007fe1   Thumb Code    76  stm32h7xx_hal_rcc.o(.text.HAL_RCC_GetHCLKFreq)
    HAL_RCC_GetPCLK1Freq                     0x08008031   Thumb Code    96  stm32h7xx_hal_rcc.o(.text.HAL_RCC_GetPCLK1Freq)
    HAL_RCC_GetPCLK2Freq                     0x08008091   Thumb Code    96  stm32h7xx_hal_rcc.o(.text.HAL_RCC_GetPCLK2Freq)
    HAL_RCC_GetSysClockFreq                  0x080080f1   Thumb Code   264  stm32h7xx_hal_rcc.o(.text.HAL_RCC_GetSysClockFreq)
    HAL_RCC_OscConfig                        0x08008209   Thumb Code  1388  stm32h7xx_hal_rcc.o(.text.HAL_RCC_OscConfig)
    HAL_SRAM_Init                            0x08008779   Thumb Code   108  stm32h7xx_hal_sram.o(.text.HAL_SRAM_Init)
    HAL_SRAM_MspInit                         0x080087e9   Thumb Code   212  fmc.o(.text.HAL_SRAM_MspInit)
    HAL_SYSCFG_EnableVREFBUF                 0x080088c1   Thumb Code    48  stm32h7xx_hal.o(.text.HAL_SYSCFG_EnableVREFBUF)
    HAL_SYSCFG_VREFBUF_HighImpedanceConfig   0x080088f1   Thumb Code    20  stm32h7xx_hal.o(.text.HAL_SYSCFG_VREFBUF_HighImpedanceConfig)
    HAL_SYSCFG_VREFBUF_VoltageScalingConfig  0x08008909   Thumb Code    20  stm32h7xx_hal.o(.text.HAL_SYSCFG_VREFBUF_VoltageScalingConfig)
    HAL_SYSTICK_CLKSourceConfig              0x08008921   Thumb Code    24  stm32h7xx_hal_cortex.o(.text.HAL_SYSTICK_CLKSourceConfig)
    HAL_SYSTICK_Config                       0x08008939   Thumb Code    46  stm32h7xx_hal_cortex.o(.text.HAL_SYSTICK_Config)
    HAL_TIMEx_MasterConfigSynchronization    0x08008969   Thumb Code   206  stm32h7xx_hal_tim_ex.o(.text.HAL_TIMEx_MasterConfigSynchronization)
    HAL_TIM_Base_Init                        0x08008a39   Thumb Code    96  stm32h7xx_hal_tim.o(.text.HAL_TIM_Base_Init)
    HAL_TIM_Base_MspInit                     0x08008a99   Thumb Code   152  tim.o(.text.HAL_TIM_Base_MspInit)
    HAL_TIM_Base_Start                       0x08008b31   Thumb Code   172  stm32h7xx_hal_tim.o(.text.HAL_TIM_Base_Start)
    HAL_TIM_Base_Start_IT                    0x08008be1   Thumb Code   180  stm32h7xx_hal_tim.o(.text.HAL_TIM_Base_Start_IT)
    HAL_TIM_IC_ConfigChannel                 0x08008c99   Thumb Code   462  stm32h7xx_hal_tim.o(.text.HAL_TIM_IC_ConfigChannel)
    HAL_TIM_IC_Init                          0x08008e69   Thumb Code    96  stm32h7xx_hal_tim.o(.text.HAL_TIM_IC_Init)
    HAL_TIM_IC_MspInit                       0x08008ec9   Thumb Code   114  tim.o(.text.HAL_TIM_IC_MspInit)
    HAL_UARTEx_DisableFifoMode               0x08008f41   Thumb Code    54  stm32h7xx_hal_uart_ex.o(.text.HAL_UARTEx_DisableFifoMode)
    HAL_UARTEx_SetRxFifoThreshold            0x08008f79   Thumb Code   140  stm32h7xx_hal_uart_ex.o(.text.HAL_UARTEx_SetRxFifoThreshold)
    HAL_UARTEx_SetTxFifoThreshold            0x08009009   Thumb Code   140  stm32h7xx_hal_uart_ex.o(.text.HAL_UARTEx_SetTxFifoThreshold)
    HAL_UART_Init                            0x08009099   Thumb Code   100  stm32h7xx_hal_uart.o(.text.HAL_UART_Init)
    HAL_UART_MspInit                         0x08009101   Thumb Code   220  usart.o(.text.HAL_UART_MspInit)
    HardFault_Handler                        0x080091e1   Thumb Code     2  stm32h7xx_it.o(.text.HardFault_Handler)
    LCD_Fill                                 0x080091e9   Thumb Code   300  dev_lcd.o(.text.LCD_Fill)
    LCD_Init                                 0x08009319   Thumb Code  7016  dev_lcd.o(.text.LCD_Init)
    LCD_SetCursor                            0x0800ae81   Thumb Code   406  dev_lcd.o(.text.LCD_SetCursor)
    LCD_Set_Window                           0x0800b019   Thumb Code   832  dev_lcd.o(.text.LCD_Set_Window)
    LCD_WriteRAM_Prepare                     0x0800b359   Thumb Code    22  dev_lcd.o(.text.LCD_WriteRAM_Prepare)
    MX_ADC1_Init                             0x0800b371   Thumb Code   178  adc.o(.text.MX_ADC1_Init)
    MX_ADC2_Init                             0x0800b429   Thumb Code   136  adc.o(.text.MX_ADC2_Init)
    MX_DAC1_Init                             0x0800b4b1   Thumb Code   126  dac.o(.text.MX_DAC1_Init)
    MX_DMA_Init                              0x0800b531   Thumb Code   100  dma.o(.text.MX_DMA_Init)
    MX_FMC_Init                              0x0800b599   Thumb Code   138  fmc.o(.text.MX_FMC_Init)
    MX_GPIO_Init                             0x0800b629   Thumb Code   198  gpio.o(.text.MX_GPIO_Init)
    MX_I2C1_Init                             0x0800b6f1   Thumb Code   106  i2c.o(.text.MX_I2C1_Init)
    MX_TIM13_Init                            0x0800b761   Thumb Code    58  tim.o(.text.MX_TIM13_Init)
    MX_TIM15_Init                            0x0800b7a1   Thumb Code   144  tim.o(.text.MX_TIM15_Init)
    MX_TIM6_Init                             0x0800b831   Thumb Code    80  tim.o(.text.MX_TIM6_Init)
    MX_TIM7_Init                             0x0800b881   Thumb Code    80  tim.o(.text.MX_TIM7_Init)
    MX_USART1_UART_Init                      0x0800b8d1   Thumb Code   124  usart.o(.text.MX_USART1_UART_Init)
    MX_USART2_UART_Init                      0x0800b951   Thumb Code   124  usart.o(.text.MX_USART2_UART_Init)
    MemManage_Handler                        0x0800b9d1   Thumb Code     2  stm32h7xx_it.o(.text.MemManage_Handler)
    NMI_Handler                              0x0800b9d9   Thumb Code     2  stm32h7xx_it.o(.text.NMI_Handler)
    PendSV_Handler                           0x0800b9e1   Thumb Code     2  stm32h7xx_it.o(.text.PendSV_Handler)
    SVC_Handler                              0x0800bc39   Thumb Code     2  stm32h7xx_it.o(.text.SVC_Handler)
    SysTick_Handler                          0x0800bc41   Thumb Code     4  stm32h7xx_it.o(.text.SysTick_Handler)
    SysTick_clkconfig                        0x0800bc49   Thumb Code    22  bsp_delay.o(.text.SysTick_clkconfig)
    SystemClock_Config                       0x0800bc61   Thumb Code   316  main.o(.text.SystemClock_Config)
    SystemInit                               0x0800bda1   Thumb Code   204  system_stm32h7xx.o(.text.SystemInit)
    TIM8_UP_TIM13_IRQHandler                 0x0800be71   Thumb Code    36  stm32h7xx_it.o(.text.TIM8_UP_TIM13_IRQHandler)
    TIM_Base_SetConfig                       0x0800be99   Thumb Code   344  stm32h7xx_hal_tim.o(.text.TIM_Base_SetConfig)
    TP_GPIO_Init                             0x0800bff1   Thumb Code   158  touch.o(.text.TP_GPIO_Init)
    TP_Init                                  0x0800c091   Thumb Code   196  touch.o(.text.TP_Init)
    UART_AdvFeatureConfig                    0x0800c159   Thumb Code   224  stm32h7xx_hal_uart.o(.text.UART_AdvFeatureConfig)
    UART_CheckIdleState                      0x0800c239   Thumb Code   366  stm32h7xx_hal_uart.o(.text.UART_CheckIdleState)
    UART_SetConfig                           0x0800c3a9   Thumb Code  1144  stm32h7xx_hal_uart.o(.text.UART_SetConfig)
    UART_WaitOnFlagUntilTimeout              0x0800c829   Thumb Code   856  stm32h7xx_hal_uart.o(.text.UART_WaitOnFlagUntilTimeout)
    UsageFault_Handler                       0x0800cb81   Thumb Code     2  stm32h7xx_it.o(.text.UsageFault_Handler)
    ad9959_init                              0x0800cb89   Thumb Code   556  ad9959.o(.text.ad9959_init)
    ad9959_io_init                           0x0800cdb9   Thumb Code   142  ad9959.o(.text.ad9959_io_init)
    ad9959_io_update                         0x0800ce49   Thumb Code    44  ad9959.o(.text.ad9959_io_update)
    ad9959_write_amplitude                   0x0800ce79   Thumb Code    58  ad9959.o(.text.ad9959_write_amplitude)
    ad9959_write_data                        0x0800ceb9   Thumb Code   636  ad9959.o(.text.ad9959_write_data)
    ad9959_write_frequency                   0x0800d139   Thumb Code    88  ad9959.o(.text.ad9959_write_frequency)
    ad9959_write_phase                       0x0800d199   Thumb Code    54  ad9959.o(.text.ad9959_write_phase)
    addEvent                                 0x0800d1d1   Thumb Code    24  event.o(.text.addEvent)
    addTouchEvent                            0x0800d1e9   Thumb Code   180  touchevent.o(.text.addTouchEvent)
    ampButtonClick                           0x0800d2a1   Thumb Code   148  userinterface.o(.text.ampButtonClick)
    ampButtonShader                          0x0800d339   Thumb Code    68  userinterface.o(.text.ampButtonShader)
    approachColorDiv                         0x0800d389   Thumb Code   154  interface.o(.text.approachColorDiv)
    backgroundShader                         0x0800d429   Thumb Code    26  uisample.o(.text.backgroundShader)
    backgroundUI                             0x0800d449   Thumb Code    42  uisample.o(.text.backgroundUI)
    buttonOnClick                            0x0800d479   Thumb Code    60  uibutton.o(.text.buttonOnClick)
    buttonOnUpdate                           0x0800d4c9   Thumb Code    38  uibutton.o(.text.buttonOnUpdate)
    buttonShader                             0x0800d4f1   Thumb Code    66  uibutton.o(.text.buttonShader)
    buttonUI                                 0x0800d539   Thumb Code   132  uibutton.o(.text.buttonUI)
    cacheCenterBlock                         0x0800d5c1   Thumb Code    82  interface.o(.text.cacheCenterBlock)
    cacheCenterRec                           0x0800d619   Thumb Code   138  interface.o(.text.cacheCenterRec)
    cacheCenterString                        0x0800d6a9   Thumb Code   336  interface.o(.text.cacheCenterString)
    cacheChar                                0x0800d7f9   Thumb Code   852  interface.o(.text.cacheChar)
    cacheLine                                0x0800db51   Thumb Code  1218  interface.o(.text.cacheLine)
    cacheRec                                 0x0800e019   Thumb Code    82  interface.o(.text.cacheRec)
    cacheRoundedRecBackground                0x0800e071   Thumb Code   702  interface.o(.text.cacheRoundedRecBackground)
    cacheString                              0x0800e331   Thumb Code   114  interface.o(.text.cacheString)
    channelButtonClick                       0x0800e3a9   Thumb Code   214  userinterface.o(.text.channelButtonClick)
    channelButtonShader                      0x0800e481   Thumb Code   100  userinterface.o(.text.channelButtonShader)
    debugShader                              0x0800e509   Thumb Code   344  uisample.o(.text.debugShader)
    debugUI                                  0x0800e6b1   Thumb Code    28  uisample.o(.text.debugUI)
    delay_ms                                 0x0800e6d1   Thumb Code   110  bsp_delay.o(.text.delay_ms)
    delay_us                                 0x0800e741   Thumb Code    82  bsp_delay.o(.text.delay_us)
    dequeueEvent                             0x0800e799   Thumb Code    24  event.o(.text.dequeueEvent)
    drawTransparentPoint                     0x0800e7b1   Thumb Code   308  interface.o(.text.drawTransparentPoint)
    eventInit                                0x0800e8e9   Thumb Code    16  event.o(.text.eventInit)
    floatingMessage                          0x0800e8f9   Thumb Code    96  uifloatingwindow.o(.text.floatingMessage)
    floatingOnFoldingUpdate                  0x0800e959   Thumb Code   350  uifloatingwindow.o(.text.floatingOnFoldingUpdate)
    floatingShader                           0x0800eab9   Thumb Code    78  uifloatingwindow.o(.text.floatingShader)
    flotingUI                                0x0800eb09   Thumb Code    92  uifloatingwindow.o(.text.flotingUI)
    freqButtonClick                          0x0800eb69   Thumb Code   160  userinterface.o(.text.freqButtonClick)
    freqButtonShader                         0x0800ec09   Thumb Code    84  userinterface.o(.text.freqButtonShader)
    generageWave                             0x0800ec69   Thumb Code  1972  waveg.o(.text.generageWave)
    getHead                                  0x0800f429   Thumb Code    12  uiobject.o(.text.getHead)
    getKeyBind                               0x0800f439   Thumb Code    14  pipline.o(.text.getKeyBind)
    getRow                                   0x0800f449   Thumb Code    84  interface.o(.text.getRow)
    getUIobject                              0x0800f4a1   Thumb Code    48  uiobject.o(.text.getUIobject)
    get_DDS                                  0x0800f4d1   Thumb Code   110  dds.o(.text.get_DDS)
    graphInit                                0x0800f541   Thumb Code   488  pipline.o(.text.graphInit)
    haveEvent                                0x0800f729   Thumb Code    24  event.o(.text.haveEvent)
    headInit                                 0x0800f741   Thumb Code    58  uiobject.o(.text.headInit)
    initWaveG                                0x0800f781   Thumb Code    76  waveg.o(.text.initWaveG)
    keyEvent                                 0x0800f7d1   Thumb Code   386  keyevent.o(.text.keyEvent)
    main                                     0x0800f959   Thumb Code   698  main.o(.text.main)
    nextGraphic                              0x0800fc19   Thumb Code   740  pipline.o(.text.nextGraphic)
    onWaitingUpdate                          0x0800ff01   Thumb Code    44  uifloatingwindow.o(.text.onWaitingUpdate)
    phaseButtonClick                         0x0800ff31   Thumb Code   148  userinterface.o(.text.phaseButtonClick)
    phaseButtonShader                        0x0800ffc9   Thumb Code    68  userinterface.o(.text.phaseButtonShader)
    priorityInsert                           0x08010019   Thumb Code   118  uiobject.o(.text.priorityInsert)
    processEvent                             0x08010091   Thumb Code   628  pipline.o(.text.processEvent)
    releaseKeyBind                           0x08010309   Thumb Code    14  pipline.o(.text.releaseKeyBind)
    resetColorList                           0x08010319   Thumb Code    44  interface.o(.text.resetColorList)
    set_amp                                  0x08010349   Thumb Code    24  dds.o(.text.set_amp)
    set_freq                                 0x08010361   Thumb Code    22  dds.o(.text.set_freq)
    set_phase                                0x08010379   Thumb Code    24  dds.o(.text.set_phase)
    shadeCursor                              0x08010391   Thumb Code   486  shadecursor.o(.text.shadeCursor)
    updateChild                              0x08010579   Thumb Code    50  pipline.o(.text.updateChild)
    userInterface                            0x080105b1   Thumb Code   298  userinterface.o(.text.userInterface)
    __0sprintf                               0x080106dd   Thumb Code    34  printfa.o(i.__0sprintf)
    __1sprintf                               0x080106dd   Thumb Code     0  printfa.o(i.__0sprintf)
    __2sprintf                               0x080106dd   Thumb Code     0  printfa.o(i.__0sprintf)
    __c89sprintf                             0x080106dd   Thumb Code     0  printfa.o(i.__0sprintf)
    sprintf                                  0x080106dd   Thumb Code     0  printfa.o(i.__0sprintf)
    __ARM_fpclassifyf                        0x08010705   Thumb Code    38  fpclassifyf.o(i.__ARM_fpclassifyf)
    __hardfp_sinf                            0x0801072d   Thumb Code   344  sinf.o(i.__hardfp_sinf)
    __mathlib_flt_infnan                     0x080108bd   Thumb Code     6  funder.o(i.__mathlib_flt_infnan)
    __mathlib_flt_invalid                    0x080108c5   Thumb Code    10  funder.o(i.__mathlib_flt_invalid)
    __mathlib_flt_underflow                  0x080108d5   Thumb Code    10  funder.o(i.__mathlib_flt_underflow)
    __mathlib_rredf2                         0x080108e5   Thumb Code   316  rredf.o(i.__mathlib_rredf2)
    __scatterload_copy                       0x08010a39   Thumb Code    14  handlers.o(i.__scatterload_copy)
    __scatterload_null                       0x08010a47   Thumb Code     2  handlers.o(i.__scatterload_null)
    __scatterload_zeroinit                   0x08010a49   Thumb Code    14  handlers.o(i.__scatterload_zeroinit)
    __set_errno                              0x08010a59   Thumb Code     6  errno.o(i.__set_errno)
    malloc                                   0x08011321   Thumb Code    92  malloc.o(i.malloc)
    D1CorePrescTable                         0x08011430   Data          16  system_stm32h7xx.o(.rodata.D1CorePrescTable)
    FT5206_TPX_TBL                           0x08011440   Data          10  ft5206.o(.rodata.FT5206_TPX_TBL)
    UARTPrescTable                           0x0801144a   Data          24  stm32h7xx_hal_uart.o(.rodata.UARTPrescTable)
    asc2_1206                                0x08011462   Data        1140  dev_lcd.o(.rodata.asc2_1206)
    asc2_1608                                0x080118d6   Data        1520  dev_lcd.o(.rodata.asc2_1608)
    asc2_2412                                0x08011ec6   Data        3420  dev_lcd.o(.rodata.asc2_2412)
    asc2_3216                                0x08012c22   Data       12160  dev_lcd.o(.rodata.asc2_3216)
    Region$$Table$$Base                      0x08015bb4   Number         0  anon$$obj.o(Region$$Table)
    Region$$Table$$Limit                     0x08015bd4   Number         0  anon$$obj.o(Region$$Table)
    __microlib_freelist                      0x24000000   Data           4  mvars.o(.data)
    __microlib_freelist_initialised          0x24000004   Data           4  mvars.o(.data)
    uwTickFreq                               0x2400000c   Data           1  stm32h7xx_hal.o(.data..L_MergedGlobals)
    uwTickPrio                               0x24000010   Data           4  stm32h7xx_hal.o(.data..L_MergedGlobals)
    SystemCoreClock                          0x24000014   Data           4  system_stm32h7xx.o(.data..L_MergedGlobals)
    SystemD2Clock                            0x24000018   Data           4  system_stm32h7xx.o(.data..L_MergedGlobals)
    CMD_RDX                                  0x2400001c   Data           1  touch.o(.data..L_MergedGlobals)
    CMD_RDY                                  0x2400001d   Data           1  touch.o(.data..L_MergedGlobals)
    higth                                    0x2400001e   Data           1  touch.o(.data..L_MergedGlobals)
    Time                                     0x24000020   Data           2  touch.o(.data..L_MergedGlobals)
    FLASH_LEN                                0x24000024   Data           4  touch.o(.data..L_MergedGlobals)
    tp_dev                                   0x24000028   Data          76  touch.o(.data..L_MergedGlobals)
    FR2_DATA                                 0x24000074   Data           2  ad9959.o(.data.FR2_DATA)
    colorLength                              0x24000076   Data           2  interface.o(.data.colorLength)
    deltaT                                   0x24000078   Data           4  pipline.o(.data.deltaT)
    selectChannel                            0x2400007c   Data           1  userinterface.o(.data.selectChannel)
    hdma_adc1                                0x24000084   Data         120  adc.o(.bss..L_MergedGlobals)
    frameCache                               0x240000fc   Data           4  pipline.o(.bss..L_MergedGlobals)
    frameCacheMatrix                         0x24000100   Data           4  pipline.o(.bss..L_MergedGlobals)
    cursor                                   0x24000104   Data           4  pipline.o(.bss..L_MergedGlobals)
    ifLastEventTouch                         0x2400010c   Data           4  pipline.o(.bss..L_MergedGlobals)
    ifKeyBindOnObject                        0x24000110   Data           4  pipline.o(.bss..L_MergedGlobals)
    touchingParam                            0x24000118   Data          76  touchevent.o(.bss..L_MergedGlobals)
    maxHoldLong                              0x24000164   Data           4  shadecursor.o(.bss..L_MergedGlobals)
    weight                                   0x24000168   Data           4  shadecursor.o(.bss..L_MergedGlobals)
    selectDDS                                0x2400016c   Data           4  userinterface.o(.bss..L_MergedGlobals)
    message                                  0x24000170   Data          64  userinterface.o(.bss..L_MergedGlobals)
    ddsCount                                 0x240001b8   Data           4  dds.o(.bss..L_MergedGlobals)
    ddsList                                  0x240001bc   Data          16  dds.o(.bss..L_MergedGlobals)
    CPOW0_DATA                               0x240001cc   Data           2  ad9959.o(.bss.CPOW0_DATA)
    busy                                     0x240001d4   Data           4  osc.o(.bss.busy)
    colorIndex                               0x240001d8   Data           2  interface.o(.bss.colorIndex)
    colorList                                0x240001dc   Data         512  interface.o(.bss.colorList)
    dacWave                                  0x240003dc   Data         512  waveg.o(.bss.dacWave)
    eventBuffer                              0x240005dc   Data        1028  event.o(.bss.eventBuffer)
    fpsN                                     0x240009e4   Data           4  uisample.o(.bss.fpsN)
    hadc1                                    0x240009e8   Data         100  adc.o(.bss.hadc1)
    hadc2                                    0x24000a4c   Data         100  adc.o(.bss.hadc2)
    hdac1                                    0x24000ab0   Data          20  dac.o(.bss.hdac1)
    hdma_adc2                                0x24000ac4   Data         120  adc.o(.bss.hdma_adc2)
    hdma_dac1_ch1                            0x24000b3c   Data         120  dac.o(.bss.hdma_dac1_ch1)
    head                                     0x24000bb4   Data           4  uiobject.o(.bss.head)
    hi2c1                                    0x24000bb8   Data          84  i2c.o(.bss.hi2c1)
    hsram1                                   0x24000c0c   Data          76  fmc.o(.bss.hsram1)
    htim13                                   0x24000c58   Data          76  tim.o(.bss.htim13)
    htim15                                   0x24000ca4   Data          76  tim.o(.bss.htim15)
    htim6                                    0x24000cf0   Data          76  tim.o(.bss.htim6)
    htim7                                    0x24000d3c   Data          76  tim.o(.bss.htim7)
    huart1                                   0x24000d88   Data         148  usart.o(.bss.huart1)
    huart2                                   0x24000e1c   Data         148  usart.o(.bss.huart2)
    lcddev                                   0x24000eb4   Data          16  dev_lcd.o(.bss.lcddev)
    thisFloatingWindow                       0x24000ec4   Data           4  uifloatingwindow.o(.bss.thisFloatingWindow)
    uwTick                                   0x24000ec8   Data           4  stm32h7xx_hal.o(.bss.uwTick)
    waveG                                    0x24000ecc   Data          24  waveg.o(.bss.waveG)
    __heap_base                              0x24000ee8   Data           0  startup_stm32h750xx.o(HEAP)
    __heap_limit                             0x24018ee8   Data           0  startup_stm32h750xx.o(HEAP)
    __initial_sp                             0x2401aee8   Data           0  startup_stm32h750xx.o(STACK)



==============================================================================

Memory Map of the image

  Image Entry point : 0x08000299

  Load Region LR_IROM1 (Base: 0x08000000, Size: 0x00015c58, Max: 0x00020000, ABSOLUTE)

    Execution Region ER_IROM1 (Exec base: 0x08000000, Load base: 0x08000000, Size: 0x00015bd4, Max: 0x00020000, ABSOLUTE)

    Exec Addr    Load Addr    Size         Type   Attr      Idx    E Section Name        Object

    0x08000000   0x08000000   0x00000298   Data   RO            3    RESET               startup_stm32h750xx.o
    0x08000298   0x08000298   0x00000000   Code   RO         2592  * .ARM.Collect$$$$00000000  mc_w.l(entry.o)
    0x08000298   0x08000298   0x00000004   Code   RO         2907    .ARM.Collect$$$$00000001  mc_w.l(entry2.o)
    0x0800029c   0x0800029c   0x00000004   Code   RO         2910    .ARM.Collect$$$$00000004  mc_w.l(entry5.o)
    0x080002a0   0x080002a0   0x00000000   Code   RO         2912    .ARM.Collect$$$$00000008  mc_w.l(entry7b.o)
    0x080002a0   0x080002a0   0x00000000   Code   RO         2914    .ARM.Collect$$$$0000000A  mc_w.l(entry8b.o)
    0x080002a0   0x080002a0   0x00000008   Code   RO         2915    .ARM.Collect$$$$0000000B  mc_w.l(entry9a.o)
    0x080002a8   0x080002a8   0x00000000   Code   RO         2917    .ARM.Collect$$$$0000000D  mc_w.l(entry10a.o)
    0x080002a8   0x080002a8   0x00000000   Code   RO         2919    .ARM.Collect$$$$0000000F  mc_w.l(entry11a.o)
    0x080002a8   0x080002a8   0x00000004   Code   RO         2908    .ARM.Collect$$$$00002712  mc_w.l(entry2.o)
    0x080002ac   0x080002ac   0x00000024   Code   RO            4    .text               startup_stm32h750xx.o
    0x080002d0   0x080002d0   0x00000062   Code   RO         2595    .text               mc_w.l(uldiv.o)
    0x08000332   0x08000332   0x00000024   Code   RO         2597    .text               mc_w.l(memseta.o)
    0x08000356   0x08000356   0x0000002c   Code   RO         2931    .text               mc_w.l(uidiv.o)
    0x08000382   0x08000382   0x0000001e   Code   RO         2933    .text               mc_w.l(llshl.o)
    0x080003a0   0x080003a0   0x00000020   Code   RO         2935    .text               mc_w.l(llushr.o)
    0x080003c0   0x080003c0   0x00000000   Code   RO         2950    .text               mc_w.l(iusefp.o)
    0x080003c0   0x080003c0   0x0000014e   Code   RO         2951    .text               mf_w.l(dadd.o)
    0x0800050e   0x0800050e   0x000000e4   Code   RO         2953    .text               mf_w.l(dmul.o)
    0x080005f2   0x080005f2   0x000000de   Code   RO         2955    .text               mf_w.l(ddiv.o)
    0x080006d0   0x080006d0   0x00000030   Code   RO         2957    .text               mf_w.l(dfixul.o)
    0x08000700   0x08000700   0x00000030   Code   RO         2959    .text               mf_w.l(cdrcmple.o)
    0x08000730   0x08000730   0x00000030   Code   RO         2961    .text               mc_w.l(init.o)
    0x08000760   0x08000760   0x00000024   Code   RO         2963    .text               mc_w.l(llsshr.o)
    0x08000784   0x08000784   0x000000ba   Code   RO         2965    .text               mf_w.l(depilogue.o)
    0x0800083e   0x0800083e   0x00000002   PAD
    0x08000840   0x08000840   0x0000012c   Code   RO          214    .text.ADC_ConfigureBoostMode  stm32h7xx_hal_adc.o
    0x0800096c   0x0800096c   0x00000004   PAD
    0x08000970   0x08000970   0x00000002   Code   RO          170    .text.BusFault_Handler  stm32h7xx_it.o
    0x08000972   0x08000972   0x00000006   PAD
    0x08000978   0x08000978   0x00000062   Code   RO         1958    .text.CT_IIC_Init   ctiic.o
    0x080009da   0x080009da   0x00000006   PAD
    0x080009e0   0x080009e0   0x0000022a   Code   RO         1972    .text.CT_IIC_Read_Byte  ctiic.o
    0x08000c0a   0x08000c0a   0x00000006   PAD
    0x08000c10   0x08000c10   0x000001b8   Code   RO         1970    .text.CT_IIC_Send_Byte  ctiic.o
    0x08000dc8   0x08000dc8   0x00000052   Code   RO         1960    .text.CT_IIC_Start  ctiic.o
    0x08000e1a   0x08000e1a   0x00000006   PAD
    0x08000e20   0x08000e20   0x00000052   Code   RO         1962    .text.CT_IIC_Stop   ctiic.o
    0x08000e72   0x08000e72   0x00000006   PAD
    0x08000e78   0x08000e78   0x000000ae   Code   RO         1964    .text.CT_IIC_Wait_Ack  ctiic.o
    0x08000f26   0x08000f26   0x00000002   PAD
    0x08000f28   0x08000f28   0x00000010   Code   RO         1169    .text.DAC_DMAConvCpltCh1  stm32h7xx_hal_dac.o
    0x08000f38   0x08000f38   0x00000010   Code   RO         1211    .text.DAC_DMAConvCpltCh2  stm32h7xx_hal_dac_ex.o
    0x08000f48   0x08000f48   0x00000018   Code   RO         1173    .text.DAC_DMAErrorCh1  stm32h7xx_hal_dac.o
    0x08000f60   0x08000f60   0x00000018   Code   RO         1215    .text.DAC_DMAErrorCh2  stm32h7xx_hal_dac_ex.o
    0x08000f78   0x08000f78   0x00000006   Code   RO         1171    .text.DAC_DMAHalfConvCpltCh1  stm32h7xx_hal_dac.o
    0x08000f7e   0x08000f7e   0x00000002   PAD
    0x08000f80   0x08000f80   0x00000006   Code   RO         1213    .text.DAC_DMAHalfConvCpltCh2  stm32h7xx_hal_dac_ex.o
    0x08000f86   0x08000f86   0x00000002   PAD
    0x08000f88   0x08000f88   0x0000005e   Code   RO         2576    .text.DDS_Init      dds.o
    0x08000fe6   0x08000fe6   0x00000002   PAD
    0x08000fe8   0x08000fe8   0x000010b6   Code   RO          182    .text.DMA1_Stream0_IRQHandler  stm32h7xx_it.o
    0x0800209e   0x0800209e   0x00000002   PAD
    0x080020a0   0x080020a0   0x00000ec6   Code   RO          184    .text.DMA1_Stream1_IRQHandler  stm32h7xx_it.o
    0x08002f66   0x08002f66   0x00000002   PAD
    0x08002f68   0x08002f68   0x00000ec6   Code   RO          186    .text.DMA1_Stream2_IRQHandler  stm32h7xx_it.o
    0x08003e2e   0x08003e2e   0x00000002   PAD
    0x08003e30   0x08003e30   0x0000000c   Code   RO          190    .text.DMAMUX1_OVR_IRQHandler  stm32h7xx_it.o
    0x08003e3c   0x08003e3c   0x00000004   PAD
    0x08003e40   0x08003e40   0x00000128   Code   RO          561    .text.DMA_CalcBaseAndBitshift  stm32h7xx_hal_dma.o
    0x08003f68   0x08003f68   0x00000308   Code   RO          567    .text.DMA_SetConfig  stm32h7xx_hal_dma.o
    0x08004270   0x08004270   0x00000002   Code   RO          176    .text.DebugMon_Handler  stm32h7xx_it.o
    0x08004272   0x08004272   0x00000006   PAD
    0x08004278   0x08004278   0x00000008   Code   RO         2035    .text.EXTI9_5_IRQHandler  touch.o
    0x08004280   0x08004280   0x0000000a   Code   RO           17    .text.Error_Handler  main.o
    0x0800428a   0x0800428a   0x00000006   PAD
    0x08004290   0x08004290   0x0000004c   Code   RO         1255    .text.FMC_NORSRAM_Extended_Timing_Init  stm32h7xx_ll_fmc.o
    0x080042dc   0x080042dc   0x00000004   PAD
    0x080042e0   0x080042e0   0x0000008e   Code   RO         1249    .text.FMC_NORSRAM_Init  stm32h7xx_ll_fmc.o
    0x0800436e   0x0800436e   0x00000002   PAD
    0x08004370   0x08004370   0x00000060   Code   RO         1253    .text.FMC_NORSRAM_Timing_Init  stm32h7xx_ll_fmc.o
    0x080043d0   0x080043d0   0x0000015c   Code   RO         2018    .text.FT5206_Init   ft5206.o
    0x0800452c   0x0800452c   0x00000004   PAD
    0x08004530   0x08004530   0x00000050   Code   RO         2016    .text.FT5206_RD_Reg  ft5206.o
    0x08004580   0x08004580   0x000001b8   Code   RO         2020    .text.FT5206_Scan   ft5206.o
    0x08004738   0x08004738   0x000000b0   Code   RO          326    .text.HAL_ADCEx_MultiModeConfigChannel  stm32h7xx_hal_adc_ex.o
    0x080047e8   0x080047e8   0x000003c8   Code   RO          260    .text.HAL_ADC_ConfigChannel  stm32h7xx_hal_adc.o
    0x08004bb0   0x08004bb0   0x00000256   Code   RO          210    .text.HAL_ADC_Init  stm32h7xx_hal_adc.o
    0x08004e06   0x08004e06   0x00000002   PAD
    0x08004e08   0x08004e08   0x00000192   Code   RO           43    .text.HAL_ADC_MspInit  adc.o
    0x08004f9a   0x08004f9a   0x00000006   PAD
    0x08004fa0   0x08004fa0   0x00000002   Code   RO         1225    .text.HAL_DACEx_ConvCpltCallbackCh2  stm32h7xx_hal_dac_ex.o
    0x08004fa2   0x08004fa2   0x00000006   PAD
    0x08004fa8   0x08004fa8   0x00000002   Code   RO         1227    .text.HAL_DACEx_ConvHalfCpltCallbackCh2  stm32h7xx_hal_dac_ex.o
    0x08004faa   0x08004faa   0x00000006   PAD
    0x08004fb0   0x08004fb0   0x00000002   Code   RO         1229    .text.HAL_DACEx_ErrorCallbackCh2  stm32h7xx_hal_dac_ex.o
    0x08004fb2   0x08004fb2   0x00000006   PAD
    0x08004fb8   0x08004fb8   0x00000048   Code   RO         1219    .text.HAL_DACEx_TriangleWaveGenerate  stm32h7xx_hal_dac_ex.o
    0x08005000   0x08005000   0x00000174   Code   RO         1191    .text.HAL_DAC_ConfigChannel  stm32h7xx_hal_dac.o
    0x08005174   0x08005174   0x00000004   PAD
    0x08005178   0x08005178   0x00000002   Code   RO         1183    .text.HAL_DAC_ConvCpltCallbackCh1  stm32h7xx_hal_dac.o
    0x0800517a   0x0800517a   0x00000006   PAD
    0x08005180   0x08005180   0x00000002   Code   RO         1185    .text.HAL_DAC_ConvHalfCpltCallbackCh1  stm32h7xx_hal_dac.o
    0x08005182   0x08005182   0x00000006   PAD
    0x08005188   0x08005188   0x00000002   Code   RO         1187    .text.HAL_DAC_ErrorCallbackCh1  stm32h7xx_hal_dac.o
    0x0800518a   0x0800518a   0x00000006   PAD
    0x08005190   0x08005190   0x0000002c   Code   RO         1155    .text.HAL_DAC_Init  stm32h7xx_hal_dac.o
    0x080051bc   0x080051bc   0x00000004   PAD
    0x080051c0   0x080051c0   0x000000b0   Code   RO           61    .text.HAL_DAC_MspInit  dac.o
    0x08005270   0x08005270   0x000000f0   Code   RO         1167    .text.HAL_DAC_Start_DMA  stm32h7xx_hal_dac.o
    0x08005360   0x08005360   0x0000005c   Code   RO         1175    .text.HAL_DAC_Stop_DMA  stm32h7xx_hal_dac.o
    0x080053bc   0x080053bc   0x00000004   PAD
    0x080053c0   0x080053c0   0x00000078   Code   RO          603    .text.HAL_DMAEx_ConfigMuxSync  stm32h7xx_hal_dma_ex.o
    0x08005438   0x08005438   0x0000005e   Code   RO          611    .text.HAL_DMAEx_MUX_IRQHandler  stm32h7xx_hal_dma_ex.o
    0x08005496   0x08005496   0x00000002   PAD
    0x08005498   0x08005498   0x00000526   Code   RO          571    .text.HAL_DMA_Abort  stm32h7xx_hal_dma.o
    0x080059be   0x080059be   0x00000002   PAD
    0x080059c0   0x080059c0   0x0000065e   Code   RO          559    .text.HAL_DMA_Init  stm32h7xx_hal_dma.o
    0x0800601e   0x0800601e   0x00000002   PAD
    0x08006020   0x08006020   0x000003aa   Code   RO          569    .text.HAL_DMA_Start_IT  stm32h7xx_hal_dma.o
    0x080063ca   0x080063ca   0x00000006   PAD
    0x080063d0   0x080063d0   0x00000028   Code   RO          869    .text.HAL_Delay     stm32h7xx_hal.o
    0x080063f8   0x080063f8   0x00000024   Code   RO         2037    .text.HAL_GPIO_EXTI_Callback  touch.o
    0x0800641c   0x0800641c   0x00000004   PAD
    0x08006420   0x08006420   0x00000014   Code   RO          517    .text.HAL_GPIO_EXTI_IRQHandler  stm32h7xx_hal_gpio.o
    0x08006434   0x08006434   0x00000004   PAD
    0x08006438   0x08006438   0x000001a6   Code   RO          505    .text.HAL_GPIO_Init  stm32h7xx_hal_gpio.o
    0x080065de   0x080065de   0x00000002   PAD
    0x080065e0   0x080065e0   0x0000000a   Code   RO          509    .text.HAL_GPIO_ReadPin  stm32h7xx_hal_gpio.o
    0x080065ea   0x080065ea   0x00000006   PAD
    0x080065f0   0x080065f0   0x0000000a   Code   RO          511    .text.HAL_GPIO_WritePin  stm32h7xx_hal_gpio.o
    0x080065fa   0x080065fa   0x00000006   PAD
    0x08006600   0x08006600   0x0000000e   Code   RO          877    .text.HAL_GetREVID  stm32h7xx_hal.o
    0x0800660e   0x0800660e   0x00000002   PAD
    0x08006610   0x08006610   0x0000000c   Code   RO          861    .text.HAL_GetTick   stm32h7xx_hal.o
    0x0800661c   0x0800661c   0x00000004   PAD
    0x08006620   0x08006620   0x0000004a   Code   RO         1109    .text.HAL_I2CEx_ConfigAnalogFilter  stm32h7xx_hal_i2c_ex.o
    0x0800666a   0x0800666a   0x00000006   PAD
    0x08006670   0x08006670   0x00000048   Code   RO         1111    .text.HAL_I2CEx_ConfigDigitalFilter  stm32h7xx_hal_i2c_ex.o
    0x080066b8   0x080066b8   0x000000b0   Code   RO          955    .text.HAL_I2C_Init  stm32h7xx_hal_i2c.o
    0x08006768   0x08006768   0x00000092   Code   RO          103    .text.HAL_I2C_MspInit  i2c.o
    0x080067fa   0x080067fa   0x00000006   PAD
    0x08006800   0x08006800   0x0000001a   Code   RO          859    .text.HAL_IncTick   stm32h7xx_hal.o
    0x0800681a   0x0800681a   0x00000006   PAD
    0x08006820   0x08006820   0x00000064   Code   RO          849    .text.HAL_Init      stm32h7xx_hal.o
    0x08006884   0x08006884   0x00000004   PAD
    0x08006888   0x08006888   0x00000050   Code   RO          851    .text.HAL_InitTick  stm32h7xx_hal.o
    0x080068d8   0x080068d8   0x0000005e   Code   RO          819    .text.HAL_MPU_ConfigRegion  stm32h7xx_hal_cortex.o
    0x08006936   0x08006936   0x00000002   PAD
    0x08006938   0x08006938   0x0000001a   Code   RO          811    .text.HAL_MPU_Disable  stm32h7xx_hal_cortex.o
    0x08006952   0x08006952   0x00000006   PAD
    0x08006958   0x08006958   0x00000020   Code   RO          813    .text.HAL_MPU_Enable  stm32h7xx_hal_cortex.o
    0x08006978   0x08006978   0x00000046   Code   RO          202    .text.HAL_MspInit   stm32h7xx_hal_msp.o
    0x080069be   0x080069be   0x00000002   PAD
    0x080069c0   0x080069c0   0x00000022   Code   RO          801    .text.HAL_NVIC_EnableIRQ  stm32h7xx_hal_cortex.o
    0x080069e2   0x080069e2   0x00000006   PAD
    0x080069e8   0x080069e8   0x0000005a   Code   RO          799    .text.HAL_NVIC_SetPriority  stm32h7xx_hal_cortex.o
    0x08006a42   0x08006a42   0x00000006   PAD
    0x08006a48   0x08006a48   0x00000020   Code   RO          797    .text.HAL_NVIC_SetPriorityGrouping  stm32h7xx_hal_cortex.o
    0x08006a68   0x08006a68   0x0000004c   Code   RO          709    .text.HAL_PWREx_ConfigSupply  stm32h7xx_hal_pwr_ex.o
    0x08006ab4   0x08006ab4   0x00000004   PAD
    0x08006ab8   0x08006ab8   0x00000026   Code   RO          396    .text.HAL_RCCEx_GetD3PCLK1Freq  stm32h7xx_hal_rcc_ex.o
    0x08006ade   0x08006ade   0x00000002   PAD
    0x08006ae0   0x08006ae0   0x00000134   Code   RO          390    .text.HAL_RCCEx_GetPLL1ClockFreq  stm32h7xx_hal_rcc_ex.o
    0x08006c14   0x08006c14   0x00000004   PAD
    0x08006c18   0x08006c18   0x0000012c   Code   RO          392    .text.HAL_RCCEx_GetPLL2ClockFreq  stm32h7xx_hal_rcc_ex.o
    0x08006d44   0x08006d44   0x00000004   PAD
    0x08006d48   0x08006d48   0x0000012c   Code   RO          394    .text.HAL_RCCEx_GetPLL3ClockFreq  stm32h7xx_hal_rcc_ex.o
    0x08006e74   0x08006e74   0x00000004   PAD
    0x08006e78   0x08006e78   0x000003fe   Code   RO          388    .text.HAL_RCCEx_GetPeriphCLKFreq  stm32h7xx_hal_rcc_ex.o
    0x08007276   0x08007276   0x00000002   PAD
    0x08007278   0x08007278   0x00000b0c   Code   RO          380    .text.HAL_RCCEx_PeriphCLKConfig  stm32h7xx_hal_rcc_ex.o
    0x08007d84   0x08007d84   0x00000004   PAD
    0x08007d88   0x08007d88   0x00000254   Code   RO          348    .text.HAL_RCC_ClockConfig  stm32h7xx_hal_rcc.o
    0x08007fdc   0x08007fdc   0x00000004   PAD
    0x08007fe0   0x08007fe0   0x0000004c   Code   RO          358    .text.HAL_RCC_GetHCLKFreq  stm32h7xx_hal_rcc.o
    0x0800802c   0x0800802c   0x00000004   PAD
    0x08008030   0x08008030   0x00000060   Code   RO          360    .text.HAL_RCC_GetPCLK1Freq  stm32h7xx_hal_rcc.o
    0x08008090   0x08008090   0x00000060   Code   RO          362    .text.HAL_RCC_GetPCLK2Freq  stm32h7xx_hal_rcc.o
    0x080080f0   0x080080f0   0x00000118   Code   RO          350    .text.HAL_RCC_GetSysClockFreq  stm32h7xx_hal_rcc.o
    0x08008208   0x08008208   0x0000056c   Code   RO          346    .text.HAL_RCC_OscConfig  stm32h7xx_hal_rcc.o
    0x08008774   0x08008774   0x00000004   PAD
    0x08008778   0x08008778   0x0000006c   Code   RO         1301    .text.HAL_SRAM_Init  stm32h7xx_hal_sram.o
    0x080087e4   0x080087e4   0x00000004   PAD
    0x080087e8   0x080087e8   0x000000d4   Code   RO           86    .text.HAL_SRAM_MspInit  fmc.o
    0x080088bc   0x080088bc   0x00000004   PAD
    0x080088c0   0x080088c0   0x00000030   Code   RO          893    .text.HAL_SYSCFG_EnableVREFBUF  stm32h7xx_hal.o
    0x080088f0   0x080088f0   0x00000014   Code   RO          889    .text.HAL_SYSCFG_VREFBUF_HighImpedanceConfig  stm32h7xx_hal.o
    0x08008904   0x08008904   0x00000004   PAD
    0x08008908   0x08008908   0x00000014   Code   RO          887    .text.HAL_SYSCFG_VREFBUF_VoltageScalingConfig  stm32h7xx_hal.o
    0x0800891c   0x0800891c   0x00000004   PAD
    0x08008920   0x08008920   0x00000018   Code   RO          833    .text.HAL_SYSTICK_CLKSourceConfig  stm32h7xx_hal_cortex.o
    0x08008938   0x08008938   0x0000002e   Code   RO          809    .text.HAL_SYSTICK_Config  stm32h7xx_hal_cortex.o
    0x08008966   0x08008966   0x00000002   PAD
    0x08008968   0x08008968   0x000000ce   Code   RO         1644    .text.HAL_TIMEx_MasterConfigSynchronization  stm32h7xx_hal_tim_ex.o
    0x08008a36   0x08008a36   0x00000002   PAD
    0x08008a38   0x08008a38   0x00000060   Code   RO         1349    .text.HAL_TIM_Base_Init  stm32h7xx_hal_tim.o
    0x08008a98   0x08008a98   0x00000098   Code   RO          124    .text.HAL_TIM_Base_MspInit  tim.o
    0x08008b30   0x08008b30   0x000000ac   Code   RO         1359    .text.HAL_TIM_Base_Start  stm32h7xx_hal_tim.o
    0x08008bdc   0x08008bdc   0x00000004   PAD
    0x08008be0   0x08008be0   0x000000b4   Code   RO         1363    .text.HAL_TIM_Base_Start_IT  stm32h7xx_hal_tim.o
    0x08008c94   0x08008c94   0x00000004   PAD
    0x08008c98   0x08008c98   0x000001ce   Code   RO         1499    .text.HAL_TIM_IC_ConfigChannel  stm32h7xx_hal_tim.o
    0x08008e66   0x08008e66   0x00000002   PAD
    0x08008e68   0x08008e68   0x00000060   Code   RO         1423    .text.HAL_TIM_IC_Init  stm32h7xx_hal_tim.o
    0x08008ec8   0x08008ec8   0x00000072   Code   RO          126    .text.HAL_TIM_IC_MspInit  tim.o
    0x08008f3a   0x08008f3a   0x00000006   PAD
    0x08008f40   0x08008f40   0x00000036   Code   RO         1839    .text.HAL_UARTEx_DisableFifoMode  stm32h7xx_hal_uart_ex.o
    0x08008f76   0x08008f76   0x00000002   PAD
    0x08008f78   0x08008f78   0x0000008c   Code   RO         1843    .text.HAL_UARTEx_SetRxFifoThreshold  stm32h7xx_hal_uart_ex.o
    0x08009004   0x08009004   0x00000004   PAD
    0x08009008   0x08009008   0x0000008c   Code   RO         1841    .text.HAL_UARTEx_SetTxFifoThreshold  stm32h7xx_hal_uart_ex.o
    0x08009094   0x08009094   0x00000004   PAD
    0x08009098   0x08009098   0x00000064   Code   RO         1676    .text.HAL_UART_Init  stm32h7xx_hal_uart.o
    0x080090fc   0x080090fc   0x00000004   PAD
    0x08009100   0x08009100   0x000000dc   Code   RO          148    .text.HAL_UART_MspInit  usart.o
    0x080091dc   0x080091dc   0x00000004   PAD
    0x080091e0   0x080091e0   0x00000002   Code   RO          166    .text.HardFault_Handler  stm32h7xx_it.o
    0x080091e2   0x080091e2   0x00000006   PAD
    0x080091e8   0x080091e8   0x0000012c   Code   RO         1914    .text.LCD_Fill      dev_lcd.o
    0x08009314   0x08009314   0x00000004   PAD
    0x08009318   0x08009318   0x00001b68   Code   RO         1906    .text.LCD_Init      dev_lcd.o
    0x0800ae80   0x0800ae80   0x00000196   Code   RO         1896    .text.LCD_SetCursor  dev_lcd.o
    0x0800b016   0x0800b016   0x00000002   PAD
    0x0800b018   0x0800b018   0x00000340   Code   RO         1904    .text.LCD_Set_Window  dev_lcd.o
    0x0800b358   0x0800b358   0x00000016   Code   RO         1886    .text.LCD_WriteRAM_Prepare  dev_lcd.o
    0x0800b36e   0x0800b36e   0x00000002   PAD
    0x0800b370   0x0800b370   0x000000b2   Code   RO           39    .text.MX_ADC1_Init  adc.o
    0x0800b422   0x0800b422   0x00000006   PAD
    0x0800b428   0x0800b428   0x00000088   Code   RO           41    .text.MX_ADC2_Init  adc.o
    0x0800b4b0   0x0800b4b0   0x0000007e   Code   RO           59    .text.MX_DAC1_Init  dac.o
    0x0800b52e   0x0800b52e   0x00000002   PAD
    0x0800b530   0x0800b530   0x00000064   Code   RO           75    .text.MX_DMA_Init   dma.o
    0x0800b594   0x0800b594   0x00000004   PAD
    0x0800b598   0x0800b598   0x0000008a   Code   RO           84    .text.MX_FMC_Init   fmc.o
    0x0800b622   0x0800b622   0x00000006   PAD
    0x0800b628   0x0800b628   0x000000c6   Code   RO           30    .text.MX_GPIO_Init  gpio.o
    0x0800b6ee   0x0800b6ee   0x00000002   PAD
    0x0800b6f0   0x0800b6f0   0x0000006a   Code   RO          101    .text.MX_I2C1_Init  i2c.o
    0x0800b75a   0x0800b75a   0x00000006   PAD
    0x0800b760   0x0800b760   0x0000003a   Code   RO          120    .text.MX_TIM13_Init  tim.o
    0x0800b79a   0x0800b79a   0x00000006   PAD
    0x0800b7a0   0x0800b7a0   0x00000090   Code   RO          122    .text.MX_TIM15_Init  tim.o
    0x0800b830   0x0800b830   0x00000050   Code   RO          116    .text.MX_TIM6_Init  tim.o
    0x0800b880   0x0800b880   0x00000050   Code   RO          118    .text.MX_TIM7_Init  tim.o
    0x0800b8d0   0x0800b8d0   0x0000007c   Code   RO          144    .text.MX_USART1_UART_Init  usart.o
    0x0800b94c   0x0800b94c   0x00000004   PAD
    0x0800b950   0x0800b950   0x0000007c   Code   RO          146    .text.MX_USART2_UART_Init  usart.o
    0x0800b9cc   0x0800b9cc   0x00000004   PAD
    0x0800b9d0   0x0800b9d0   0x00000002   Code   RO          168    .text.MemManage_Handler  stm32h7xx_it.o
    0x0800b9d2   0x0800b9d2   0x00000006   PAD
    0x0800b9d8   0x0800b9d8   0x00000002   Code   RO          164    .text.NMI_Handler   stm32h7xx_it.o
    0x0800b9da   0x0800b9da   0x00000006   PAD
    0x0800b9e0   0x0800b9e0   0x00000002   Code   RO          178    .text.PendSV_Handler  stm32h7xx_it.o
    0x0800b9e2   0x0800b9e2   0x00000006   PAD
    0x0800b9e8   0x0800b9e8   0x00000122   Code   RO          382    .text.RCCEx_PLL2_Config  stm32h7xx_hal_rcc_ex.o
    0x0800bb0a   0x0800bb0a   0x00000006   PAD
    0x0800bb10   0x0800bb10   0x00000122   Code   RO          384    .text.RCCEx_PLL3_Config  stm32h7xx_hal_rcc_ex.o
    0x0800bc32   0x0800bc32   0x00000006   PAD
    0x0800bc38   0x0800bc38   0x00000002   Code   RO          174    .text.SVC_Handler   stm32h7xx_it.o
    0x0800bc3a   0x0800bc3a   0x00000006   PAD
    0x0800bc40   0x0800bc40   0x00000004   Code   RO          180    .text.SysTick_Handler  stm32h7xx_it.o
    0x0800bc44   0x0800bc44   0x00000004   PAD
    0x0800bc48   0x0800bc48   0x00000016   Code   RO         1982    .text.SysTick_clkconfig  bsp_delay.o
    0x0800bc5e   0x0800bc5e   0x00000002   PAD
    0x0800bc60   0x0800bc60   0x0000013c   Code   RO           13    .text.SystemClock_Config  main.o
    0x0800bd9c   0x0800bd9c   0x00000004   PAD
    0x0800bda0   0x0800bda0   0x000000cc   Code   RO         1862    .text.SystemInit    system_stm32h7xx.o
    0x0800be6c   0x0800be6c   0x00000004   PAD
    0x0800be70   0x0800be70   0x00000024   Code   RO          188    .text.TIM8_UP_TIM13_IRQHandler  stm32h7xx_it.o
    0x0800be94   0x0800be94   0x00000004   PAD
    0x0800be98   0x0800be98   0x00000158   Code   RO         1353    .text.TIM_Base_SetConfig  stm32h7xx_hal_tim.o
    0x0800bff0   0x0800bff0   0x0000009e   Code   RO         2033    .text.TP_GPIO_Init  touch.o
    0x0800c08e   0x0800c08e   0x00000002   PAD
    0x0800c090   0x0800c090   0x000000c4   Code   RO         2031    .text.TP_Init       touch.o
    0x0800c154   0x0800c154   0x00000004   PAD
    0x0800c158   0x0800c158   0x000000e0   Code   RO         1680    .text.UART_AdvFeatureConfig  stm32h7xx_hal_uart.o
    0x0800c238   0x0800c238   0x0000016e   Code   RO         1684    .text.UART_CheckIdleState  stm32h7xx_hal_uart.o
    0x0800c3a6   0x0800c3a6   0x00000002   PAD
    0x0800c3a8   0x0800c3a8   0x00000480   Code   RO         1682    .text.UART_SetConfig  stm32h7xx_hal_uart.o
    0x0800c828   0x0800c828   0x00000358   Code   RO         1698    .text.UART_WaitOnFlagUntilTimeout  stm32h7xx_hal_uart.o
    0x0800cb80   0x0800cb80   0x00000002   Code   RO          172    .text.UsageFault_Handler  stm32h7xx_it.o
    0x0800cb82   0x0800cb82   0x00000006   PAD
    0x0800cb88   0x0800cb88   0x00000230   Code   RO         2538    .text.ad9959_init   ad9959.o
    0x0800cdb8   0x0800cdb8   0x0000008e   Code   RO         2540    .text.ad9959_io_init  ad9959.o
    0x0800ce46   0x0800ce46   0x00000002   PAD
    0x0800ce48   0x0800ce48   0x0000002c   Code   RO         2552    .text.ad9959_io_update  ad9959.o
    0x0800ce74   0x0800ce74   0x00000004   PAD
    0x0800ce78   0x0800ce78   0x0000003a   Code   RO         2550    .text.ad9959_write_amplitude  ad9959.o
    0x0800ceb2   0x0800ceb2   0x00000006   PAD
    0x0800ceb8   0x0800ceb8   0x0000027c   Code   RO         2544    .text.ad9959_write_data  ad9959.o
    0x0800d134   0x0800d134   0x00000004   PAD
    0x0800d138   0x0800d138   0x00000060   Code   RO         2546    .text.ad9959_write_frequency  ad9959.o
    0x0800d198   0x0800d198   0x00000036   Code   RO         2548    .text.ad9959_write_phase  ad9959.o
    0x0800d1ce   0x0800d1ce   0x00000002   PAD
    0x0800d1d0   0x0800d1d0   0x00000018   Code   RO         2252    .text.addEvent      event.o
    0x0800d1e8   0x0800d1e8   0x000000b4   Code   RO         2266    .text.addTouchEvent  touchevent.o
    0x0800d29c   0x0800d29c   0x00000004   PAD
    0x0800d2a0   0x0800d2a0   0x00000094   Code   RO         2469    .text.ampButtonClick  userinterface.o
    0x0800d334   0x0800d334   0x00000004   PAD
    0x0800d338   0x0800d338   0x0000004c   Code   RO         2477    .text.ampButtonShader  userinterface.o
    0x0800d384   0x0800d384   0x00000004   PAD
    0x0800d388   0x0800d388   0x0000009a   Code   RO         2395    .text.approachColorDiv  interface.o
    0x0800d422   0x0800d422   0x00000006   PAD
    0x0800d428   0x0800d428   0x0000001a   Code   RO         2150    .text.backgroundShader  uisample.o
    0x0800d442   0x0800d442   0x00000006   PAD
    0x0800d448   0x0800d448   0x0000002a   Code   RO         2152    .text.backgroundUI  uisample.o
    0x0800d472   0x0800d472   0x00000006   PAD
    0x0800d478   0x0800d478   0x0000004c   Code   RO         2219    .text.buttonOnClick  uibutton.o
    0x0800d4c4   0x0800d4c4   0x00000004   PAD
    0x0800d4c8   0x0800d4c8   0x00000026   Code   RO         2217    .text.buttonOnUpdate  uibutton.o
    0x0800d4ee   0x0800d4ee   0x00000002   PAD
    0x0800d4f0   0x0800d4f0   0x00000042   Code   RO         2221    .text.buttonShader  uibutton.o
    0x0800d532   0x0800d532   0x00000006   PAD
    0x0800d538   0x0800d538   0x00000084   Code   RO         2223    .text.buttonUI      uibutton.o
    0x0800d5bc   0x0800d5bc   0x00000004   PAD
    0x0800d5c0   0x0800d5c0   0x00000052   Code   RO         2419    .text.cacheCenterBlock  interface.o
    0x0800d612   0x0800d612   0x00000006   PAD
    0x0800d618   0x0800d618   0x0000008a   Code   RO         2417    .text.cacheCenterRec  interface.o
    0x0800d6a2   0x0800d6a2   0x00000006   PAD
    0x0800d6a8   0x0800d6a8   0x00000150   Code   RO         2405    .text.cacheCenterString  interface.o
    0x0800d7f8   0x0800d7f8   0x00000354   Code   RO         2401    .text.cacheChar     interface.o
    0x0800db4c   0x0800db4c   0x00000004   PAD
    0x0800db50   0x0800db50   0x000004c2   Code   RO         2399    .text.cacheLine     interface.o
    0x0800e012   0x0800e012   0x00000006   PAD
    0x0800e018   0x0800e018   0x00000052   Code   RO         2415    .text.cacheRec      interface.o
    0x0800e06a   0x0800e06a   0x00000006   PAD
    0x0800e070   0x0800e070   0x000002be   Code   RO         2425    .text.cacheRoundedRecBackground  interface.o
    0x0800e32e   0x0800e32e   0x00000002   PAD
    0x0800e330   0x0800e330   0x00000072   Code   RO         2403    .text.cacheString   interface.o
    0x0800e3a2   0x0800e3a2   0x00000006   PAD
    0x0800e3a8   0x0800e3a8   0x000000d6   Code   RO         2465    .text.channelButtonClick  userinterface.o
    0x0800e47e   0x0800e47e   0x00000002   PAD
    0x0800e480   0x0800e480   0x00000084   Code   RO         2473    .text.channelButtonShader  userinterface.o
    0x0800e504   0x0800e504   0x00000004   PAD
    0x0800e508   0x0800e508   0x000001a8   Code   RO         2146    .text.debugShader   uisample.o
    0x0800e6b0   0x0800e6b0   0x0000001c   Code   RO         2148    .text.debugUI       uisample.o
    0x0800e6cc   0x0800e6cc   0x00000004   PAD
    0x0800e6d0   0x0800e6d0   0x0000006e   Code   RO         1986    .text.delay_ms      bsp_delay.o
    0x0800e73e   0x0800e73e   0x00000002   PAD
    0x0800e740   0x0800e740   0x00000052   Code   RO         1984    .text.delay_us      bsp_delay.o
    0x0800e792   0x0800e792   0x00000006   PAD
    0x0800e798   0x0800e798   0x00000018   Code   RO         2254    .text.dequeueEvent  event.o
    0x0800e7b0   0x0800e7b0   0x00000134   Code   RO         2397    .text.drawTransparentPoint  interface.o
    0x0800e8e4   0x0800e8e4   0x00000004   PAD
    0x0800e8e8   0x0800e8e8   0x00000010   Code   RO         2250    .text.eventInit     event.o
    0x0800e8f8   0x0800e8f8   0x00000060   Code   RO         2448    .text.floatingMessage  uifloatingwindow.o
    0x0800e958   0x0800e958   0x0000015e   Code   RO         2442    .text.floatingOnFoldingUpdate  uifloatingwindow.o
    0x0800eab6   0x0800eab6   0x00000002   PAD
    0x0800eab8   0x0800eab8   0x0000004e   Code   RO         2444    .text.floatingShader  uifloatingwindow.o
    0x0800eb06   0x0800eb06   0x00000002   PAD
    0x0800eb08   0x0800eb08   0x0000005c   Code   RO         2446    .text.flotingUI     uifloatingwindow.o
    0x0800eb64   0x0800eb64   0x00000004   PAD
    0x0800eb68   0x0800eb68   0x000000a0   Code   RO         2467    .text.freqButtonClick  userinterface.o
    0x0800ec08   0x0800ec08   0x00000060   Code   RO         2475    .text.freqButtonShader  userinterface.o
    0x0800ec68   0x0800ec68   0x000007bc   Code   RO         2346    .text.generageWave  waveg.o
    0x0800f424   0x0800f424   0x00000004   PAD
    0x0800f428   0x0800f428   0x0000000c   Code   RO         2113    .text.getHead       uiobject.o
    0x0800f434   0x0800f434   0x00000004   PAD
    0x0800f438   0x0800f438   0x0000000e   Code   RO         2085    .text.getKeyBind    pipline.o
    0x0800f446   0x0800f446   0x00000002   PAD
    0x0800f448   0x0800f448   0x00000054   Code   RO         2407    .text.getRow        interface.o
    0x0800f49c   0x0800f49c   0x00000004   PAD
    0x0800f4a0   0x0800f4a0   0x00000030   Code   RO         2115    .text.getUIobject   uiobject.o
    0x0800f4d0   0x0800f4d0   0x0000006e   Code   RO         2568    .text.get_DDS       dds.o
    0x0800f53e   0x0800f53e   0x00000002   PAD
    0x0800f540   0x0800f540   0x000001e8   Code   RO         2081    .text.graphInit     pipline.o
    0x0800f728   0x0800f728   0x00000018   Code   RO         2256    .text.haveEvent     event.o
    0x0800f740   0x0800f740   0x0000003a   Code   RO         2111    .text.headInit      uiobject.o
    0x0800f77a   0x0800f77a   0x00000006   PAD
    0x0800f780   0x0800f780   0x0000004c   Code   RO         2342    .text.initWaveG     waveg.o
    0x0800f7cc   0x0800f7cc   0x00000004   PAD
    0x0800f7d0   0x0800f7d0   0x00000182   Code   RO         2493    .text.keyEvent      keyevent.o
    0x0800f952   0x0800f952   0x00000006   PAD
    0x0800f958   0x0800f958   0x000002ba   Code   RO           11    .text.main          main.o
    0x0800fc12   0x0800fc12   0x00000006   PAD
    0x0800fc18   0x0800fc18   0x000002e4   Code   RO         2099    .text.nextGraphic   pipline.o
    0x0800fefc   0x0800fefc   0x00000004   PAD
    0x0800ff00   0x0800ff00   0x0000002c   Code   RO         2440    .text.onWaitingUpdate  uifloatingwindow.o
    0x0800ff2c   0x0800ff2c   0x00000004   PAD
    0x0800ff30   0x0800ff30   0x00000094   Code   RO         2471    .text.phaseButtonClick  userinterface.o
    0x0800ffc4   0x0800ffc4   0x00000004   PAD
    0x0800ffc8   0x0800ffc8   0x00000050   Code   RO         2479    .text.phaseButtonShader  userinterface.o
    0x08010018   0x08010018   0x00000076   Code   RO         2119    .text.priorityInsert  uiobject.o
    0x0801008e   0x0801008e   0x00000002   PAD
    0x08010090   0x08010090   0x00000274   Code   RO         2089    .text.processEvent  pipline.o
    0x08010304   0x08010304   0x00000004   PAD
    0x08010308   0x08010308   0x0000000e   Code   RO         2087    .text.releaseKeyBind  pipline.o
    0x08010316   0x08010316   0x00000002   PAD
    0x08010318   0x08010318   0x0000002c   Code   RO         2387    .text.resetColorList  interface.o
    0x08010344   0x08010344   0x00000004   PAD
    0x08010348   0x08010348   0x00000018   Code   RO         2572    .text.set_amp       dds.o
    0x08010360   0x08010360   0x00000016   Code   RO         2570    .text.set_freq      dds.o
    0x08010376   0x08010376   0x00000002   PAD
    0x08010378   0x08010378   0x00000018   Code   RO         2574    .text.set_phase     dds.o
    0x08010390   0x08010390   0x000001e6   Code   RO         2276    .text.shadeCursor   shadecursor.o
    0x08010576   0x08010576   0x00000002   PAD
    0x08010578   0x08010578   0x00000032   Code   RO         2091    .text.updateChild   pipline.o
    0x080105aa   0x080105aa   0x00000006   PAD
    0x080105b0   0x080105b0   0x0000012a   Code   RO         2463    .text.userInterface  userinterface.o
    0x080106da   0x080106da   0x00000002   PAD
    0x080106dc   0x080106dc   0x00000028   Code   RO         2834    i.__0sprintf        mc_w.l(printfa.o)
    0x08010704   0x08010704   0x00000026   Code   RO         2888    i.__ARM_fpclassifyf  m_wv.l(fpclassifyf.o)
    0x0801072a   0x0801072a   0x00000002   PAD
    0x0801072c   0x0801072c   0x00000190   Code   RO         2586    i.__hardfp_sinf     m_wv.l(sinf.o)
    0x080108bc   0x080108bc   0x00000006   Code   RO         2891    i.__mathlib_flt_infnan  m_wv.l(funder.o)
    0x080108c2   0x080108c2   0x00000002   PAD
    0x080108c4   0x080108c4   0x00000010   Code   RO         2893    i.__mathlib_flt_invalid  m_wv.l(funder.o)
    0x080108d4   0x080108d4   0x00000010   Code   RO         2896    i.__mathlib_flt_underflow  m_wv.l(funder.o)
    0x080108e4   0x080108e4   0x00000154   Code   RO         2904    i.__mathlib_rredf2  m_wv.l(rredf.o)
    0x08010a38   0x08010a38   0x0000000e   Code   RO         2969    i.__scatterload_copy  mc_w.l(handlers.o)
    0x08010a46   0x08010a46   0x00000002   Code   RO         2970    i.__scatterload_null  mc_w.l(handlers.o)
    0x08010a48   0x08010a48   0x0000000e   Code   RO         2971    i.__scatterload_zeroinit  mc_w.l(handlers.o)
    0x08010a56   0x08010a56   0x00000002   PAD
    0x08010a58   0x08010a58   0x0000000c   Code   RO         2945    i.__set_errno       mc_w.l(errno.o)
    0x08010a64   0x08010a64   0x00000184   Code   RO         2839    i._fp_digits        mc_w.l(printfa.o)
    0x08010be8   0x08010be8   0x000006dc   Code   RO         2840    i._printf_core      mc_w.l(printfa.o)
    0x080112c4   0x080112c4   0x00000024   Code   RO         2841    i._printf_post_padding  mc_w.l(printfa.o)
    0x080112e8   0x080112e8   0x0000002e   Code   RO         2842    i._printf_pre_padding  mc_w.l(printfa.o)
    0x08011316   0x08011316   0x0000000a   Code   RO         2844    i._sputc            mc_w.l(printfa.o)
    0x08011320   0x08011320   0x0000006c   Code   RO         2861    i.malloc            mc_w.l(malloc.o)
    0x0801138c   0x0801138c   0x00000020   Data   RO         2905    .constdata          m_wv.l(rredf.o)
    0x080113ac   0x080113ac   0x00000028   Data   RO          192    .rodata..Lswitch.table.DMA1_Stream2_IRQHandler.25  stm32h7xx_it.o
    0x080113d4   0x080113d4   0x00000028   Data   RO          193    .rodata..Lswitch.table.DMA1_Stream2_IRQHandler.29  stm32h7xx_it.o
    0x080113fc   0x080113fc   0x00000028   Data   RO          194    .rodata..Lswitch.table.DMA1_Stream2_IRQHandler.33  stm32h7xx_it.o
    0x08011424   0x08011424   0x00000006   Data   RO         1811    .rodata..Lswitch.table.UART_SetConfig.5  stm32h7xx_hal_uart.o
    0x0801142a   0x0801142a   0x00000006   Data   RO         1812    .rodata..Lswitch.table.UART_SetConfig.7  stm32h7xx_hal_uart.o
    0x08011430   0x08011430   0x00000010   Data   RO         1866    .rodata.D1CorePrescTable  system_stm32h7xx.o
    0x08011440   0x08011440   0x0000000a   Data   RO         2022    .rodata.FT5206_TPX_TBL  ft5206.o
    0x0801144a   0x0801144a   0x00000018   Data   RO         1810    .rodata.UARTPrescTable  stm32h7xx_hal_uart.o
    0x08011462   0x08011462   0x00000474   Data   RO         1942    .rodata.asc2_1206   dev_lcd.o
    0x080118d6   0x080118d6   0x000005f0   Data   RO         1943    .rodata.asc2_1608   dev_lcd.o
    0x08011ec6   0x08011ec6   0x00000d5c   Data   RO         1944    .rodata.asc2_2412   dev_lcd.o
    0x08012c22   0x08012c22   0x00002f80   Data   RO         1945    .rodata.asc2_3216   dev_lcd.o
    0x08015ba2   0x08015ba2   0x00000010   Data   RO         1853    .rodata.cst8        stm32h7xx_hal_uart_ex.o
    0x08015bb2   0x08015bb2   0x00000002   PAD
    0x08015bb4   0x08015bb4   0x00000020   Data   RO         2968    Region$$Table       anon$$obj.o


    Execution Region RW_IRAM1 (Exec base: 0x20000000, Load base: 0x08015bd4, Size: 0x00000000, Max: 0x00020000, ABSOLUTE)

    **** No section assigned to this execution region ****


    Execution Region RW_IRAM2 (Exec base: 0x24000000, Load base: 0x08015bd8, Size: 0x0001aee8, Max: 0x00080000, ABSOLUTE)

    Exec Addr    Load Addr    Size         Type   Attr      Idx    E Section Name        Object

    0x24000000   0x08015bd8   0x00000004   Data   RW         2941    .data               mc_w.l(mvars.o)
    0x24000004   0x08015bdc   0x00000004   Data   RW         2942    .data               mc_w.l(mvars.o)
    0x24000008   0x08015be0   0x00000004   Data   RW         2946    .data               mc_w.l(errno.o)
    0x2400000c   0x08015be4   0x00000008   Data   RW          946    .data..L_MergedGlobals  stm32h7xx_hal.o
    0x24000014   0x08015bec   0x00000008   Data   RW         1867    .data..L_MergedGlobals  system_stm32h7xx.o
    0x2400001c   0x08015bf4   0x00000058   Data   RW         2072    .data..L_MergedGlobals  touch.o
    0x24000074   0x08015c4c   0x00000002   Data   RW         2554    .data.FR2_DATA      ad9959.o
    0x24000076   0x08015c4e   0x00000002   Data   RW         2429    .data.colorLength   interface.o
    0x24000078   0x08015c50   0x00000004   Data   RW         2101    .data.deltaT        pipline.o
    0x2400007c   0x08015c54   0x00000001   Data   RW         2483    .data.selectChannel  userinterface.o
    0x2400007d   0x08015c55   0x00000003   PAD
    0x24000080        -       0x0000007c   Zero   RW           50    .bss..L_MergedGlobals  adc.o
    0x240000fc        -       0x00000018   Zero   RW         2102    .bss..L_MergedGlobals  pipline.o
    0x24000114        -       0x00000050   Zero   RW         2268    .bss..L_MergedGlobals  touchevent.o
    0x24000164        -       0x00000008   Zero   RW         2278    .bss..L_MergedGlobals  shadecursor.o
    0x2400016c        -       0x00000044   Zero   RW         2484    .bss..L_MergedGlobals  userinterface.o
    0x240001b0        -       0x00000008   Zero   RW         2495    .bss..L_MergedGlobals  keyevent.o
    0x240001b8        -       0x00000014   Zero   RW         2578    .bss..L_MergedGlobals  dds.o
    0x240001cc        -       0x00000002   Zero   RW         2556    .bss.CPOW0_DATA     ad9959.o
    0x240001ce   0x08015c55   0x00000002   PAD
    0x240001d0        -       0x00000001   Zero   RW           91    .bss.FMC_Initialized  fmc.o
    0x240001d1   0x08015c55   0x00000003   PAD
    0x240001d4        -       0x00000004   Zero   RW         2333    .bss.busy           osc.o
    0x240001d8        -       0x00000002   Zero   RW         2428    .bss.colorIndex     interface.o
    0x240001da   0x08015c55   0x00000002   PAD
    0x240001dc        -       0x00000200   Zero   RW         2427    .bss.colorList      interface.o
    0x240003dc        -       0x00000200   Zero   RW         2360    .bss.dacWave        waveg.o
    0x240005dc        -       0x00000404   Zero   RW         2258    .bss.eventBuffer    event.o
    0x240009e0        -       0x00000004   Zero   RW         1988    .bss.fac_us         bsp_delay.o
    0x240009e4        -       0x00000004   Zero   RW         2154    .bss.fpsN           uisample.o
    0x240009e8        -       0x00000064   Zero   RW           47    .bss.hadc1          adc.o
    0x24000a4c        -       0x00000064   Zero   RW           48    .bss.hadc2          adc.o
    0x24000ab0        -       0x00000014   Zero   RW           65    .bss.hdac1          dac.o
    0x24000ac4        -       0x00000078   Zero   RW           49    .bss.hdma_adc2      adc.o
    0x24000b3c        -       0x00000078   Zero   RW           66    .bss.hdma_dac1_ch1  dac.o
    0x24000bb4        -       0x00000004   Zero   RW         2131    .bss.head           uiobject.o
    0x24000bb8        -       0x00000054   Zero   RW          107    .bss.hi2c1          i2c.o
    0x24000c0c        -       0x0000004c   Zero   RW           90    .bss.hsram1         fmc.o
    0x24000c58        -       0x0000004c   Zero   RW          134    .bss.htim13         tim.o
    0x24000ca4        -       0x0000004c   Zero   RW          135    .bss.htim15         tim.o
    0x24000cf0        -       0x0000004c   Zero   RW          132    .bss.htim6          tim.o
    0x24000d3c        -       0x0000004c   Zero   RW          133    .bss.htim7          tim.o
    0x24000d88        -       0x00000094   Zero   RW          154    .bss.huart1         usart.o
    0x24000e1c        -       0x00000094   Zero   RW          155    .bss.huart2         usart.o
    0x24000eb0        -       0x00000004   Zero   RW         2452    .bss.lastTick       uifloatingwindow.o
    0x24000eb4        -       0x00000010   Zero   RW         1946    .bss.lcddev         dev_lcd.o
    0x24000ec4        -       0x00000004   Zero   RW         2453    .bss.thisFloatingWindow  uifloatingwindow.o
    0x24000ec8        -       0x00000004   Zero   RW          945    .bss.uwTick         stm32h7xx_hal.o
    0x24000ecc        -       0x00000018   Zero   RW         2361    .bss.waveG          waveg.o
    0x24000ee4   0x08015c55   0x00000004   PAD
    0x24000ee8        -       0x00018000   Zero   RW            2    HEAP                startup_stm32h750xx.o
    0x24018ee8        -       0x00002000   Zero   RW            1    STACK               startup_stm32h750xx.o


==============================================================================

Image component sizes


      Code (inc. data)   RO Data    RW Data    ZI Data      Debug   Object Name

      1590         12          0          2          2       7250   ad9959.o
       716          0          0          0        444       8398   adc.o
       214          0          0          0          4       2138   bsp_delay.o
      1430          0          0          0          0       6191   ctiic.o
       302          0          0          0        140       6551   dac.o
       274          0          0          0         20       2737   dds.o
      8576          0      18240          0         16      73084   dev_lcd.o
       100          0          0          0          0       5473   dma.o
        88          0          0          0       1028       1065   event.o
       350          0          0          0         77       9056   fmc.o
       868          0         10          0          0       5664   ft5206.o
       198          0          0          0          0       2997   gpio.o
       252          0          0          0         84       8157   i2c.o
      4114          0          0          2        514      20986   interface.o
       386          0          0          0          8       2399   keyevent.o
      1024          0          0          0          0      11036   main.o
         0          0          0          0          4      11971   osc.o
      1934          0          0          4         24      10152   pipline.o
       486          0          0          0          8       1456   shadecursor.o
        36          8        664          0     106496        812   startup_stm32h750xx.o
       360          0          0          8          4      15031   stm32h7xx_hal.o
      1866         14          0          0          0      28134   stm32h7xx_hal_adc.o
       176          0          0          0          0      29941   stm32h7xx_hal_adc_ex.o
       378          0          0          0          0      12476   stm32h7xx_hal_cortex.o
       800          0          0          0          0       9289   stm32h7xx_hal_dac.o
       124          0          0          0          0       9968   stm32h7xx_hal_dac_ex.o
      4958         12          0          0          0      17896   stm32h7xx_hal_dma.o
       214          0          0          0          0       8567   stm32h7xx_hal_dma_ex.o
       462          0          0          0          0       6936   stm32h7xx_hal_gpio.o
       176          0          0          0          0      64379   stm32h7xx_hal_i2c.o
       146          0          0          0          0       7549   stm32h7xx_hal_i2c_ex.o
        70          0          0          0          0       2524   stm32h7xx_hal_msp.o
        76          0          0          0          0      10568   stm32h7xx_hal_pwr_ex.o
      2532         16          0          0          0      11651   stm32h7xx_hal_rcc.o
      5376        226          0          0          0      19849   stm32h7xx_hal_rcc_ex.o
       108          0          0          0          0      13782   stm32h7xx_hal_sram.o
      1350          4          0          0          0      66104   stm32h7xx_hal_tim.o
       206          0          0          0          0      25404   stm32h7xx_hal_tim_ex.o
      2698        332         36          0          0      43061   stm32h7xx_hal_uart.o
       334          0         16          0          0      11469   stm32h7xx_hal_uart_ex.o
     11910          0        120          0          0      10899   stm32h7xx_it.o
       314          0          0          0          0       9128   stm32h7xx_ll_fmc.o
       204          0         16          8          0       5839   system_stm32h7xx.o
       628          0          0          0        304      11863   tim.o
       398          0          0         88          0      27147   touch.o
       180          0          0          0         80       1534   touchevent.o
       312         16          0          0          0       5801   uibutton.o
       660          0          0          0          8       3816   uifloatingwindow.o
       236          0          0          0          4       3960   uiobject.o
       520         80          0          0          4       3964   uisample.o
       468          0          0          0        296       9205   usart.o
      1352        102          0          1         68       7113   userinterface.o
      2056         20          0          0        536       6953   waveg.o

    ----------------------------------------------------------------------
     65216        870      19136        116     110184     719373   Object Totals
         0          0         32          0          0          0   (incl. Generated)
       630         28          2          3         11          0   (incl. Padding)

    ----------------------------------------------------------------------

      Code (inc. data)   RO Data    RW Data    ZI Data      Debug   Library Member Name

        38          0          0          0          0        116   fpclassifyf.o
        38         12          0          0          0        348   funder.o
       340         24         32          0          0        160   rredf.o
       400         56          0          0          0        212   sinf.o
         0          0          0          0          0          0   entry.o
         0          0          0          0          0          0   entry10a.o
         0          0          0          0          0          0   entry11a.o
         8          4          0          0          0          0   entry2.o
         4          0          0          0          0          0   entry5.o
         0          0          0          0          0          0   entry7b.o
         0          0          0          0          0          0   entry8b.o
         8          4          0          0          0          0   entry9a.o
        12          6          0          4          0         68   errno.o
        30          0          0          0          0          0   handlers.o
        48         10          0          0          0         68   init.o
         0          0          0          0          0          0   iusefp.o
        30          0          0          0          0         68   llshl.o
        36          0          0          0          0         68   llsshr.o
        32          0          0          0          0         68   llushr.o
       108         16          0          0          0         84   malloc.o
        36          0          0          0          0        108   memseta.o
         0          0          0          8          0          0   mvars.o
      2276         86          0          0          0        520   printfa.o
        44          0          0          0          0         80   uidiv.o
        98          0          0          0          0         92   uldiv.o
        48          0          0          0          0         68   cdrcmple.o
       334          0          0          0          0        148   dadd.o
       222          0          0          0          0        100   ddiv.o
       186          0          0          0          0        176   depilogue.o
        48          0          0          0          0         68   dfixul.o
       228          0          0          0          0         96   dmul.o

    ----------------------------------------------------------------------
      4660        218         32         12          0       2716   Library Totals
         8          0          0          0          0          0   (incl. Padding)

    ----------------------------------------------------------------------

      Code (inc. data)   RO Data    RW Data    ZI Data      Debug   Library Name

       816         92         32          0          0        836   m_wv.l
      2770        126          0         12          0       1224   mc_w.l
      1066          0          0          0          0        656   mf_w.l

    ----------------------------------------------------------------------
      4660        218         32         12          0       2716   Library Totals

    ----------------------------------------------------------------------

==============================================================================


      Code (inc. data)   RO Data    RW Data    ZI Data      Debug   

     69876       1088      19168        128     110184     719857   Grand Totals
     69876       1088      19168        128     110184     719857   ELF Image Totals
     69876       1088      19168        128          0          0   ROM Totals

==============================================================================

    Total RO  Size (Code + RO Data)                89044 (  86.96kB)
    Total RW  Size (RW Data + ZI Data)            110312 ( 107.73kB)
    Total ROM Size (Code + RO Data + RW Data)      89172 (  87.08kB)

==============================================================================

