<html>
<body>
<pre>
<h1>µVision Build Log</h1>
<h2>Tool Versions:</h2>
IDE-Version: ¦ÌVision V5.40.0.0
Copyright (C) 2024 ARM Ltd and ARM Germany GmbH. All rights reserved.
License Information: ChadPeng
HP Inc.
User-based license: Keil MDK Community (non-commercial free of charge)
Valid until: Jun 1 2033. Cached until: Jul 27 2024
 
Tool Versions:
Toolchain:       Keil MDK Community (non-commercial free of charge  Version: 5.40.0.3
Toolchain Path:  C:\Keil_v5\ARM\ARMCLANG\Bin
C Compiler:      ArmClang.exe V6.22
Assembler:       Armasm.exe V6.22
Linker/Locator:  ArmLink.exe V6.22
Library Manager: ArmAr.exe V6.22
Hex Converter:   FromElf.exe V6.22
CPU DLL:         SARMCM3.DLL V5.40.0.3
Dialog DLL:      DCM.DLL V1.17.5.0
Target DLL:      STLink\ST-LINKIII-KEIL_SWO.dll V3.3.0.0
Dialog DLL:      TCM.DLL V1.56.4.0
 
<h2>Project:</h2>
D:\my_project\ELECAP\MDK-ARM\ELECAP.uvprojx
Project File Date:  07/20/2024

<h2>Output:</h2>
*** Using Compiler 'V6.22', folder: 'C:\Keil_v5\ARM\ARMCLANG\Bin'
Rebuild target 'ELECAP'
compiling stm32h7xx_it.c...
compiling gpio.c...
compiling i2c.c...
compiling usart.c...
compiling stm32h7xx_hal_msp.c...
compiling tim.c...
compiling dac.c...
compiling adc.c...
compiling dma.c...
compiling fmc.c...
assembling startup_stm32h750xx.s...
compiling main.c...
compiling stm32h7xx_hal_adc.c...
compiling stm32h7xx_hal_hsem.c...
compiling stm32h7xx_hal_adc_ex.c...
compiling stm32h7xx_hal_gpio.c...
compiling stm32h7xx_hal_flash_ex.c...
compiling stm32h7xx_hal_rcc.c...
compiling stm32h7xx_hal_pwr.c...
compiling stm32h7xx_hal_flash.c...
compiling stm32h7xx_hal_dma_ex.c...
compiling stm32h7xx_hal_pwr_ex.c...
compiling stm32h7xx_hal_cortex.c...
compiling stm32h7xx_hal_rcc_ex.c...
compiling stm32h7xx_hal_mdma.c...
compiling stm32h7xx_hal_dma.c...
compiling stm32h7xx_hal_exti.c...
compiling stm32h7xx_hal_i2c_ex.c...
compiling stm32h7xx_hal.c...
compiling stm32h7xx_hal_dac_ex.c...
compiling stm32h7xx_hal_dac.c...
compiling stm32h7xx_ll_fmc.c...
compiling system_stm32h7xx.c...
compiling stm32h7xx_hal_sram.c...
compiling stm32h7xx_hal_uart_ex.c...
compiling stm32h7xx_hal_tim_ex.c...
compiling bsp_key.c...
compiling bsp_delay.c...
compiling bsp_system.c...
compiling pipline.c...
compiling ft5206.c...
compiling ctiic.c...
compiling stm32h7xx_hal_uart.c...
compiling UIobject.c...
compiling stm32h7xx_hal_tim.c...
compiling stm32h7xx_hal_i2c.c...
compiling touch.c...
compiling event.c...
compiling bsp_spi.c...
compiling dev_lcd.c...
compiling UIsample.c...
compiling interference.c...
compiling UIbutton.c...
compiling dev_w25qxx_lz.c...
compiling touchEvent.c...
compiling shadeCursor.c...
compiling UIwave.c...
compiling ITHandler.c...
compiling waveG.c...
compiling osc.c...
linking...
Program Size: Code=58368 RO-data=19104 RW-data=120 ZI-data=550664  
FromELF: creating hex file...
"ELECAP\ELECAP.axf" - 0 Error(s), 0 Warning(s).

<h2>Software Packages used:</h2>

Package Vendor: ARM
                https://www.keil.com/pack/ARM.CMSIS.6.1.0.pack
                ARM::CMSIS@6.1.0
                CMSIS (Common Microcontroller Software Interface Standard)
   * Component: CORE Version: 6.1.0

Package Vendor: Keil
                https://www.keil.com/pack/Keil.STM32H7xx_DFP.3.1.1.pack
                Keil::STM32H7xx_DFP@3.1.1
                STMicroelectronics STM32H7 Series Device Support and Examples

<h2>Collection of Component include folders:</h2>
  ./RTE/_ELECAP
  C:/Users/ChadPeng/AppData/Local/Arm/Packs/ARM/CMSIS/6.1.0/CMSIS/Core/Include
  C:/Users/ChadPeng/AppData/Local/Arm/Packs/Keil/STM32H7xx_DFP/3.1.1/Drivers/CMSIS/Device/ST/STM32H7xx/Include

<h2>Collection of Component Files used:</h2>

   * Component: ARM::CMSIS:CORE@6.1.0
      Include file:  CMSIS/Core/Include/tz_context.h
Build Time Elapsed:  00:00:03
</pre>
</body>
</html>
