Component: Arm Compiler for Embedded 6.22 Tool: armlink [5ee90200]

==============================================================================

Section Cross References

    startup_stm32h750xx.o(RESET) refers to startup_stm32h750xx.o(STACK) for __initial_sp
    startup_stm32h750xx.o(RESET) refers to startup_stm32h750xx.o(.text) for Reset_Handler
    startup_stm32h750xx.o(RESET) refers to stm32h7xx_it.o(.text.NMI_Handler) for NMI_Handler
    startup_stm32h750xx.o(RESET) refers to stm32h7xx_it.o(.text.HardFault_Handler) for HardFault_Handler
    startup_stm32h750xx.o(RESET) refers to stm32h7xx_it.o(.text.MemManage_Handler) for MemManage_Handler
    startup_stm32h750xx.o(RESET) refers to stm32h7xx_it.o(.text.BusFault_Handler) for BusFault_Handler
    startup_stm32h750xx.o(RESET) refers to stm32h7xx_it.o(.text.UsageFault_Handler) for UsageFault_Handler
    startup_stm32h750xx.o(RESET) refers to stm32h7xx_it.o(.text.SVC_Handler) for SVC_Handler
    startup_stm32h750xx.o(RESET) refers to stm32h7xx_it.o(.text.DebugMon_Handler) for DebugMon_Handler
    startup_stm32h750xx.o(RESET) refers to stm32h7xx_it.o(.text.PendSV_Handler) for PendSV_Handler
    startup_stm32h750xx.o(RESET) refers to stm32h7xx_it.o(.text.SysTick_Handler) for SysTick_Handler
    startup_stm32h750xx.o(RESET) refers to stm32h7xx_it.o(.text.DMA1_Stream0_IRQHandler) for DMA1_Stream0_IRQHandler
    startup_stm32h750xx.o(RESET) refers to stm32h7xx_it.o(.text.DMA1_Stream1_IRQHandler) for DMA1_Stream1_IRQHandler
    startup_stm32h750xx.o(RESET) refers to stm32h7xx_it.o(.text.DMA1_Stream2_IRQHandler) for DMA1_Stream2_IRQHandler
    startup_stm32h750xx.o(RESET) refers to touch.o(.text.EXTI9_5_IRQHandler) for EXTI9_5_IRQHandler
    startup_stm32h750xx.o(RESET) refers to stm32h7xx_it.o(.text.TIM8_UP_TIM13_IRQHandler) for TIM8_UP_TIM13_IRQHandler
    startup_stm32h750xx.o(RESET) refers to stm32h7xx_it.o(.text.DMAMUX1_OVR_IRQHandler) for DMAMUX1_OVR_IRQHandler
    startup_stm32h750xx.o(.text) refers to system_stm32h7xx.o(.text.SystemInit) for SystemInit
    startup_stm32h750xx.o(.text) refers to entry.o(.ARM.Collect$$$$00000000) for __main
    main.o(.text.main) refers to stm32h7xx_hal_cortex.o(.text.HAL_MPU_Disable) for HAL_MPU_Disable
    main.o(.text.main) refers to stm32h7xx_hal_cortex.o(.text.HAL_MPU_ConfigRegion) for HAL_MPU_ConfigRegion
    main.o(.text.main) refers to stm32h7xx_hal_cortex.o(.text.HAL_MPU_Enable) for HAL_MPU_Enable
    main.o(.text.main) refers to stm32h7xx_hal.o(.text.HAL_Init) for HAL_Init
    main.o(.text.main) refers to main.o(.text.SystemClock_Config) for SystemClock_Config
    main.o(.text.main) refers to memseta.o(.text) for __aeabi_memclr8
    main.o(.text.main) refers to stm32h7xx_hal_rcc_ex.o(.text.HAL_RCCEx_PeriphCLKConfig) for HAL_RCCEx_PeriphCLKConfig
    main.o(.text.main) refers to bsp_delay.o(.text.SysTick_clkconfig) for SysTick_clkconfig
    main.o(.text.main) refers to gpio.o(.text.MX_GPIO_Init) for MX_GPIO_Init
    main.o(.text.main) refers to dma.o(.text.MX_DMA_Init) for MX_DMA_Init
    main.o(.text.main) refers to fmc.o(.text.MX_FMC_Init) for MX_FMC_Init
    main.o(.text.main) refers to usart.o(.text.MX_USART1_UART_Init) for MX_USART1_UART_Init
    main.o(.text.main) refers to adc.o(.text.MX_ADC1_Init) for MX_ADC1_Init
    main.o(.text.main) refers to tim.o(.text.MX_TIM6_Init) for MX_TIM6_Init
    main.o(.text.main) refers to adc.o(.text.MX_ADC2_Init) for MX_ADC2_Init
    main.o(.text.main) refers to dac.o(.text.MX_DAC1_Init) for MX_DAC1_Init
    main.o(.text.main) refers to usart.o(.text.MX_USART2_UART_Init) for MX_USART2_UART_Init
    main.o(.text.main) refers to i2c.o(.text.MX_I2C1_Init) for MX_I2C1_Init
    main.o(.text.main) refers to tim.o(.text.MX_TIM7_Init) for MX_TIM7_Init
    main.o(.text.main) refers to tim.o(.text.MX_TIM13_Init) for MX_TIM13_Init
    main.o(.text.main) refers to tim.o(.text.MX_TIM15_Init) for MX_TIM15_Init
    main.o(.text.main) refers to tim.o(.bss.htim15) for htim15
    main.o(.text.main) refers to stm32h7xx_hal_tim.o(.text.HAL_TIM_Base_Start) for HAL_TIM_Base_Start
    main.o(.text.main) refers to tim.o(.bss.htim13) for htim13
    main.o(.text.main) refers to stm32h7xx_hal_tim.o(.text.HAL_TIM_Base_Start_IT) for HAL_TIM_Base_Start_IT
    main.o(.text.main) refers to waveg.o(.text.initWaveG) for initWaveG
    main.o(.text.main) refers to osc.o(.text.initOscData) for initOscData
    main.o(.text.main) refers to main.o(.bss.thisOsc) for thisOsc
    main.o(.text.main) refers to stm32h7xx_hal.o(.text.HAL_Delay) for HAL_Delay
    main.o(.text.main) refers to dev_lcd.o(.text.LCD_Init) for LCD_Init
    main.o(.text.main) refers to touch.o(.data..L_MergedGlobals) for tp_dev
    main.o(.text.main) refers to pipline.o(.text.graphInit) for graphInit
    main.o(.text.main) refers to osc.o(.text.getWaveCH1) for getWaveCH1
    main.o(.text.main) refers to osc.o(.text.bindOscWaveCh1) for bindOscWaveCh1
    main.o(.text.main) refers to osc.o(.text.processWave) for processWave
[...]
    USART1_IRQHandler                        0x080002c7   Thumb Code     0  startup_stm32h750xx.o(.text)
    USART2_IRQHandler                        0x080002c7   Thumb Code     0  startup_stm32h750xx.o(.text)
    USART3_IRQHandler                        0x080002c7   Thumb Code     0  startup_stm32h750xx.o(.text)
    USART6_IRQHandler                        0x080002c7   Thumb Code     0  startup_stm32h750xx.o(.text)
    WAKEUP_PIN_IRQHandler                    0x080002c7   Thumb Code     0  startup_stm32h750xx.o(.text)
    WWDG_IRQHandler                          0x080002c7   Thumb Code     0  startup_stm32h750xx.o(.text)
    __aeabi_uldivmod                         0x080002d1   Thumb Code    98  uldiv.o(.text)
    __aeabi_memset                           0x08000333   Thumb Code    14  memseta.o(.text)
    __aeabi_memset4                          0x08000333   Thumb Code     0  memseta.o(.text)
    __aeabi_memset8                          0x08000333   Thumb Code     0  memseta.o(.text)
    __aeabi_memclr                           0x08000341   Thumb Code     4  memseta.o(.text)
    __aeabi_memclr4                          0x08000341   Thumb Code     0  memseta.o(.text)
    __aeabi_memclr8                          0x08000341   Thumb Code     0  memseta.o(.text)
    _memset$wrapper                          0x08000345   Thumb Code    18  memseta.o(.text)
    __aeabi_uidiv                            0x08000357   Thumb Code     0  uidiv.o(.text)
    __aeabi_uidivmod                         0x08000357   Thumb Code    44  uidiv.o(.text)
    __aeabi_llsl                             0x08000383   Thumb Code    30  llshl.o(.text)
    _ll_shift_l                              0x08000383   Thumb Code     0  llshl.o(.text)
    __aeabi_llsr                             0x080003a1   Thumb Code    32  llushr.o(.text)
    _ll_ushift_r                             0x080003a1   Thumb Code     0  llushr.o(.text)
    __I$use$fp                               0x080003c1   Thumb Code     0  iusefp.o(.text)
    __aeabi_dadd                             0x080003c1   Thumb Code   322  dadd.o(.text)
    __aeabi_dsub                             0x08000503   Thumb Code     6  dadd.o(.text)
    __aeabi_drsub                            0x08000509   Thumb Code     6  dadd.o(.text)
    __aeabi_dmul                             0x0800050f   Thumb Code   228  dmul.o(.text)
    __aeabi_ddiv                             0x080005f3   Thumb Code   222  ddiv.o(.text)
    __aeabi_d2ulz                            0x080006d1   Thumb Code    48  dfixul.o(.text)
    __aeabi_cdrcmple                         0x08000701   Thumb Code    48  cdrcmple.o(.text)
    __scatterload                            0x08000731   Thumb Code    38  init.o(.text)
    __scatterload_rt2                        0x08000731   Thumb Code     0  init.o(.text)
    __aeabi_lasr                             0x08000761   Thumb Code    36  llsshr.o(.text)
    _ll_sshift_r                             0x08000761   Thumb Code     0  llsshr.o(.text)
    _double_round                            0x08000785   Thumb Code    30  depilogue.o(.text)
    _double_epilogue                         0x080007a3   Thumb Code   156  depilogue.o(.text)
    ADC_ConfigureBoostMode                   0x08000841   Thumb Code   300  stm32h7xx_hal_adc.o(.text.ADC_ConfigureBoostMode)
    ADC_ConversionStop                       0x08000971   Thumb Code   244  stm32h7xx_hal_adc.o(.text.ADC_ConversionStop)
    ADC_DMAConvCplt                          0x08000a69   Thumb Code    94  stm32h7xx_hal_adc.o(.text.ADC_DMAConvCplt)
    ADC_DMAError                             0x08000ac9   Thumb Code    22  stm32h7xx_hal_adc.o(.text.ADC_DMAError)
    ADC_DMAHalfConvCplt                      0x08000ae1   Thumb Code     6  stm32h7xx_hal_adc.o(.text.ADC_DMAHalfConvCplt)
    ADC_Enable                               0x08000ae9   Thumb Code   170  stm32h7xx_hal_adc.o(.text.ADC_Enable)
    BusFault_Handler                         0x08000b99   Thumb Code     2  stm32h7xx_it.o(.text.BusFault_Handler)
    CT_IIC_Init                              0x08000ba1   Thumb Code    98  ctiic.o(.text.CT_IIC_Init)
    CT_IIC_Read_Byte                         0x08000c09   Thumb Code   554  ctiic.o(.text.CT_IIC_Read_Byte)
    CT_IIC_Send_Byte                         0x08000e39   Thumb Code   440  ctiic.o(.text.CT_IIC_Send_Byte)
    CT_IIC_Start                             0x08000ff1   Thumb Code    82  ctiic.o(.text.CT_IIC_Start)
    CT_IIC_Stop                              0x08001049   Thumb Code    82  ctiic.o(.text.CT_IIC_Stop)
    CT_IIC_Wait_Ack                          0x080010a1   Thumb Code   174  ctiic.o(.text.CT_IIC_Wait_Ack)
    DAC_DMAConvCpltCh1                       0x08001151   Thumb Code    16  stm32h7xx_hal_dac.o(.text.DAC_DMAConvCpltCh1)
    DAC_DMAConvCpltCh2                       0x08001161   Thumb Code    16  stm32h7xx_hal_dac_ex.o(.text.DAC_DMAConvCpltCh2)
    DAC_DMAErrorCh1                          0x08001171   Thumb Code    24  stm32h7xx_hal_dac.o(.text.DAC_DMAErrorCh1)
    DAC_DMAErrorCh2                          0x08001189   Thumb Code    24  stm32h7xx_hal_dac_ex.o(.text.DAC_DMAErrorCh2)
    DAC_DMAHalfConvCpltCh1                   0x080011a1   Thumb Code     6  stm32h7xx_hal_dac.o(.text.DAC_DMAHalfConvCpltCh1)
    DAC_DMAHalfConvCpltCh2                   0x080011a9   Thumb Code     6  stm32h7xx_hal_dac_ex.o(.text.DAC_DMAHalfConvCpltCh2)
    DMA1_Stream0_IRQHandler                  0x080011b1   Thumb Code  4278  stm32h7xx_it.o(.text.DMA1_Stream0_IRQHandler)
    DMA1_Stream1_IRQHandler                  0x08002269   Thumb Code  3782  stm32h7xx_it.o(.text.DMA1_Stream1_IRQHandler)
    DMA1_Stream2_IRQHandler                  0x08003131   Thumb Code  3782  stm32h7xx_it.o(.text.DMA1_Stream2_IRQHandler)
    DMAMUX1_OVR_IRQHandler                   0x08003ff9   Thumb Code    12  stm32h7xx_it.o(.text.DMAMUX1_OVR_IRQHandler)
    DebugMon_Handler                         0x08004439   Thumb Code     2  stm32h7xx_it.o(.text.DebugMon_Handler)
    EXTI9_5_IRQHandler                       0x08004441   Thumb Code     8  touch.o(.text.EXTI9_5_IRQHandler)
    Error_Handler                            0x08004449   Thumb Code    10  main.o(.text.Error_Handler)
    FMC_NORSRAM_Extended_Timing_Init         0x08004459   Thumb Code    76  stm32h7xx_ll_fmc.o(.text.FMC_NORSRAM_Extended_Timing_Init)
    FMC_NORSRAM_Init                         0x080044a9   Thumb Code   142  stm32h7xx_ll_fmc.o(.text.FMC_NORSRAM_Init)
    FMC_NORSRAM_Timing_Init                  0x08004539   Thumb Code    96  stm32h7xx_ll_fmc.o(.text.FMC_NORSRAM_Timing_Init)
    FT5206_Init                              0x08004599   Thumb Code   348  ft5206.o(.text.FT5206_Init)
    FT5206_RD_Reg                            0x080046f9   Thumb Code    80  ft5206.o(.text.FT5206_RD_Reg)
    FT5206_Scan                              0x08004749   Thumb Code   454  ft5206.o(.text.FT5206_Scan)
    HAL_ADCEx_MultiModeConfigChannel         0x08004911   Thumb Code   176  stm32h7xx_hal_adc_ex.o(.text.HAL_ADCEx_MultiModeConfigChannel)
    HAL_ADC_ConfigChannel                    0x080049c1   Thumb Code   968  stm32h7xx_hal_adc.o(.text.HAL_ADC_ConfigChannel)
    HAL_ADC_ConvCpltCallback                 0x08004d89   Thumb Code     2  stm32h7xx_hal_adc.o(.text.HAL_ADC_ConvCpltCallback)
    HAL_ADC_ConvHalfCpltCallback             0x08004d91   Thumb Code     2  stm32h7xx_hal_adc.o(.text.HAL_ADC_ConvHalfCpltCallback)
    HAL_ADC_ErrorCallback                    0x08004d99   Thumb Code     2  stm32h7xx_hal_adc.o(.text.HAL_ADC_ErrorCallback)
    HAL_ADC_Init                             0x08004da1   Thumb Code   598  stm32h7xx_hal_adc.o(.text.HAL_ADC_Init)
    HAL_ADC_MspInit                          0x08004ff9   Thumb Code   402  adc.o(.text.HAL_ADC_MspInit)
    HAL_ADC_Start_DMA                        0x08005191   Thumb Code   272  stm32h7xx_hal_adc.o(.text.HAL_ADC_Start_DMA)
    HAL_ADC_Stop_DMA                         0x080052a1   Thumb Code   324  stm32h7xx_hal_adc.o(.text.HAL_ADC_Stop_DMA)
    HAL_DACEx_ConvCpltCallbackCh2            0x080053e9   Thumb Code     2  stm32h7xx_hal_dac_ex.o(.text.HAL_DACEx_ConvCpltCallbackCh2)
    HAL_DACEx_ConvHalfCpltCallbackCh2        0x080053f1   Thumb Code     2  stm32h7xx_hal_dac_ex.o(.text.HAL_DACEx_ConvHalfCpltCallbackCh2)
    HAL_DACEx_ErrorCallbackCh2               0x080053f9   Thumb Code     2  stm32h7xx_hal_dac_ex.o(.text.HAL_DACEx_ErrorCallbackCh2)
    HAL_DACEx_TriangleWaveGenerate           0x08005401   Thumb Code    72  stm32h7xx_hal_dac_ex.o(.text.HAL_DACEx_TriangleWaveGenerate)
    HAL_DAC_ConfigChannel                    0x08005449   Thumb Code   372  stm32h7xx_hal_dac.o(.text.HAL_DAC_ConfigChannel)
    HAL_DAC_ConvCpltCallbackCh1              0x080055c1   Thumb Code     2  stm32h7xx_hal_dac.o(.text.HAL_DAC_ConvCpltCallbackCh1)
    HAL_DAC_ConvHalfCpltCallbackCh1          0x080055c9   Thumb Code     2  stm32h7xx_hal_dac.o(.text.HAL_DAC_ConvHalfCpltCallbackCh1)
    HAL_DAC_ErrorCallbackCh1                 0x080055d1   Thumb Code     2  stm32h7xx_hal_dac.o(.text.HAL_DAC_ErrorCallbackCh1)
    HAL_DAC_Init                             0x080055d9   Thumb Code    44  stm32h7xx_hal_dac.o(.text.HAL_DAC_Init)
    HAL_DAC_MspInit                          0x08005609   Thumb Code   176  dac.o(.text.HAL_DAC_MspInit)
    HAL_DAC_Start_DMA                        0x080056b9   Thumb Code   240  stm32h7xx_hal_dac.o(.text.HAL_DAC_Start_DMA)
    HAL_DAC_Stop_DMA                         0x080057a9   Thumb Code    92  stm32h7xx_hal_dac.o(.text.HAL_DAC_Stop_DMA)
    HAL_DMAEx_ConfigMuxSync                  0x08005809   Thumb Code   120  stm32h7xx_hal_dma_ex.o(.text.HAL_DMAEx_ConfigMuxSync)
    HAL_DMAEx_MUX_IRQHandler                 0x08005881   Thumb Code    94  stm32h7xx_hal_dma_ex.o(.text.HAL_DMAEx_MUX_IRQHandler)
    HAL_DMA_Abort                            0x080058e1   Thumb Code  1318  stm32h7xx_hal_dma.o(.text.HAL_DMA_Abort)
    HAL_DMA_Init                             0x08005e09   Thumb Code  1630  stm32h7xx_hal_dma.o(.text.HAL_DMA_Init)
    HAL_DMA_Start_IT                         0x08006469   Thumb Code   938  stm32h7xx_hal_dma.o(.text.HAL_DMA_Start_IT)
    HAL_Delay                                0x08006819   Thumb Code    40  stm32h7xx_hal.o(.text.HAL_Delay)
    HAL_GPIO_EXTI_Callback                   0x08006841   Thumb Code    36  touch.o(.text.HAL_GPIO_EXTI_Callback)
    HAL_GPIO_EXTI_IRQHandler                 0x08006869   Thumb Code    20  stm32h7xx_hal_gpio.o(.text.HAL_GPIO_EXTI_IRQHandler)
    HAL_GPIO_Init                            0x08006881   Thumb Code   422  stm32h7xx_hal_gpio.o(.text.HAL_GPIO_Init)
    HAL_GPIO_ReadPin                         0x08006a29   Thumb Code    10  stm32h7xx_hal_gpio.o(.text.HAL_GPIO_ReadPin)
    HAL_GPIO_WritePin                        0x08006a39   Thumb Code    10  stm32h7xx_hal_gpio.o(.text.HAL_GPIO_WritePin)
    HAL_GetREVID                             0x08006a49   Thumb Code    14  stm32h7xx_hal.o(.text.HAL_GetREVID)
    HAL_GetTick                              0x08006a59   Thumb Code    12  stm32h7xx_hal.o(.text.HAL_GetTick)
    HAL_I2CEx_ConfigAnalogFilter             0x08006a69   Thumb Code    74  stm32h7xx_hal_i2c_ex.o(.text.HAL_I2CEx_ConfigAnalogFilter)
    HAL_I2CEx_ConfigDigitalFilter            0x08006ab9   Thumb Code    72  stm32h7xx_hal_i2c_ex.o(.text.HAL_I2CEx_ConfigDigitalFilter)
    HAL_I2C_Init                             0x08006b01   Thumb Code   176  stm32h7xx_hal_i2c.o(.text.HAL_I2C_Init)
    HAL_I2C_MspInit                          0x08006bb1   Thumb Code   146  i2c.o(.text.HAL_I2C_MspInit)
    HAL_IncTick                              0x08006c49   Thumb Code    26  stm32h7xx_hal.o(.text.HAL_IncTick)
    HAL_Init                                 0x08006c69   Thumb Code   100  stm32h7xx_hal.o(.text.HAL_Init)
    HAL_InitTick                             0x08006cd1   Thumb Code    80  stm32h7xx_hal.o(.text.HAL_InitTick)
    HAL_MPU_ConfigRegion                     0x08006d21   Thumb Code    94  stm32h7xx_hal_cortex.o(.text.HAL_MPU_ConfigRegion)
    HAL_MPU_Disable                          0x08006d81   Thumb Code    26  stm32h7xx_hal_cortex.o(.text.HAL_MPU_Disable)
    HAL_MPU_Enable                           0x08006da1   Thumb Code    32  stm32h7xx_hal_cortex.o(.text.HAL_MPU_Enable)
    HAL_MspInit                              0x08006dc1   Thumb Code    70  stm32h7xx_hal_msp.o(.text.HAL_MspInit)
    HAL_NVIC_EnableIRQ                       0x08006e09   Thumb Code    34  stm32h7xx_hal_cortex.o(.text.HAL_NVIC_EnableIRQ)
    HAL_NVIC_SetPriority                     0x08006e31   Thumb Code    90  stm32h7xx_hal_cortex.o(.text.HAL_NVIC_SetPriority)
    HAL_NVIC_SetPriorityGrouping             0x08006e91   Thumb Code    32  stm32h7xx_hal_cortex.o(.text.HAL_NVIC_SetPriorityGrouping)
    HAL_PWREx_ConfigSupply                   0x08006eb1   Thumb Code    76  stm32h7xx_hal_pwr_ex.o(.text.HAL_PWREx_ConfigSupply)
    HAL_RCCEx_GetD3PCLK1Freq                 0x08006f01   Thumb Code    38  stm32h7xx_hal_rcc_ex.o(.text.HAL_RCCEx_GetD3PCLK1Freq)
    HAL_RCCEx_GetPLL1ClockFreq               0x08006f29   Thumb Code   292  stm32h7xx_hal_rcc_ex.o(.text.HAL_RCCEx_GetPLL1ClockFreq)
    HAL_RCCEx_GetPLL2ClockFreq               0x08007061   Thumb Code   284  stm32h7xx_hal_rcc_ex.o(.text.HAL_RCCEx_GetPLL2ClockFreq)
    HAL_RCCEx_GetPLL3ClockFreq               0x08007191   Thumb Code   284  stm32h7xx_hal_rcc_ex.o(.text.HAL_RCCEx_GetPLL3ClockFreq)
    HAL_RCCEx_GetPeriphCLKFreq               0x080072c1   Thumb Code  1022  stm32h7xx_hal_rcc_ex.o(.text.HAL_RCCEx_GetPeriphCLKFreq)
    HAL_RCCEx_PeriphCLKConfig                0x080076c1   Thumb Code  2828  stm32h7xx_hal_rcc_ex.o(.text.HAL_RCCEx_PeriphCLKConfig)
    HAL_RCC_ClockConfig                      0x080081d1   Thumb Code   596  stm32h7xx_hal_rcc.o(.text.HAL_RCC_ClockConfig)
    HAL_RCC_GetHCLKFreq                      0x08008429   Thumb Code    76  stm32h7xx_hal_rcc.o(.text.HAL_RCC_GetHCLKFreq)
    HAL_RCC_GetPCLK1Freq                     0x08008479   Thumb Code    96  stm32h7xx_hal_rcc.o(.text.HAL_RCC_GetPCLK1Freq)
    HAL_RCC_GetPCLK2Freq                     0x080084d9   Thumb Code    96  stm32h7xx_hal_rcc.o(.text.HAL_RCC_GetPCLK2Freq)
    HAL_RCC_GetSysClockFreq                  0x08008539   Thumb Code   264  stm32h7xx_hal_rcc.o(.text.HAL_RCC_GetSysClockFreq)
    HAL_RCC_OscConfig                        0x08008651   Thumb Code  1388  stm32h7xx_hal_rcc.o(.text.HAL_RCC_OscConfig)
    HAL_SRAM_Init                            0x08008bc1   Thumb Code   108  stm32h7xx_hal_sram.o(.text.HAL_SRAM_Init)
    HAL_SRAM_MspInit                         0x08008c31   Thumb Code   212  fmc.o(.text.HAL_SRAM_MspInit)
    HAL_SYSCFG_EnableVREFBUF                 0x08008d09   Thumb Code    48  stm32h7xx_hal.o(.text.HAL_SYSCFG_EnableVREFBUF)
    HAL_SYSCFG_VREFBUF_HighImpedanceConfig   0x08008d39   Thumb Code    20  stm32h7xx_hal.o(.text.HAL_SYSCFG_VREFBUF_HighImpedanceConfig)
    HAL_SYSCFG_VREFBUF_VoltageScalingConfig  0x08008d51   Thumb Code    20  stm32h7xx_hal.o(.text.HAL_SYSCFG_VREFBUF_VoltageScalingConfig)
    HAL_SYSTICK_CLKSourceConfig              0x08008d69   Thumb Code    24  stm32h7xx_hal_cortex.o(.text.HAL_SYSTICK_CLKSourceConfig)
    HAL_SYSTICK_Config                       0x08008d81   Thumb Code    46  stm32h7xx_hal_cortex.o(.text.HAL_SYSTICK_Config)
    HAL_TIMEx_MasterConfigSynchronization    0x08008db1   Thumb Code   206  stm32h7xx_hal_tim_ex.o(.text.HAL_TIMEx_MasterConfigSynchronization)
    HAL_TIM_Base_Init                        0x08008e81   Thumb Code    96  stm32h7xx_hal_tim.o(.text.HAL_TIM_Base_Init)
    HAL_TIM_Base_MspInit                     0x08008ee1   Thumb Code   276  tim.o(.text.HAL_TIM_Base_MspInit)
    HAL_TIM_Base_Start                       0x08008ff9   Thumb Code   172  stm32h7xx_hal_tim.o(.text.HAL_TIM_Base_Start)
    HAL_TIM_Base_Start_IT                    0x080090a9   Thumb Code   180  stm32h7xx_hal_tim.o(.text.HAL_TIM_Base_Start_IT)
    HAL_TIM_Base_Stop                        0x08009161   Thumb Code    52  stm32h7xx_hal_tim.o(.text.HAL_TIM_Base_Stop)
    HAL_TIM_SlaveConfigSynchro               0x08009199   Thumb Code    88  stm32h7xx_hal_tim.o(.text.HAL_TIM_SlaveConfigSynchro)
    HAL_UARTEx_DisableFifoMode               0x080091f1   Thumb Code    54  stm32h7xx_hal_uart_ex.o(.text.HAL_UARTEx_DisableFifoMode)
    HAL_UARTEx_SetRxFifoThreshold            0x08009229   Thumb Code   140  stm32h7xx_hal_uart_ex.o(.text.HAL_UARTEx_SetRxFifoThreshold)
    HAL_UARTEx_SetTxFifoThreshold            0x080092b9   Thumb Code   140  stm32h7xx_hal_uart_ex.o(.text.HAL_UARTEx_SetTxFifoThreshold)
    HAL_UART_Init                            0x08009349   Thumb Code   100  stm32h7xx_hal_uart.o(.text.HAL_UART_Init)
    HAL_UART_MspInit                         0x080093b1   Thumb Code   220  usart.o(.text.HAL_UART_MspInit)
    HardFault_Handler                        0x08009491   Thumb Code     2  stm32h7xx_it.o(.text.HardFault_Handler)
    LCD_Fill                                 0x08009499   Thumb Code   300  dev_lcd.o(.text.LCD_Fill)
    LCD_Init                                 0x080095c9   Thumb Code  7016  dev_lcd.o(.text.LCD_Init)
    LCD_SetCursor                            0x0800b131   Thumb Code   406  dev_lcd.o(.text.LCD_SetCursor)
    LCD_Set_Window                           0x0800b2c9   Thumb Code   832  dev_lcd.o(.text.LCD_Set_Window)
    LCD_WriteRAM                             0x0800b609   Thumb Code    10  dev_lcd.o(.text.LCD_WriteRAM)
    LCD_WriteRAM_Prepare                     0x0800b619   Thumb Code    22  dev_lcd.o(.text.LCD_WriteRAM_Prepare)
    MX_ADC1_Init                             0x0800b631   Thumb Code   178  adc.o(.text.MX_ADC1_Init)
    MX_ADC2_Init                             0x0800b6e9   Thumb Code   136  adc.o(.text.MX_ADC2_Init)
    MX_DAC1_Init                             0x0800b771   Thumb Code   126  dac.o(.text.MX_DAC1_Init)
    MX_DMA_Init                              0x0800b7f1   Thumb Code   100  dma.o(.text.MX_DMA_Init)
    MX_FMC_Init                              0x0800b859   Thumb Code   138  fmc.o(.text.MX_FMC_Init)
    MX_GPIO_Init                             0x0800b8e9   Thumb Code   160  gpio.o(.text.MX_GPIO_Init)
    MX_I2C1_Init                             0x0800b989   Thumb Code   106  i2c.o(.text.MX_I2C1_Init)
    MX_TIM13_Init                            0x0800b9f9   Thumb Code    58  tim.o(.text.MX_TIM13_Init)
    MX_TIM15_Init                            0x0800ba39   Thumb Code   120  tim.o(.text.MX_TIM15_Init)
    MX_TIM6_Init                             0x0800bab1   Thumb Code    80  tim.o(.text.MX_TIM6_Init)
    MX_TIM7_Init                             0x0800bb01   Thumb Code    80  tim.o(.text.MX_TIM7_Init)
    MX_USART1_UART_Init                      0x0800bb51   Thumb Code   124  usart.o(.text.MX_USART1_UART_Init)
    MX_USART2_UART_Init                      0x0800bbd1   Thumb Code   124  usart.o(.text.MX_USART2_UART_Init)
    MemManage_Handler                        0x0800bc51   Thumb Code     2  stm32h7xx_it.o(.text.MemManage_Handler)
    NMI_Handler                              0x0800bc59   Thumb Code     2  stm32h7xx_it.o(.text.NMI_Handler)
    OscDataMessageOnCursor                   0x0800bc61   Thumb Code    36  userinterface.o(.text.OscDataMessageOnCursor)
    OscDataMessageShader                     0x0800bc89   Thumb Code   332  userinterface.o(.text.OscDataMessageShader)
    PendSV_Handler                           0x0800be11   Thumb Code     2  stm32h7xx_it.o(.text.PendSV_Handler)
    SVC_Handler                              0x0800c069   Thumb Code     2  stm32h7xx_it.o(.text.SVC_Handler)
    SysTick_Handler                          0x0800c071   Thumb Code     4  stm32h7xx_it.o(.text.SysTick_Handler)
    SysTick_clkconfig                        0x0800c079   Thumb Code    22  bsp_delay.o(.text.SysTick_clkconfig)
    SystemClock_Config                       0x0800c091   Thumb Code   316  main.o(.text.SystemClock_Config)
    SystemInit                               0x0800c1d1   Thumb Code   204  system_stm32h7xx.o(.text.SystemInit)
    TIM8_UP_TIM13_IRQHandler                 0x0800c2a1   Thumb Code    82  stm32h7xx_it.o(.text.TIM8_UP_TIM13_IRQHandler)
    TIM_Base_SetConfig                       0x0800c2f9   Thumb Code   344  stm32h7xx_hal_tim.o(.text.TIM_Base_SetConfig)
    TP_GPIO_Init                             0x0800c5e9   Thumb Code   158  touch.o(.text.TP_GPIO_Init)
    TP_Init                                  0x0800c689   Thumb Code   196  touch.o(.text.TP_Init)
    UART_AdvFeatureConfig                    0x0800c751   Thumb Code   224  stm32h7xx_hal_uart.o(.text.UART_AdvFeatureConfig)
    UART_CheckIdleState                      0x0800c831   Thumb Code   366  stm32h7xx_hal_uart.o(.text.UART_CheckIdleState)
    UART_SetConfig                           0x0800c9a1   Thumb Code  1144  stm32h7xx_hal_uart.o(.text.UART_SetConfig)
    UART_WaitOnFlagUntilTimeout              0x0800ce21   Thumb Code   856  stm32h7xx_hal_uart.o(.text.UART_WaitOnFlagUntilTimeout)
    UIwaveEventlistener                      0x0800d179   Thumb Code   278  uiwave.o(.text.UIwaveEventlistener)
    UsageFault_Handler                       0x0800d291   Thumb Code     2  stm32h7xx_it.o(.text.UsageFault_Handler)
    _saveColor                               0x0800d299   Thumb Code   150  interface.o(.text._saveColor)
    addEvent                                 0x0800d331   Thumb Code    24  event.o(.text.addEvent)
    addTouchEvent                            0x0800d349   Thumb Code   176  touchevent.o(.text.addTouchEvent)
    approachColorDiv                         0x0800d3f9   Thumb Code   154  interface.o(.text.approachColorDiv)
    backgroundShader                         0x0800d499   Thumb Code    26  uisample.o(.text.backgroundShader)
    backgroundUI                             0x0800d4b9   Thumb Code    42  uisample.o(.text.backgroundUI)
    bindOscWaveCh1                           0x0800d4e9   Thumb Code     4  osc.o(.text.bindOscWaveCh1)
    buttonOnClick                            0x0800d4f1   Thumb Code    60  uibutton.o(.text.buttonOnClick)
    buttonOnUpdate                           0x0800d541   Thumb Code    38  uibutton.o(.text.buttonOnUpdate)
    buttonShader                             0x0800d569   Thumb Code    66  uibutton.o(.text.buttonShader)
    buttonUI                                 0x0800d5b1   Thumb Code   132  uibutton.o(.text.buttonUI)
    cacheCenterBlock                         0x0800d639   Thumb Code    82  interface.o(.text.cacheCenterBlock)
    cacheCenterRec                           0x0800d691   Thumb Code   138  interface.o(.text.cacheCenterRec)
    cacheCenterString                        0x0800d721   Thumb Code   336  interface.o(.text.cacheCenterString)
    cacheChar                                0x0800d871   Thumb Code   852  interface.o(.text.cacheChar)
    cacheLine                                0x0800dbc9   Thumb Code  1218  interface.o(.text.cacheLine)
    cacheOneCenter                           0x0800e091   Thumb Code   156  interface.o(.text.cacheOneCenter)
    cacheRec                                 0x0800e131   Thumb Code    82  interface.o(.text.cacheRec)
    cacheRoundedBackgroundRight              0x0800e189   Thumb Code   554  interface.o(.text.cacheRoundedBackgroundRight)
    cacheRoundedRecBackground                0x0800e3b9   Thumb Code   702  interface.o(.text.cacheRoundedRecBackground)
    cacheString                              0x0800e679   Thumb Code   114  interface.o(.text.cacheString)
    childInsert                              0x0800e6f1   Thumb Code    76  uiobject.o(.text.childInsert)
    debugShader                              0x0800e741   Thumb Code   344  uisample.o(.text.debugShader)
    debugUI                                  0x0800e8e9   Thumb Code    28  uisample.o(.text.debugUI)
    delay_ms                                 0x0800e909   Thumb Code   110  bsp_delay.o(.text.delay_ms)
    delay_us                                 0x0800e979   Thumb Code    82  bsp_delay.o(.text.delay_us)
    dequeueEvent                             0x0800e9d1   Thumb Code    24  event.o(.text.dequeueEvent)
    drawLabel                                0x0800e9e9   Thumb Code   664  uiwave.o(.text.drawLabel)
    drawMesh                                 0x0800ec81   Thumb Code  1426  uiwave.o(.text.drawMesh)
    drawTransparentPoint                     0x0800f219   Thumb Code   308  interface.o(.text.drawTransparentPoint)
    drawerShader                             0x0800f351   Thumb Code    44  uibutton.o(.text.drawerShader)
    drawerUI                                 0x0800f381   Thumb Code   134  uibutton.o(.text.drawerUI)
    eventInit                                0x0800f409   Thumb Code    16  event.o(.text.eventInit)
    floatingMessage                          0x0800f419   Thumb Code    94  uifloatingwindow.o(.text.floatingMessage)
    floatingOnFoldingUpdate                  0x0800f479   Thumb Code   350  uifloatingwindow.o(.text.floatingOnFoldingUpdate)
    floatingShader                           0x0800f5d9   Thumb Code    78  uifloatingwindow.o(.text.floatingShader)
    flotingUI                                0x0800f629   Thumb Code    92  uifloatingwindow.o(.text.flotingUI)
    freqButtonClick                          0x0800f689   Thumb Code   218  userinterface.o(.text.freqButtonClick)
    freqButtonShader                         0x0800f769   Thumb Code   104  userinterface.o(.text.freqButtonShader)
    generageWave                             0x0800f7e1   Thumb Code  2096  waveg.o(.text.generageWave)
    getHead                                  0x08010019   Thumb Code    12  uiobject.o(.text.getHead)
    getKeyBind                               0x08010029   Thumb Code    14  pipline.o(.text.getKeyBind)
    getRow                                   0x08010039   Thumb Code    84  interface.o(.text.getRow)
    getUIobject                              0x08010091   Thumb Code    48  uiobject.o(.text.getUIobject)
    getWaveCH1                               0x080100c1   Thumb Code    52  osc.o(.text.getWaveCH1)
    graph                                    0x080100f9   Thumb Code   130  pipline.o(.text.graph)
    graphInit                                0x08010181   Thumb Code   488  pipline.o(.text.graphInit)
    haveEvent                                0x08010369   Thumb Code    24  event.o(.text.haveEvent)
    headInit                                 0x08010381   Thumb Code    58  uiobject.o(.text.headInit)
    highDigitMinusOne                        0x080103c1   Thumb Code   278  mathdef.o(.text.highDigitMinusOne)
    highDigitPlusOne                         0x080104d9   Thumb Code   122  mathdef.o(.text.highDigitPlusOne)
    ifBusy                                   0x08010559   Thumb Code    60  osc.o(.text.ifBusy)
    initOscData                              0x08010599   Thumb Code   208  osc.o(.text.initOscData)
    initWaveG                                0x08010669   Thumb Code    76  waveg.o(.text.initWaveG)
    inputModeButtonClick                     0x080106b9   Thumb Code    64  userinterface.o(.text.inputModeButtonClick)
    inputModeButtonShader                    0x080106f9   Thumb Code   146  userinterface.o(.text.inputModeButtonShader)
    keyEvent                                 0x08010791   Thumb Code   364  keyevent.o(.text.keyEvent)
    main                                     0x08010901   Thumb Code   700  main.o(.text.main)
    messageOnCursor                          0x08010bc1   Thumb Code    42  uimessage.o(.text.messageOnCursor)
    messageOnFoldingUpdate                   0x08010bf1   Thumb Code   392  uimessage.o(.text.messageOnFoldingUpdate)
    messageShader                            0x08010d79   Thumb Code    52  uimessage.o(.text.messageShader)
    messageUI                                0x08010db1   Thumb Code   142  uimessage.o(.text.messageUI)
    nextGraphic                              0x08010e41   Thumb Code   192  pipline.o(.text.nextGraphic)
    onCursor                                 0x08010f01   Thumb Code    32  uibutton.o(.text.onCursor)
    onFatherUpdate                           0x08010f21   Thumb Code    22  uiobject.o(.text.onFatherUpdate)
    onFoldingUpdate                          0x08010f39   Thumb Code   152  uibutton.o(.text.onFoldingUpdate)
    onWaitingUpdate                          0x08010fd1   Thumb Code    44  uifloatingwindow.o(.text.onWaitingUpdate)
    priorityInsert                           0x08011001   Thumb Code   118  uiobject.o(.text.priorityInsert)
    processEvent                             0x08011079   Thumb Code   628  pipline.o(.text.processEvent)
    processWave                              0x080112f1   Thumb Code   748  osc.o(.text.processWave)
    releaseKeyBind                           0x080115e9   Thumb Code    14  pipline.o(.text.releaseKeyBind)
    resetColorList                           0x080115f9   Thumb Code    44  interface.o(.text.resetColorList)
    setSliderY                               0x08011629   Thumb Code    14  uibutton.o(.text.setSliderY)
    setXscale                                0x08011639   Thumb Code    28  osc.o(.text.setXscale)
    shadeCursor                              0x08011659   Thumb Code   438  shadecursor.o(.text.shadeCursor)
    sliderEvent                              0x08011811   Thumb Code   170  uibutton.o(.text.sliderEvent)
    sliderUI                                 0x080118c1   Thumb Code   106  uibutton.o(.text.sliderUI)
    sliderUpdate                             0x08011931   Thumb Code    80  uibutton.o(.text.sliderUpdate)
    triggerModeButtonClick                   0x08011981   Thumb Code    64  userinterface.o(.text.triggerModeButtonClick)
    triggerModeButtonShader                  0x080119c1   Thumb Code   168  userinterface.o(.text.triggerModeButtonShader)
    updateChild                              0x08011a99   Thumb Code    50  pipline.o(.text.updateChild)
    updateMessage                            0x08011ad1   Thumb Code    88  uifloatingwindow.o(.text.updateMessage)
    userInterface                            0x08011b29   Thumb Code   336  userinterface.o(.text.userInterface)
    waveShader                               0x08011c79   Thumb Code   224  uiwave.o(.text.waveShader)
    waveUI                                   0x08011d59   Thumb Code    84  uiwave.o(.text.waveUI)
    __0sprintf                               0x08011dad   Thumb Code    34  printfa.o(i.__0sprintf)
    __1sprintf                               0x08011dad   Thumb Code     0  printfa.o(i.__0sprintf)
    __2sprintf                               0x08011dad   Thumb Code     0  printfa.o(i.__0sprintf)
    __c89sprintf                             0x08011dad   Thumb Code     0  printfa.o(i.__0sprintf)
    sprintf                                  0x08011dad   Thumb Code     0  printfa.o(i.__0sprintf)
    __ARM_fpclassifyf                        0x08011dd5   Thumb Code    38  fpclassifyf.o(i.__ARM_fpclassifyf)
    __hardfp_sinf                            0x08011dfd   Thumb Code   344  sinf.o(i.__hardfp_sinf)
    __mathlib_flt_infnan                     0x08011f8d   Thumb Code     6  funder.o(i.__mathlib_flt_infnan)
    __mathlib_flt_invalid                    0x08011f95   Thumb Code    10  funder.o(i.__mathlib_flt_invalid)
    __mathlib_flt_underflow                  0x08011fa5   Thumb Code    10  funder.o(i.__mathlib_flt_underflow)
    __mathlib_rredf2                         0x08011fb5   Thumb Code   316  rredf.o(i.__mathlib_rredf2)
    __scatterload_copy                       0x08012109   Thumb Code    14  handlers.o(i.__scatterload_copy)
    __scatterload_null                       0x08012117   Thumb Code     2  handlers.o(i.__scatterload_null)
    __scatterload_zeroinit                   0x08012119   Thumb Code    14  handlers.o(i.__scatterload_zeroinit)
    __set_errno                              0x08012129   Thumb Code     6  errno.o(i.__set_errno)
    malloc                                   0x080129f1   Thumb Code    92  malloc.o(i.malloc)
    D1CorePrescTable                         0x08012b00   Data          16  system_stm32h7xx.o(.rodata.D1CorePrescTable)
    FT5206_TPX_TBL                           0x08012b10   Data          10  ft5206.o(.rodata.FT5206_TPX_TBL)
    UARTPrescTable                           0x08012b1a   Data          24  stm32h7xx_hal_uart.o(.rodata.UARTPrescTable)
    asc2_1206                                0x08012b32   Data        1140  dev_lcd.o(.rodata.asc2_1206)
    asc2_1608                                0x08012fa6   Data        1520  dev_lcd.o(.rodata.asc2_1608)
    asc2_2412                                0x08013596   Data        3420  dev_lcd.o(.rodata.asc2_2412)
    asc2_3216                                0x080142f2   Data       12160  dev_lcd.o(.rodata.asc2_3216)
    Region$$Table$$Base                      0x080172ac   Number         0  anon$$obj.o(Region$$Table)
    Region$$Table$$Limit                     0x080172cc   Number         0  anon$$obj.o(Region$$Table)
    __microlib_freelist                      0x24000000   Data           4  mvars.o(.data)
    __microlib_freelist_initialised          0x24000004   Data           4  mvars.o(.data)
    uwTickFreq                               0x2400000c   Data           1  stm32h7xx_hal.o(.data..L_MergedGlobals)
    uwTickPrio                               0x24000010   Data           4  stm32h7xx_hal.o(.data..L_MergedGlobals)
    SystemCoreClock                          0x24000014   Data           4  system_stm32h7xx.o(.data..L_MergedGlobals)
    SystemD2Clock                            0x24000018   Data           4  system_stm32h7xx.o(.data..L_MergedGlobals)
    CMD_RDX                                  0x2400001c   Data           1  touch.o(.data..L_MergedGlobals)
    CMD_RDY                                  0x2400001d   Data           1  touch.o(.data..L_MergedGlobals)
    higth                                    0x2400001e   Data           1  touch.o(.data..L_MergedGlobals)
    Time                                     0x24000020   Data           2  touch.o(.data..L_MergedGlobals)
    FLASH_LEN                                0x24000024   Data           4  touch.o(.data..L_MergedGlobals)
    tp_dev                                   0x24000028   Data          76  touch.o(.data..L_MergedGlobals)
    colorLength                              0x24000074   Data           2  interface.o(.data.colorLength)
    deltaT                                   0x24000078   Data           4  pipline.o(.data.deltaT)
    hdma_adc1                                0x24000084   Data         120  adc.o(.bss..L_MergedGlobals)
    frameCache                               0x240000fc   Data           4  pipline.o(.bss..L_MergedGlobals)
    frameCacheMatrix                         0x24000100   Data           4  pipline.o(.bss..L_MergedGlobals)
    cursor                                   0x24000104   Data           4  pipline.o(.bss..L_MergedGlobals)
    ifLastEventTouch                         0x2400010c   Data           4  pipline.o(.bss..L_MergedGlobals)
    ifKeyBindOnObject                        0x24000110   Data           4  pipline.o(.bss..L_MergedGlobals)
    gesureString                             0x24000115   Data          64  uiwave.o(.bss..L_MergedGlobals)
    touchingParam                            0x2400015c   Data          32  touchevent.o(.bss..L_MergedGlobals)
    maxHoldLong                              0x2400017c   Data           4  shadecursor.o(.bss..L_MergedGlobals)
    weight                                   0x24000180   Data           4  shadecursor.o(.bss..L_MergedGlobals)
    busy                                     0x24000194   Data           4  osc.o(.bss.busy)
    colorIndex                               0x24000198   Data           2  interface.o(.bss.colorIndex)
    colorList                                0x2400019c   Data         512  interface.o(.bss.colorList)
    dacWave                                  0x2400039c   Data         512  waveg.o(.bss.dacWave)
    eventBuffer                              0x2400059c   Data        1028  event.o(.bss.eventBuffer)
    fpsN                                     0x240009a4   Data           4  uisample.o(.bss.fpsN)
    hadc1                                    0x240009a8   Data         100  adc.o(.bss.hadc1)
    hadc2                                    0x24000a0c   Data         100  adc.o(.bss.hadc2)
    hdac1                                    0x24000a70   Data          20  dac.o(.bss.hdac1)
    hdma_adc2                                0x24000a84   Data         120  adc.o(.bss.hdma_adc2)
    hdma_dac1_ch1                            0x24000afc   Data         120  dac.o(.bss.hdma_dac1_ch1)
    head                                     0x24000b74   Data           4  uiobject.o(.bss.head)
    hi2c1                                    0x24000b78   Data          84  i2c.o(.bss.hi2c1)
    hsram1                                   0x24000bcc   Data          76  fmc.o(.bss.hsram1)
    htim13                                   0x24000c18   Data          76  tim.o(.bss.htim13)
    htim15                                   0x24000c64   Data          76  tim.o(.bss.htim15)
    htim6                                    0x24000cb0   Data          76  tim.o(.bss.htim6)
    htim7                                    0x24000cfc   Data          76  tim.o(.bss.htim7)
    huart1                                   0x24000d48   Data         148  usart.o(.bss.huart1)
    huart2                                   0x24000ddc   Data         148  usart.o(.bss.huart2)
    lcddev                                   0x24000e74   Data          16  dev_lcd.o(.bss.lcddev)
    message                                  0x24000e84   Data         128  userinterface.o(.bss.message)
    thisFloatingWindow                       0x24000f08   Data           4  uifloatingwindow.o(.bss.thisFloatingWindow)
    thisOsc                                  0x24000f0c   Data           4  main.o(.bss.thisOsc)
    uwTick                                   0x24000f10   Data           4  stm32h7xx_hal.o(.bss.uwTick)
    waveG                                    0x24000f14   Data          24  waveg.o(.bss.waveG)
    __heap_base                              0x24000f30   Data           0  startup_stm32h750xx.o(HEAP)
    __heap_limit                             0x24018f30   Data           0  startup_stm32h750xx.o(HEAP)
    __initial_sp                             0x2401af30   Data           0  startup_stm32h750xx.o(STACK)



==============================================================================

Memory Map of the image

  Image Entry point : 0x08000299

  Load Region LR_IROM1 (Base: 0x08000000, Size: 0x00017350, Max: 0x00020000, ABSOLUTE)

    Execution Region ER_IROM1 (Exec base: 0x08000000, Load base: 0x08000000, Size: 0x000172cc, Max: 0x00020000, ABSOLUTE)

    Exec Addr    Load Addr    Size         Type   Attr      Idx    E Section Name        Object

    0x08000000   0x08000000   0x00000298   Data   RO            3    RESET               startup_stm32h750xx.o
    0x08000298   0x08000298   0x00000000   Code   RO         2550  * .ARM.Collect$$$$00000000  mc_w.l(entry.o)
    0x08000298   0x08000298   0x00000004   Code   RO         2865    .ARM.Collect$$$$00000001  mc_w.l(entry2.o)
    0x0800029c   0x0800029c   0x00000004   Code   RO         2868    .ARM.Collect$$$$00000004  mc_w.l(entry5.o)
    0x080002a0   0x080002a0   0x00000000   Code   RO         2870    .ARM.Collect$$$$00000008  mc_w.l(entry7b.o)
    0x080002a0   0x080002a0   0x00000000   Code   RO         2872    .ARM.Collect$$$$0000000A  mc_w.l(entry8b.o)
    0x080002a0   0x080002a0   0x00000008   Code   RO         2873    .ARM.Collect$$$$0000000B  mc_w.l(entry9a.o)
    0x080002a8   0x080002a8   0x00000000   Code   RO         2875    .ARM.Collect$$$$0000000D  mc_w.l(entry10a.o)
    0x080002a8   0x080002a8   0x00000000   Code   RO         2877    .ARM.Collect$$$$0000000F  mc_w.l(entry11a.o)
    0x080002a8   0x080002a8   0x00000004   Code   RO         2866    .ARM.Collect$$$$00002712  mc_w.l(entry2.o)
    0x080002ac   0x080002ac   0x00000024   Code   RO            4    .text               startup_stm32h750xx.o
    0x080002d0   0x080002d0   0x00000062   Code   RO         2553    .text               mc_w.l(uldiv.o)
    0x08000332   0x08000332   0x00000024   Code   RO         2555    .text               mc_w.l(memseta.o)
    0x08000356   0x08000356   0x0000002c   Code   RO         2889    .text               mc_w.l(uidiv.o)
    0x08000382   0x08000382   0x0000001e   Code   RO         2891    .text               mc_w.l(llshl.o)
    0x080003a0   0x080003a0   0x00000020   Code   RO         2893    .text               mc_w.l(llushr.o)
    0x080003c0   0x080003c0   0x00000000   Code   RO         2908    .text               mc_w.l(iusefp.o)
    0x080003c0   0x080003c0   0x0000014e   Code   RO         2909    .text               mf_w.l(dadd.o)
    0x0800050e   0x0800050e   0x000000e4   Code   RO         2911    .text               mf_w.l(dmul.o)
    0x080005f2   0x080005f2   0x000000de   Code   RO         2913    .text               mf_w.l(ddiv.o)
    0x080006d0   0x080006d0   0x00000030   Code   RO         2915    .text               mf_w.l(dfixul.o)
    0x08000700   0x08000700   0x00000030   Code   RO         2917    .text               mf_w.l(cdrcmple.o)
    0x08000730   0x08000730   0x00000030   Code   RO         2919    .text               mc_w.l(init.o)
    0x08000760   0x08000760   0x00000024   Code   RO         2921    .text               mc_w.l(llsshr.o)
    0x08000784   0x08000784   0x000000ba   Code   RO         2923    .text               mf_w.l(depilogue.o)
    0x0800083e   0x0800083e   0x00000002   PAD
    0x08000840   0x08000840   0x0000012c   Code   RO          209    .text.ADC_ConfigureBoostMode  stm32h7xx_hal_adc.o
    0x0800096c   0x0800096c   0x00000004   PAD
    0x08000970   0x08000970   0x000000f4   Code   RO          213    .text.ADC_ConversionStop  stm32h7xx_hal_adc.o
    0x08000a64   0x08000a64   0x00000004   PAD
    0x08000a68   0x08000a68   0x0000005e   Code   RO          235    .text.ADC_DMAConvCplt  stm32h7xx_hal_adc.o
    0x08000ac6   0x08000ac6   0x00000002   PAD
    0x08000ac8   0x08000ac8   0x00000016   Code   RO          239    .text.ADC_DMAError  stm32h7xx_hal_adc.o
    0x08000ade   0x08000ade   0x00000002   PAD
    0x08000ae0   0x08000ae0   0x00000006   Code   RO          237    .text.ADC_DMAHalfConvCplt  stm32h7xx_hal_adc.o
    0x08000ae6   0x08000ae6   0x00000002   PAD
    0x08000ae8   0x08000ae8   0x000000aa   Code   RO          221    .text.ADC_Enable    stm32h7xx_hal_adc.o
    0x08000b92   0x08000b92   0x00000006   PAD
    0x08000b98   0x08000b98   0x00000002   Code   RO          164    .text.BusFault_Handler  stm32h7xx_it.o
    0x08000b9a   0x08000b9a   0x00000006   PAD
    0x08000ba0   0x08000ba0   0x00000062   Code   RO         1953    .text.CT_IIC_Init   ctiic.o
    0x08000c02   0x08000c02   0x00000006   PAD
    0x08000c08   0x08000c08   0x0000022a   Code   RO         1967    .text.CT_IIC_Read_Byte  ctiic.o
    0x08000e32   0x08000e32   0x00000006   PAD
    0x08000e38   0x08000e38   0x000001b8   Code   RO         1965    .text.CT_IIC_Send_Byte  ctiic.o
    0x08000ff0   0x08000ff0   0x00000052   Code   RO         1955    .text.CT_IIC_Start  ctiic.o
    0x08001042   0x08001042   0x00000006   PAD
    0x08001048   0x08001048   0x00000052   Code   RO         1957    .text.CT_IIC_Stop   ctiic.o
    0x0800109a   0x0800109a   0x00000006   PAD
    0x080010a0   0x080010a0   0x000000ae   Code   RO         1959    .text.CT_IIC_Wait_Ack  ctiic.o
    0x0800114e   0x0800114e   0x00000002   PAD
    0x08001150   0x08001150   0x00000010   Code   RO         1164    .text.DAC_DMAConvCpltCh1  stm32h7xx_hal_dac.o
    0x08001160   0x08001160   0x00000010   Code   RO         1206    .text.DAC_DMAConvCpltCh2  stm32h7xx_hal_dac_ex.o
    0x08001170   0x08001170   0x00000018   Code   RO         1168    .text.DAC_DMAErrorCh1  stm32h7xx_hal_dac.o
    0x08001188   0x08001188   0x00000018   Code   RO         1210    .text.DAC_DMAErrorCh2  stm32h7xx_hal_dac_ex.o
    0x080011a0   0x080011a0   0x00000006   Code   RO         1166    .text.DAC_DMAHalfConvCpltCh1  stm32h7xx_hal_dac.o
    0x080011a6   0x080011a6   0x00000002   PAD
    0x080011a8   0x080011a8   0x00000006   Code   RO         1208    .text.DAC_DMAHalfConvCpltCh2  stm32h7xx_hal_dac_ex.o
    0x080011ae   0x080011ae   0x00000002   PAD
    0x080011b0   0x080011b0   0x000010b6   Code   RO          176    .text.DMA1_Stream0_IRQHandler  stm32h7xx_it.o
    0x08002266   0x08002266   0x00000002   PAD
    0x08002268   0x08002268   0x00000ec6   Code   RO          178    .text.DMA1_Stream1_IRQHandler  stm32h7xx_it.o
    0x0800312e   0x0800312e   0x00000002   PAD
    0x08003130   0x08003130   0x00000ec6   Code   RO          180    .text.DMA1_Stream2_IRQHandler  stm32h7xx_it.o
    0x08003ff6   0x08003ff6   0x00000002   PAD
    0x08003ff8   0x08003ff8   0x0000000c   Code   RO          184    .text.DMAMUX1_OVR_IRQHandler  stm32h7xx_it.o
    0x08004004   0x08004004   0x00000004   PAD
    0x08004008   0x08004008   0x00000128   Code   RO          556    .text.DMA_CalcBaseAndBitshift  stm32h7xx_hal_dma.o
    0x08004130   0x08004130   0x00000308   Code   RO          562    .text.DMA_SetConfig  stm32h7xx_hal_dma.o
    0x08004438   0x08004438   0x00000002   Code   RO          170    .text.DebugMon_Handler  stm32h7xx_it.o
    0x0800443a   0x0800443a   0x00000006   PAD
    0x08004440   0x08004440   0x00000008   Code   RO         2030    .text.EXTI9_5_IRQHandler  touch.o
    0x08004448   0x08004448   0x0000000a   Code   RO           17    .text.Error_Handler  main.o
    0x08004452   0x08004452   0x00000006   PAD
    0x08004458   0x08004458   0x0000004c   Code   RO         1250    .text.FMC_NORSRAM_Extended_Timing_Init  stm32h7xx_ll_fmc.o
    0x080044a4   0x080044a4   0x00000004   PAD
    0x080044a8   0x080044a8   0x0000008e   Code   RO         1244    .text.FMC_NORSRAM_Init  stm32h7xx_ll_fmc.o
    0x08004536   0x08004536   0x00000002   PAD
    0x08004538   0x08004538   0x00000060   Code   RO         1248    .text.FMC_NORSRAM_Timing_Init  stm32h7xx_ll_fmc.o
    0x08004598   0x08004598   0x0000015c   Code   RO         2013    .text.FT5206_Init   ft5206.o
    0x080046f4   0x080046f4   0x00000004   PAD
    0x080046f8   0x080046f8   0x00000050   Code   RO         2011    .text.FT5206_RD_Reg  ft5206.o
    0x08004748   0x08004748   0x000001c6   Code   RO         2015    .text.FT5206_Scan   ft5206.o
    0x0800490e   0x0800490e   0x00000002   PAD
    0x08004910   0x08004910   0x000000b0   Code   RO          321    .text.HAL_ADCEx_MultiModeConfigChannel  stm32h7xx_hal_adc_ex.o
    0x080049c0   0x080049c0   0x000003c8   Code   RO          255    .text.HAL_ADC_ConfigChannel  stm32h7xx_hal_adc.o
    0x08004d88   0x08004d88   0x00000002   Code   RO          247    .text.HAL_ADC_ConvCpltCallback  stm32h7xx_hal_adc.o
    0x08004d8a   0x08004d8a   0x00000006   PAD
    0x08004d90   0x08004d90   0x00000002   Code   RO          253    .text.HAL_ADC_ConvHalfCpltCallback  stm32h7xx_hal_adc.o
    0x08004d92   0x08004d92   0x00000006   PAD
    0x08004d98   0x08004d98   0x00000002   Code   RO          251    .text.HAL_ADC_ErrorCallback  stm32h7xx_hal_adc.o
    0x08004d9a   0x08004d9a   0x00000006   PAD
    0x08004da0   0x08004da0   0x00000256   Code   RO          205    .text.HAL_ADC_Init  stm32h7xx_hal_adc.o
    0x08004ff6   0x08004ff6   0x00000002   PAD
    0x08004ff8   0x08004ff8   0x00000192   Code   RO           41    .text.HAL_ADC_MspInit  adc.o
    0x0800518a   0x0800518a   0x00000006   PAD
    0x08005190   0x08005190   0x00000110   Code   RO          233    .text.HAL_ADC_Start_DMA  stm32h7xx_hal_adc.o
    0x080052a0   0x080052a0   0x00000144   Code   RO          241    .text.HAL_ADC_Stop_DMA  stm32h7xx_hal_adc.o
    0x080053e4   0x080053e4   0x00000004   PAD
    0x080053e8   0x080053e8   0x00000002   Code   RO         1220    .text.HAL_DACEx_ConvCpltCallbackCh2  stm32h7xx_hal_dac_ex.o
    0x080053ea   0x080053ea   0x00000006   PAD
    0x080053f0   0x080053f0   0x00000002   Code   RO         1222    .text.HAL_DACEx_ConvHalfCpltCallbackCh2  stm32h7xx_hal_dac_ex.o
    0x080053f2   0x080053f2   0x00000006   PAD
    0x080053f8   0x080053f8   0x00000002   Code   RO         1224    .text.HAL_DACEx_ErrorCallbackCh2  stm32h7xx_hal_dac_ex.o
    0x080053fa   0x080053fa   0x00000006   PAD
    0x08005400   0x08005400   0x00000048   Code   RO         1214    .text.HAL_DACEx_TriangleWaveGenerate  stm32h7xx_hal_dac_ex.o
    0x08005448   0x08005448   0x00000174   Code   RO         1186    .text.HAL_DAC_ConfigChannel  stm32h7xx_hal_dac.o
    0x080055bc   0x080055bc   0x00000004   PAD
    0x080055c0   0x080055c0   0x00000002   Code   RO         1178    .text.HAL_DAC_ConvCpltCallbackCh1  stm32h7xx_hal_dac.o
    0x080055c2   0x080055c2   0x00000006   PAD
    0x080055c8   0x080055c8   0x00000002   Code   RO         1180    .text.HAL_DAC_ConvHalfCpltCallbackCh1  stm32h7xx_hal_dac.o
    0x080055ca   0x080055ca   0x00000006   PAD
    0x080055d0   0x080055d0   0x00000002   Code   RO         1182    .text.HAL_DAC_ErrorCallbackCh1  stm32h7xx_hal_dac.o
    0x080055d2   0x080055d2   0x00000006   PAD
    0x080055d8   0x080055d8   0x0000002c   Code   RO         1150    .text.HAL_DAC_Init  stm32h7xx_hal_dac.o
    0x08005604   0x08005604   0x00000004   PAD
    0x08005608   0x08005608   0x000000b0   Code   RO           59    .text.HAL_DAC_MspInit  dac.o
    0x080056b8   0x080056b8   0x000000f0   Code   RO         1162    .text.HAL_DAC_Start_DMA  stm32h7xx_hal_dac.o
    0x080057a8   0x080057a8   0x0000005c   Code   RO         1170    .text.HAL_DAC_Stop_DMA  stm32h7xx_hal_dac.o
    0x08005804   0x08005804   0x00000004   PAD
    0x08005808   0x08005808   0x00000078   Code   RO          598    .text.HAL_DMAEx_ConfigMuxSync  stm32h7xx_hal_dma_ex.o
    0x08005880   0x08005880   0x0000005e   Code   RO          606    .text.HAL_DMAEx_MUX_IRQHandler  stm32h7xx_hal_dma_ex.o
    0x080058de   0x080058de   0x00000002   PAD
    0x080058e0   0x080058e0   0x00000526   Code   RO          566    .text.HAL_DMA_Abort  stm32h7xx_hal_dma.o
    0x08005e06   0x08005e06   0x00000002   PAD
    0x08005e08   0x08005e08   0x0000065e   Code   RO          554    .text.HAL_DMA_Init  stm32h7xx_hal_dma.o
    0x08006466   0x08006466   0x00000002   PAD
    0x08006468   0x08006468   0x000003aa   Code   RO          564    .text.HAL_DMA_Start_IT  stm32h7xx_hal_dma.o
    0x08006812   0x08006812   0x00000006   PAD
    0x08006818   0x08006818   0x00000028   Code   RO          864    .text.HAL_Delay     stm32h7xx_hal.o
    0x08006840   0x08006840   0x00000024   Code   RO         2032    .text.HAL_GPIO_EXTI_Callback  touch.o
    0x08006864   0x08006864   0x00000004   PAD
    0x08006868   0x08006868   0x00000014   Code   RO          512    .text.HAL_GPIO_EXTI_IRQHandler  stm32h7xx_hal_gpio.o
    0x0800687c   0x0800687c   0x00000004   PAD
    0x08006880   0x08006880   0x000001a6   Code   RO          500    .text.HAL_GPIO_Init  stm32h7xx_hal_gpio.o
    0x08006a26   0x08006a26   0x00000002   PAD
    0x08006a28   0x08006a28   0x0000000a   Code   RO          504    .text.HAL_GPIO_ReadPin  stm32h7xx_hal_gpio.o
    0x08006a32   0x08006a32   0x00000006   PAD
    0x08006a38   0x08006a38   0x0000000a   Code   RO          506    .text.HAL_GPIO_WritePin  stm32h7xx_hal_gpio.o
    0x08006a42   0x08006a42   0x00000006   PAD
    0x08006a48   0x08006a48   0x0000000e   Code   RO          872    .text.HAL_GetREVID  stm32h7xx_hal.o
    0x08006a56   0x08006a56   0x00000002   PAD
    0x08006a58   0x08006a58   0x0000000c   Code   RO          856    .text.HAL_GetTick   stm32h7xx_hal.o
    0x08006a64   0x08006a64   0x00000004   PAD
    0x08006a68   0x08006a68   0x0000004a   Code   RO         1104    .text.HAL_I2CEx_ConfigAnalogFilter  stm32h7xx_hal_i2c_ex.o
    0x08006ab2   0x08006ab2   0x00000006   PAD
    0x08006ab8   0x08006ab8   0x00000048   Code   RO         1106    .text.HAL_I2CEx_ConfigDigitalFilter  stm32h7xx_hal_i2c_ex.o
    0x08006b00   0x08006b00   0x000000b0   Code   RO          950    .text.HAL_I2C_Init  stm32h7xx_hal_i2c.o
    0x08006bb0   0x08006bb0   0x00000092   Code   RO          101    .text.HAL_I2C_MspInit  i2c.o
    0x08006c42   0x08006c42   0x00000006   PAD
    0x08006c48   0x08006c48   0x0000001a   Code   RO          854    .text.HAL_IncTick   stm32h7xx_hal.o
    0x08006c62   0x08006c62   0x00000006   PAD
    0x08006c68   0x08006c68   0x00000064   Code   RO          844    .text.HAL_Init      stm32h7xx_hal.o
    0x08006ccc   0x08006ccc   0x00000004   PAD
    0x08006cd0   0x08006cd0   0x00000050   Code   RO          846    .text.HAL_InitTick  stm32h7xx_hal.o
    0x08006d20   0x08006d20   0x0000005e   Code   RO          814    .text.HAL_MPU_ConfigRegion  stm32h7xx_hal_cortex.o
    0x08006d7e   0x08006d7e   0x00000002   PAD
    0x08006d80   0x08006d80   0x0000001a   Code   RO          806    .text.HAL_MPU_Disable  stm32h7xx_hal_cortex.o
    0x08006d9a   0x08006d9a   0x00000006   PAD
    0x08006da0   0x08006da0   0x00000020   Code   RO          808    .text.HAL_MPU_Enable  stm32h7xx_hal_cortex.o
    0x08006dc0   0x08006dc0   0x00000046   Code   RO          197    .text.HAL_MspInit   stm32h7xx_hal_msp.o
    0x08006e06   0x08006e06   0x00000002   PAD
    0x08006e08   0x08006e08   0x00000022   Code   RO          796    .text.HAL_NVIC_EnableIRQ  stm32h7xx_hal_cortex.o
    0x08006e2a   0x08006e2a   0x00000006   PAD
    0x08006e30   0x08006e30   0x0000005a   Code   RO          794    .text.HAL_NVIC_SetPriority  stm32h7xx_hal_cortex.o
    0x08006e8a   0x08006e8a   0x00000006   PAD
    0x08006e90   0x08006e90   0x00000020   Code   RO          792    .text.HAL_NVIC_SetPriorityGrouping  stm32h7xx_hal_cortex.o
    0x08006eb0   0x08006eb0   0x0000004c   Code   RO          704    .text.HAL_PWREx_ConfigSupply  stm32h7xx_hal_pwr_ex.o
    0x08006efc   0x08006efc   0x00000004   PAD
    0x08006f00   0x08006f00   0x00000026   Code   RO          391    .text.HAL_RCCEx_GetD3PCLK1Freq  stm32h7xx_hal_rcc_ex.o
    0x08006f26   0x08006f26   0x00000002   PAD
    0x08006f28   0x08006f28   0x00000134   Code   RO          385    .text.HAL_RCCEx_GetPLL1ClockFreq  stm32h7xx_hal_rcc_ex.o
    0x0800705c   0x0800705c   0x00000004   PAD
    0x08007060   0x08007060   0x0000012c   Code   RO          387    .text.HAL_RCCEx_GetPLL2ClockFreq  stm32h7xx_hal_rcc_ex.o
    0x0800718c   0x0800718c   0x00000004   PAD
    0x08007190   0x08007190   0x0000012c   Code   RO          389    .text.HAL_RCCEx_GetPLL3ClockFreq  stm32h7xx_hal_rcc_ex.o
    0x080072bc   0x080072bc   0x00000004   PAD
    0x080072c0   0x080072c0   0x000003fe   Code   RO          383    .text.HAL_RCCEx_GetPeriphCLKFreq  stm32h7xx_hal_rcc_ex.o
    0x080076be   0x080076be   0x00000002   PAD
    0x080076c0   0x080076c0   0x00000b0c   Code   RO          375    .text.HAL_RCCEx_PeriphCLKConfig  stm32h7xx_hal_rcc_ex.o
    0x080081cc   0x080081cc   0x00000004   PAD
    0x080081d0   0x080081d0   0x00000254   Code   RO          343    .text.HAL_RCC_ClockConfig  stm32h7xx_hal_rcc.o
    0x08008424   0x08008424   0x00000004   PAD
    0x08008428   0x08008428   0x0000004c   Code   RO          353    .text.HAL_RCC_GetHCLKFreq  stm32h7xx_hal_rcc.o
    0x08008474   0x08008474   0x00000004   PAD
    0x08008478   0x08008478   0x00000060   Code   RO          355    .text.HAL_RCC_GetPCLK1Freq  stm32h7xx_hal_rcc.o
    0x080084d8   0x080084d8   0x00000060   Code   RO          357    .text.HAL_RCC_GetPCLK2Freq  stm32h7xx_hal_rcc.o
    0x08008538   0x08008538   0x00000118   Code   RO          345    .text.HAL_RCC_GetSysClockFreq  stm32h7xx_hal_rcc.o
    0x08008650   0x08008650   0x0000056c   Code   RO          341    .text.HAL_RCC_OscConfig  stm32h7xx_hal_rcc.o
    0x08008bbc   0x08008bbc   0x00000004   PAD
    0x08008bc0   0x08008bc0   0x0000006c   Code   RO         1296    .text.HAL_SRAM_Init  stm32h7xx_hal_sram.o
    0x08008c2c   0x08008c2c   0x00000004   PAD
    0x08008c30   0x08008c30   0x000000d4   Code   RO           84    .text.HAL_SRAM_MspInit  fmc.o
    0x08008d04   0x08008d04   0x00000004   PAD
    0x08008d08   0x08008d08   0x00000030   Code   RO          888    .text.HAL_SYSCFG_EnableVREFBUF  stm32h7xx_hal.o
    0x08008d38   0x08008d38   0x00000014   Code   RO          884    .text.HAL_SYSCFG_VREFBUF_HighImpedanceConfig  stm32h7xx_hal.o
    0x08008d4c   0x08008d4c   0x00000004   PAD
    0x08008d50   0x08008d50   0x00000014   Code   RO          882    .text.HAL_SYSCFG_VREFBUF_VoltageScalingConfig  stm32h7xx_hal.o
    0x08008d64   0x08008d64   0x00000004   PAD
    0x08008d68   0x08008d68   0x00000018   Code   RO          828    .text.HAL_SYSTICK_CLKSourceConfig  stm32h7xx_hal_cortex.o
    0x08008d80   0x08008d80   0x0000002e   Code   RO          804    .text.HAL_SYSTICK_Config  stm32h7xx_hal_cortex.o
    0x08008dae   0x08008dae   0x00000002   PAD
    0x08008db0   0x08008db0   0x000000ce   Code   RO         1639    .text.HAL_TIMEx_MasterConfigSynchronization  stm32h7xx_hal_tim_ex.o
    0x08008e7e   0x08008e7e   0x00000002   PAD
    0x08008e80   0x08008e80   0x00000060   Code   RO         1344    .text.HAL_TIM_Base_Init  stm32h7xx_hal_tim.o
    0x08008ee0   0x08008ee0   0x00000114   Code   RO          122    .text.HAL_TIM_Base_MspInit  tim.o
    0x08008ff4   0x08008ff4   0x00000004   PAD
    0x08008ff8   0x08008ff8   0x000000ac   Code   RO         1354    .text.HAL_TIM_Base_Start  stm32h7xx_hal_tim.o
    0x080090a4   0x080090a4   0x00000004   PAD
    0x080090a8   0x080090a8   0x000000b4   Code   RO         1358    .text.HAL_TIM_Base_Start_IT  stm32h7xx_hal_tim.o
    0x0800915c   0x0800915c   0x00000004   PAD
    0x08009160   0x08009160   0x00000034   Code   RO         1356    .text.HAL_TIM_Base_Stop  stm32h7xx_hal_tim.o
    0x08009194   0x08009194   0x00000004   PAD
    0x08009198   0x08009198   0x00000058   Code   RO         1528    .text.HAL_TIM_SlaveConfigSynchro  stm32h7xx_hal_tim.o
    0x080091f0   0x080091f0   0x00000036   Code   RO         1834    .text.HAL_UARTEx_DisableFifoMode  stm32h7xx_hal_uart_ex.o
    0x08009226   0x08009226   0x00000002   PAD
    0x08009228   0x08009228   0x0000008c   Code   RO         1838    .text.HAL_UARTEx_SetRxFifoThreshold  stm32h7xx_hal_uart_ex.o
    0x080092b4   0x080092b4   0x00000004   PAD
    0x080092b8   0x080092b8   0x0000008c   Code   RO         1836    .text.HAL_UARTEx_SetTxFifoThreshold  stm32h7xx_hal_uart_ex.o
    0x08009344   0x08009344   0x00000004   PAD
    0x08009348   0x08009348   0x00000064   Code   RO         1671    .text.HAL_UART_Init  stm32h7xx_hal_uart.o
    0x080093ac   0x080093ac   0x00000004   PAD
    0x080093b0   0x080093b0   0x000000dc   Code   RO          142    .text.HAL_UART_MspInit  usart.o
    0x0800948c   0x0800948c   0x00000004   PAD
    0x08009490   0x08009490   0x00000002   Code   RO          160    .text.HardFault_Handler  stm32h7xx_it.o
    0x08009492   0x08009492   0x00000006   PAD
    0x08009498   0x08009498   0x0000012c   Code   RO         1909    .text.LCD_Fill      dev_lcd.o
    0x080095c4   0x080095c4   0x00000004   PAD
    0x080095c8   0x080095c8   0x00001b68   Code   RO         1901    .text.LCD_Init      dev_lcd.o
    0x0800b130   0x0800b130   0x00000196   Code   RO         1891    .text.LCD_SetCursor  dev_lcd.o
    0x0800b2c6   0x0800b2c6   0x00000002   PAD
    0x0800b2c8   0x0800b2c8   0x00000340   Code   RO         1899    .text.LCD_Set_Window  dev_lcd.o
    0x0800b608   0x0800b608   0x0000000a   Code   RO         1883    .text.LCD_WriteRAM  dev_lcd.o
    0x0800b612   0x0800b612   0x00000006   PAD
    0x0800b618   0x0800b618   0x00000016   Code   RO         1881    .text.LCD_WriteRAM_Prepare  dev_lcd.o
    0x0800b62e   0x0800b62e   0x00000002   PAD
    0x0800b630   0x0800b630   0x000000b2   Code   RO           37    .text.MX_ADC1_Init  adc.o
    0x0800b6e2   0x0800b6e2   0x00000006   PAD
    0x0800b6e8   0x0800b6e8   0x00000088   Code   RO           39    .text.MX_ADC2_Init  adc.o
    0x0800b770   0x0800b770   0x0000007e   Code   RO           57    .text.MX_DAC1_Init  dac.o
    0x0800b7ee   0x0800b7ee   0x00000002   PAD
    0x0800b7f0   0x0800b7f0   0x00000064   Code   RO           73    .text.MX_DMA_Init   dma.o
    0x0800b854   0x0800b854   0x00000004   PAD
    0x0800b858   0x0800b858   0x0000008a   Code   RO           82    .text.MX_FMC_Init   fmc.o
    0x0800b8e2   0x0800b8e2   0x00000006   PAD
    0x0800b8e8   0x0800b8e8   0x000000a0   Code   RO           29    .text.MX_GPIO_Init  gpio.o
    0x0800b988   0x0800b988   0x0000006a   Code   RO           99    .text.MX_I2C1_Init  i2c.o
    0x0800b9f2   0x0800b9f2   0x00000006   PAD
    0x0800b9f8   0x0800b9f8   0x0000003a   Code   RO          118    .text.MX_TIM13_Init  tim.o
    0x0800ba32   0x0800ba32   0x00000006   PAD
    0x0800ba38   0x0800ba38   0x00000078   Code   RO          120    .text.MX_TIM15_Init  tim.o
    0x0800bab0   0x0800bab0   0x00000050   Code   RO          114    .text.MX_TIM6_Init  tim.o
    0x0800bb00   0x0800bb00   0x00000050   Code   RO          116    .text.MX_TIM7_Init  tim.o
    0x0800bb50   0x0800bb50   0x0000007c   Code   RO          138    .text.MX_USART1_UART_Init  usart.o
    0x0800bbcc   0x0800bbcc   0x00000004   PAD
    0x0800bbd0   0x0800bbd0   0x0000007c   Code   RO          140    .text.MX_USART2_UART_Init  usart.o
    0x0800bc4c   0x0800bc4c   0x00000004   PAD
    0x0800bc50   0x0800bc50   0x00000002   Code   RO          162    .text.MemManage_Handler  stm32h7xx_it.o
    0x0800bc52   0x0800bc52   0x00000006   PAD
    0x0800bc58   0x0800bc58   0x00000002   Code   RO          158    .text.NMI_Handler   stm32h7xx_it.o
    0x0800bc5a   0x0800bc5a   0x00000006   PAD
    0x0800bc60   0x0800bc60   0x00000024   Code   RO         2500    .text.OscDataMessageOnCursor  userinterface.o
    0x0800bc84   0x0800bc84   0x00000004   PAD
    0x0800bc88   0x0800bc88   0x00000184   Code   RO         2498    .text.OscDataMessageShader  userinterface.o
    0x0800be0c   0x0800be0c   0x00000004   PAD
    0x0800be10   0x0800be10   0x00000002   Code   RO          172    .text.PendSV_Handler  stm32h7xx_it.o
    0x0800be12   0x0800be12   0x00000006   PAD
    0x0800be18   0x0800be18   0x00000122   Code   RO          377    .text.RCCEx_PLL2_Config  stm32h7xx_hal_rcc_ex.o
    0x0800bf3a   0x0800bf3a   0x00000006   PAD
    0x0800bf40   0x0800bf40   0x00000122   Code   RO          379    .text.RCCEx_PLL3_Config  stm32h7xx_hal_rcc_ex.o
    0x0800c062   0x0800c062   0x00000006   PAD
    0x0800c068   0x0800c068   0x00000002   Code   RO          168    .text.SVC_Handler   stm32h7xx_it.o
    0x0800c06a   0x0800c06a   0x00000006   PAD
    0x0800c070   0x0800c070   0x00000004   Code   RO          174    .text.SysTick_Handler  stm32h7xx_it.o
    0x0800c074   0x0800c074   0x00000004   PAD
    0x0800c078   0x0800c078   0x00000016   Code   RO         1977    .text.SysTick_clkconfig  bsp_delay.o
    0x0800c08e   0x0800c08e   0x00000002   PAD
    0x0800c090   0x0800c090   0x0000013c   Code   RO           13    .text.SystemClock_Config  main.o
    0x0800c1cc   0x0800c1cc   0x00000004   PAD
    0x0800c1d0   0x0800c1d0   0x000000cc   Code   RO         1857    .text.SystemInit    system_stm32h7xx.o
    0x0800c29c   0x0800c29c   0x00000004   PAD
    0x0800c2a0   0x0800c2a0   0x00000052   Code   RO          182    .text.TIM8_UP_TIM13_IRQHandler  stm32h7xx_it.o
    0x0800c2f2   0x0800c2f2   0x00000006   PAD
    0x0800c2f8   0x0800c2f8   0x00000158   Code   RO         1348    .text.TIM_Base_SetConfig  stm32h7xx_hal_tim.o
    0x0800c450   0x0800c450   0x00000196   Code   RO         1530    .text.TIM_SlaveTimer_SetConfig  stm32h7xx_hal_tim.o
    0x0800c5e6   0x0800c5e6   0x00000002   PAD
    0x0800c5e8   0x0800c5e8   0x0000009e   Code   RO         2028    .text.TP_GPIO_Init  touch.o
    0x0800c686   0x0800c686   0x00000002   PAD
    0x0800c688   0x0800c688   0x000000c4   Code   RO         2026    .text.TP_Init       touch.o
    0x0800c74c   0x0800c74c   0x00000004   PAD
    0x0800c750   0x0800c750   0x000000e0   Code   RO         1675    .text.UART_AdvFeatureConfig  stm32h7xx_hal_uart.o
    0x0800c830   0x0800c830   0x0000016e   Code   RO         1679    .text.UART_CheckIdleState  stm32h7xx_hal_uart.o
    0x0800c99e   0x0800c99e   0x00000002   PAD
    0x0800c9a0   0x0800c9a0   0x00000480   Code   RO         1677    .text.UART_SetConfig  stm32h7xx_hal_uart.o
    0x0800ce20   0x0800ce20   0x00000358   Code   RO         1693    .text.UART_WaitOnFlagUntilTimeout  stm32h7xx_hal_uart.o
    0x0800d178   0x0800d178   0x00000116   Code   RO         2158    .text.UIwaveEventlistener  uiwave.o
    0x0800d28e   0x0800d28e   0x00000002   PAD
    0x0800d290   0x0800d290   0x00000002   Code   RO          166    .text.UsageFault_Handler  stm32h7xx_it.o
    0x0800d292   0x0800d292   0x00000006   PAD
    0x0800d298   0x0800d298   0x00000096   Code   RO         2411    .text._saveColor    interface.o
    0x0800d32e   0x0800d32e   0x00000002   PAD
    0x0800d330   0x0800d330   0x00000018   Code   RO         2275    .text.addEvent      event.o
    0x0800d348   0x0800d348   0x000000b0   Code   RO         2289    .text.addTouchEvent  touchevent.o
    0x0800d3f8   0x0800d3f8   0x0000009a   Code   RO         2417    .text.approachColorDiv  interface.o
    0x0800d492   0x0800d492   0x00000006   PAD
    0x0800d498   0x0800d498   0x0000001a   Code   RO         2145    .text.backgroundShader  uisample.o
    0x0800d4b2   0x0800d4b2   0x00000006   PAD
    0x0800d4b8   0x0800d4b8   0x0000002a   Code   RO         2147    .text.backgroundUI  uisample.o
    0x0800d4e2   0x0800d4e2   0x00000006   PAD
    0x0800d4e8   0x0800d4e8   0x00000004   Code   RO         2346    .text.bindOscWaveCh1  osc.o
    0x0800d4ec   0x0800d4ec   0x00000004   PAD
    0x0800d4f0   0x0800d4f0   0x0000004c   Code   RO         2242    .text.buttonOnClick  uibutton.o
    0x0800d53c   0x0800d53c   0x00000004   PAD
    0x0800d540   0x0800d540   0x00000026   Code   RO         2240    .text.buttonOnUpdate  uibutton.o
    0x0800d566   0x0800d566   0x00000002   PAD
    0x0800d568   0x0800d568   0x00000042   Code   RO         2244    .text.buttonShader  uibutton.o
    0x0800d5aa   0x0800d5aa   0x00000006   PAD
    0x0800d5b0   0x0800d5b0   0x00000084   Code   RO         2246    .text.buttonUI      uibutton.o
    0x0800d634   0x0800d634   0x00000004   PAD
    0x0800d638   0x0800d638   0x00000052   Code   RO         2441    .text.cacheCenterBlock  interface.o
    0x0800d68a   0x0800d68a   0x00000006   PAD
    0x0800d690   0x0800d690   0x0000008a   Code   RO         2439    .text.cacheCenterRec  interface.o
    0x0800d71a   0x0800d71a   0x00000006   PAD
    0x0800d720   0x0800d720   0x00000150   Code   RO         2427    .text.cacheCenterString  interface.o
    0x0800d870   0x0800d870   0x00000354   Code   RO         2423    .text.cacheChar     interface.o
    0x0800dbc4   0x0800dbc4   0x00000004   PAD
    0x0800dbc8   0x0800dbc8   0x000004c2   Code   RO         2421    .text.cacheLine     interface.o
    0x0800e08a   0x0800e08a   0x00000006   PAD
    0x0800e090   0x0800e090   0x0000009c   Code   RO         2431    .text.cacheOneCenter  interface.o
    0x0800e12c   0x0800e12c   0x00000004   PAD
    0x0800e130   0x0800e130   0x00000052   Code   RO         2437    .text.cacheRec      interface.o
    0x0800e182   0x0800e182   0x00000006   PAD
    0x0800e188   0x0800e188   0x0000022a   Code   RO         2445    .text.cacheRoundedBackgroundRight  interface.o
    0x0800e3b2   0x0800e3b2   0x00000006   PAD
    0x0800e3b8   0x0800e3b8   0x000002be   Code   RO         2447    .text.cacheRoundedRecBackground  interface.o
    0x0800e676   0x0800e676   0x00000002   PAD
    0x0800e678   0x0800e678   0x00000072   Code   RO         2425    .text.cacheString   interface.o
    0x0800e6ea   0x0800e6ea   0x00000006   PAD
    0x0800e6f0   0x0800e6f0   0x0000004c   Code   RO         2124    .text.childInsert   uiobject.o
    0x0800e73c   0x0800e73c   0x00000004   PAD
    0x0800e740   0x0800e740   0x000001a8   Code   RO         2141    .text.debugShader   uisample.o
    0x0800e8e8   0x0800e8e8   0x0000001c   Code   RO         2143    .text.debugUI       uisample.o
    0x0800e904   0x0800e904   0x00000004   PAD
    0x0800e908   0x0800e908   0x0000006e   Code   RO         1981    .text.delay_ms      bsp_delay.o
    0x0800e976   0x0800e976   0x00000002   PAD
    0x0800e978   0x0800e978   0x00000052   Code   RO         1979    .text.delay_us      bsp_delay.o
    0x0800e9ca   0x0800e9ca   0x00000006   PAD
    0x0800e9d0   0x0800e9d0   0x00000018   Code   RO         2277    .text.dequeueEvent  event.o
    0x0800e9e8   0x0800e9e8   0x00000298   Code   RO         2168    .text.drawLabel     uiwave.o
    0x0800ec80   0x0800ec80   0x00000592   Code   RO         2160    .text.drawMesh      uiwave.o
    0x0800f212   0x0800f212   0x00000006   PAD
    0x0800f218   0x0800f218   0x00000134   Code   RO         2419    .text.drawTransparentPoint  interface.o
    0x0800f34c   0x0800f34c   0x00000004   PAD
    0x0800f350   0x0800f350   0x0000002c   Code   RO         2260    .text.drawerShader  uibutton.o
    0x0800f37c   0x0800f37c   0x00000004   PAD
    0x0800f380   0x0800f380   0x00000086   Code   RO         2262    .text.drawerUI      uibutton.o
    0x0800f406   0x0800f406   0x00000002   PAD
    0x0800f408   0x0800f408   0x00000010   Code   RO         2273    .text.eventInit     event.o
    0x0800f418   0x0800f418   0x0000005e   Code   RO         2470    .text.floatingMessage  uifloatingwindow.o
    0x0800f476   0x0800f476   0x00000002   PAD
    0x0800f478   0x0800f478   0x0000015e   Code   RO         2464    .text.floatingOnFoldingUpdate  uifloatingwindow.o
    0x0800f5d6   0x0800f5d6   0x00000002   PAD
    0x0800f5d8   0x0800f5d8   0x0000004e   Code   RO         2466    .text.floatingShader  uifloatingwindow.o
    0x0800f626   0x0800f626   0x00000002   PAD
    0x0800f628   0x0800f628   0x0000005c   Code   RO         2468    .text.flotingUI     uifloatingwindow.o
    0x0800f684   0x0800f684   0x00000004   PAD
    0x0800f688   0x0800f688   0x000000da   Code   RO         2492    .text.freqButtonClick  userinterface.o
    0x0800f762   0x0800f762   0x00000006   PAD
    0x0800f768   0x0800f768   0x00000074   Code   RO         2486    .text.freqButtonShader  userinterface.o
    0x0800f7dc   0x0800f7dc   0x00000004   PAD
    0x0800f7e0   0x0800f7e0   0x00000838   Code   RO         2369    .text.generageWave  waveg.o
    0x08010018   0x08010018   0x0000000c   Code   RO         2108    .text.getHead       uiobject.o
    0x08010024   0x08010024   0x00000004   PAD
    0x08010028   0x08010028   0x0000000e   Code   RO         2080    .text.getKeyBind    pipline.o
    0x08010036   0x08010036   0x00000002   PAD
    0x08010038   0x08010038   0x00000054   Code   RO         2429    .text.getRow        interface.o
    0x0801008c   0x0801008c   0x00000004   PAD
    0x08010090   0x08010090   0x00000030   Code   RO         2110    .text.getUIobject   uiobject.o
    0x080100c0   0x080100c0   0x00000034   Code   RO         2318    .text.getWaveCH1    osc.o
    0x080100f4   0x080100f4   0x00000004   PAD
    0x080100f8   0x080100f8   0x00000082   Code   RO         2092    .text.graph         pipline.o
    0x0801017a   0x0801017a   0x00000006   PAD
    0x08010180   0x08010180   0x000001e8   Code   RO         2076    .text.graphInit     pipline.o
    0x08010368   0x08010368   0x00000018   Code   RO         2279    .text.haveEvent     event.o
    0x08010380   0x08010380   0x0000003a   Code   RO         2106    .text.headInit      uiobject.o
    0x080103ba   0x080103ba   0x00000006   PAD
    0x080103c0   0x080103c0   0x00000116   Code   RO         2531    .text.highDigitMinusOne  mathdef.o
    0x080104d6   0x080104d6   0x00000002   PAD
    0x080104d8   0x080104d8   0x0000007a   Code   RO         2529    .text.highDigitPlusOne  mathdef.o
    0x08010552   0x08010552   0x00000006   PAD
    0x08010558   0x08010558   0x0000003c   Code   RO         2322    .text.ifBusy        osc.o
    0x08010594   0x08010594   0x00000004   PAD
    0x08010598   0x08010598   0x000000d0   Code   RO         2354    .text.initOscData   osc.o
    0x08010668   0x08010668   0x0000004c   Code   RO         2365    .text.initWaveG     waveg.o
    0x080106b4   0x080106b4   0x00000004   PAD
    0x080106b8   0x080106b8   0x00000040   Code   RO         2494    .text.inputModeButtonClick  userinterface.o
    0x080106f8   0x080106f8   0x00000092   Code   RO         2488    .text.inputModeButtonShader  userinterface.o
    0x0801078a   0x0801078a   0x00000006   PAD
    0x08010790   0x08010790   0x0000016c   Code   RO         2514    .text.keyEvent      keyevent.o
    0x080108fc   0x080108fc   0x00000004   PAD
    0x08010900   0x08010900   0x000002bc   Code   RO           11    .text.main          main.o
    0x08010bbc   0x08010bbc   0x00000004   PAD
    0x08010bc0   0x08010bc0   0x0000002a   Code   RO         2397    .text.messageOnCursor  uimessage.o
    0x08010bea   0x08010bea   0x00000006   PAD
    0x08010bf0   0x08010bf0   0x00000188   Code   RO         2393    .text.messageOnFoldingUpdate  uimessage.o
    0x08010d78   0x08010d78   0x00000034   Code   RO         2395    .text.messageShader  uimessage.o
    0x08010dac   0x08010dac   0x00000004   PAD
    0x08010db0   0x08010db0   0x0000008e   Code   RO         2399    .text.messageUI     uimessage.o
    0x08010e3e   0x08010e3e   0x00000002   PAD
    0x08010e40   0x08010e40   0x000000c0   Code   RO         2094    .text.nextGraphic   pipline.o
    0x08010f00   0x08010f00   0x00000020   Code   RO         2258    .text.onCursor      uibutton.o
    0x08010f20   0x08010f20   0x00000016   Code   RO         2122    .text.onFatherUpdate  uiobject.o
    0x08010f36   0x08010f36   0x00000002   PAD
    0x08010f38   0x08010f38   0x00000098   Code   RO         2256    .text.onFoldingUpdate  uibutton.o
    0x08010fd0   0x08010fd0   0x0000002c   Code   RO         2462    .text.onWaitingUpdate  uifloatingwindow.o
    0x08010ffc   0x08010ffc   0x00000004   PAD
    0x08011000   0x08011000   0x00000076   Code   RO         2114    .text.priorityInsert  uiobject.o
    0x08011076   0x08011076   0x00000002   PAD
    0x08011078   0x08011078   0x00000274   Code   RO         2084    .text.processEvent  pipline.o
    0x080112ec   0x080112ec   0x00000004   PAD
    0x080112f0   0x080112f0   0x000002f8   Code   RO         2332    .text.processWave   osc.o
    0x080115e8   0x080115e8   0x0000000e   Code   RO         2082    .text.releaseKeyBind  pipline.o
    0x080115f6   0x080115f6   0x00000002   PAD
    0x080115f8   0x080115f8   0x0000002c   Code   RO         2409    .text.resetColorList  interface.o
    0x08011624   0x08011624   0x00000004   PAD
    0x08011628   0x08011628   0x0000000e   Code   RO         2254    .text.setSliderY    uibutton.o
    0x08011636   0x08011636   0x00000002   PAD
    0x08011638   0x08011638   0x0000001c   Code   RO         2340    .text.setXscale     osc.o
    0x08011654   0x08011654   0x00000004   PAD
    0x08011658   0x08011658   0x000001b6   Code   RO         2299    .text.shadeCursor   shadecursor.o
    0x0801180e   0x0801180e   0x00000002   PAD
    0x08011810   0x08011810   0x000000aa   Code   RO         2250    .text.sliderEvent   uibutton.o
    0x080118ba   0x080118ba   0x00000006   PAD
    0x080118c0   0x080118c0   0x0000006a   Code   RO         2252    .text.sliderUI      uibutton.o
    0x0801192a   0x0801192a   0x00000006   PAD
    0x08011930   0x08011930   0x00000050   Code   RO         2248    .text.sliderUpdate  uibutton.o
    0x08011980   0x08011980   0x00000040   Code   RO         2496    .text.triggerModeButtonClick  userinterface.o
    0x080119c0   0x080119c0   0x000000d4   Code   RO         2490    .text.triggerModeButtonShader  userinterface.o
    0x08011a94   0x08011a94   0x00000004   PAD
    0x08011a98   0x08011a98   0x00000032   Code   RO         2086    .text.updateChild   pipline.o
    0x08011aca   0x08011aca   0x00000006   PAD
    0x08011ad0   0x08011ad0   0x00000058   Code   RO         2472    .text.updateMessage  uifloatingwindow.o
    0x08011b28   0x08011b28   0x00000150   Code   RO         2484    .text.userInterface  userinterface.o
    0x08011c78   0x08011c78   0x000000e0   Code   RO         2172    .text.waveShader    uiwave.o
    0x08011d58   0x08011d58   0x00000054   Code   RO         2174    .text.waveUI        uiwave.o
    0x08011dac   0x08011dac   0x00000028   Code   RO         2792    i.__0sprintf        mc_w.l(printfa.o)
    0x08011dd4   0x08011dd4   0x00000026   Code   RO         2846    i.__ARM_fpclassifyf  m_wv.l(fpclassifyf.o)
    0x08011dfa   0x08011dfa   0x00000002   PAD
    0x08011dfc   0x08011dfc   0x00000190   Code   RO         2544    i.__hardfp_sinf     m_wv.l(sinf.o)
    0x08011f8c   0x08011f8c   0x00000006   Code   RO         2849    i.__mathlib_flt_infnan  m_wv.l(funder.o)
    0x08011f92   0x08011f92   0x00000002   PAD
    0x08011f94   0x08011f94   0x00000010   Code   RO         2851    i.__mathlib_flt_invalid  m_wv.l(funder.o)
    0x08011fa4   0x08011fa4   0x00000010   Code   RO         2854    i.__mathlib_flt_underflow  m_wv.l(funder.o)
    0x08011fb4   0x08011fb4   0x00000154   Code   RO         2862    i.__mathlib_rredf2  m_wv.l(rredf.o)
    0x08012108   0x08012108   0x0000000e   Code   RO         2927    i.__scatterload_copy  mc_w.l(handlers.o)
    0x08012116   0x08012116   0x00000002   Code   RO         2928    i.__scatterload_null  mc_w.l(handlers.o)
    0x08012118   0x08012118   0x0000000e   Code   RO         2929    i.__scatterload_zeroinit  mc_w.l(handlers.o)
    0x08012126   0x08012126   0x00000002   PAD
    0x08012128   0x08012128   0x0000000c   Code   RO         2903    i.__set_errno       mc_w.l(errno.o)
    0x08012134   0x08012134   0x00000184   Code   RO         2797    i._fp_digits        mc_w.l(printfa.o)
    0x080122b8   0x080122b8   0x000006dc   Code   RO         2798    i._printf_core      mc_w.l(printfa.o)
    0x08012994   0x08012994   0x00000024   Code   RO         2799    i._printf_post_padding  mc_w.l(printfa.o)
    0x080129b8   0x080129b8   0x0000002e   Code   RO         2800    i._printf_pre_padding  mc_w.l(printfa.o)
    0x080129e6   0x080129e6   0x0000000a   Code   RO         2802    i._sputc            mc_w.l(printfa.o)
    0x080129f0   0x080129f0   0x0000006c   Code   RO         2819    i.malloc            mc_w.l(malloc.o)
    0x08012a5c   0x08012a5c   0x00000020   Data   RO         2863    .constdata          m_wv.l(rredf.o)
    0x08012a7c   0x08012a7c   0x00000028   Data   RO          187    .rodata..Lswitch.table.DMA1_Stream2_IRQHandler.25  stm32h7xx_it.o
    0x08012aa4   0x08012aa4   0x00000028   Data   RO          188    .rodata..Lswitch.table.DMA1_Stream2_IRQHandler.29  stm32h7xx_it.o
    0x08012acc   0x08012acc   0x00000028   Data   RO          189    .rodata..Lswitch.table.DMA1_Stream2_IRQHandler.33  stm32h7xx_it.o
    0x08012af4   0x08012af4   0x00000006   Data   RO         1806    .rodata..Lswitch.table.UART_SetConfig.5  stm32h7xx_hal_uart.o
    0x08012afa   0x08012afa   0x00000006   Data   RO         1807    .rodata..Lswitch.table.UART_SetConfig.7  stm32h7xx_hal_uart.o
    0x08012b00   0x08012b00   0x00000010   Data   RO         1861    .rodata.D1CorePrescTable  system_stm32h7xx.o
    0x08012b10   0x08012b10   0x0000000a   Data   RO         2017    .rodata.FT5206_TPX_TBL  ft5206.o
    0x08012b1a   0x08012b1a   0x00000018   Data   RO         1805    .rodata.UARTPrescTable  stm32h7xx_hal_uart.o
    0x08012b32   0x08012b32   0x00000474   Data   RO         1937    .rodata.asc2_1206   dev_lcd.o
    0x08012fa6   0x08012fa6   0x000005f0   Data   RO         1938    .rodata.asc2_1608   dev_lcd.o
    0x08013596   0x08013596   0x00000d5c   Data   RO         1939    .rodata.asc2_2412   dev_lcd.o
    0x080142f2   0x080142f2   0x00002f80   Data   RO         1940    .rodata.asc2_3216   dev_lcd.o
    0x08017272   0x08017272   0x00000010   Data   RO         1848    .rodata.cst8        stm32h7xx_hal_uart_ex.o
    0x08017282   0x08017282   0x00000027   Data   RO         2176    .rodata.str1.1      uiwave.o
    0x080172a9   0x080172a9   0x00000003   PAD
    0x080172ac   0x080172ac   0x00000020   Data   RO         2926    Region$$Table       anon$$obj.o


    Execution Region RW_IRAM1 (Exec base: 0x20000000, Load base: 0x080172cc, Size: 0x00000000, Max: 0x00020000, ABSOLUTE)

    **** No section assigned to this execution region ****


    Execution Region RW_IRAM2 (Exec base: 0x24000000, Load base: 0x080172d0, Size: 0x0001af30, Max: 0x00080000, ABSOLUTE)

    Exec Addr    Load Addr    Size         Type   Attr      Idx    E Section Name        Object

    0x24000000   0x080172d0   0x00000004   Data   RW         2899    .data               mc_w.l(mvars.o)
    0x24000004   0x080172d4   0x00000004   Data   RW         2900    .data               mc_w.l(mvars.o)
    0x24000008   0x080172d8   0x00000004   Data   RW         2904    .data               mc_w.l(errno.o)
    0x2400000c   0x080172dc   0x00000008   Data   RW          941    .data..L_MergedGlobals  stm32h7xx_hal.o
    0x24000014   0x080172e4   0x00000008   Data   RW         1862    .data..L_MergedGlobals  system_stm32h7xx.o
    0x2400001c   0x080172ec   0x00000058   Data   RW         2067    .data..L_MergedGlobals  touch.o
    0x24000074   0x08017344   0x00000002   Data   RW         2451    .data.colorLength   interface.o
    0x24000076   0x08017346   0x00000002   PAD
    0x24000078   0x08017348   0x00000004   Data   RW         2096    .data.deltaT        pipline.o
    0x2400007c   0x0801734c   0x00000004   PAD
    0x24000080        -       0x0000007c   Zero   RW           48    .bss..L_MergedGlobals  adc.o
    0x240000fc        -       0x00000018   Zero   RW         2097    .bss..L_MergedGlobals  pipline.o
    0x24000114        -       0x00000041   Zero   RW         2177    .bss..L_MergedGlobals  uiwave.o
    0x24000155   0x0801734c   0x00000003   PAD
    0x24000158        -       0x00000024   Zero   RW         2291    .bss..L_MergedGlobals  touchevent.o
    0x2400017c        -       0x00000008   Zero   RW         2301    .bss..L_MergedGlobals  shadecursor.o
    0x24000184        -       0x00000008   Zero   RW         2516    .bss..L_MergedGlobals  keyevent.o
    0x2400018c        -       0x00000001   Zero   RW           89    .bss.FMC_Initialized  fmc.o
    0x2400018d   0x0801734c   0x00000003   PAD
    0x24000190        -       0x00000004   Zero   RW          186    .bss.TIM8_UP_TIM13_IRQHandler.lastWaveNum  stm32h7xx_it.o
    0x24000194        -       0x00000004   Zero   RW         2356    .bss.busy           osc.o
    0x24000198        -       0x00000002   Zero   RW         2450    .bss.colorIndex     interface.o
    0x2400019a   0x0801734c   0x00000002   PAD
    0x2400019c        -       0x00000200   Zero   RW         2449    .bss.colorList      interface.o
    0x2400039c        -       0x00000200   Zero   RW         2383    .bss.dacWave        waveg.o
    0x2400059c        -       0x00000404   Zero   RW         2281    .bss.eventBuffer    event.o
    0x240009a0        -       0x00000004   Zero   RW         1983    .bss.fac_us         bsp_delay.o
    0x240009a4        -       0x00000004   Zero   RW         2149    .bss.fpsN           uisample.o
    0x240009a8        -       0x00000064   Zero   RW           45    .bss.hadc1          adc.o
    0x24000a0c        -       0x00000064   Zero   RW           46    .bss.hadc2          adc.o
    0x24000a70        -       0x00000014   Zero   RW           63    .bss.hdac1          dac.o
    0x24000a84        -       0x00000078   Zero   RW           47    .bss.hdma_adc2      adc.o
    0x24000afc        -       0x00000078   Zero   RW           64    .bss.hdma_dac1_ch1  dac.o
    0x24000b74        -       0x00000004   Zero   RW         2126    .bss.head           uiobject.o
    0x24000b78        -       0x00000054   Zero   RW          105    .bss.hi2c1          i2c.o
    0x24000bcc        -       0x0000004c   Zero   RW           88    .bss.hsram1         fmc.o
    0x24000c18        -       0x0000004c   Zero   RW          128    .bss.htim13         tim.o
    0x24000c64        -       0x0000004c   Zero   RW          129    .bss.htim15         tim.o
    0x24000cb0        -       0x0000004c   Zero   RW          126    .bss.htim6          tim.o
    0x24000cfc        -       0x0000004c   Zero   RW          127    .bss.htim7          tim.o
    0x24000d48        -       0x00000094   Zero   RW          148    .bss.huart1         usart.o
    0x24000ddc        -       0x00000094   Zero   RW          149    .bss.huart2         usart.o
    0x24000e70        -       0x00000004   Zero   RW         2474    .bss.lastTick       uifloatingwindow.o
    0x24000e74        -       0x00000010   Zero   RW         1941    .bss.lcddev         dev_lcd.o
    0x24000e84        -       0x00000080   Zero   RW         2504    .bss.message        userinterface.o
    0x24000f04        -       0x00000002   Zero   RW         2264    .bss.sliderEvent.lastY  uibutton.o
    0x24000f06   0x0801734c   0x00000002   PAD
    0x24000f08        -       0x00000004   Zero   RW         2475    .bss.thisFloatingWindow  uifloatingwindow.o
    0x24000f0c        -       0x00000004   Zero   RW           19    .bss.thisOsc        main.o
    0x24000f10        -       0x00000004   Zero   RW          940    .bss.uwTick         stm32h7xx_hal.o
    0x24000f14        -       0x00000018   Zero   RW         2384    .bss.waveG          waveg.o
    0x24000f2c   0x0801734c   0x00000004   PAD
    0x24000f30        -       0x00018000   Zero   RW            2    HEAP                startup_stm32h750xx.o
    0x24018f30        -       0x00002000   Zero   RW            1    STACK               startup_stm32h750xx.o


==============================================================================

Image component sizes


      Code (inc. data)   RO Data    RW Data    ZI Data      Debug   Object Name

       716          0          0          0        444       8398   adc.o
       214          0          0          0          4       2138   bsp_delay.o
      1430          0          0          0          0       6191   ctiic.o
       302          0          0          0        140       6551   dac.o
      8586          0      18240          0         16      73084   dev_lcd.o
       100          0          0          0          0       5473   dma.o
        88          0          0          0       1028       1065   event.o
       350          0          0          0         77       9056   fmc.o
       882          0         10          0          0       5678   ft5206.o
       160          0          0          0          0       2827   gpio.o
       252          0          0          0         84       8157   i2c.o
      4974          0          0          2        514      20986   interface.o
       364          0          0          0          8       2005   keyevent.o
      1026          0          0          0          4      11743   main.o
       400          0          0          0          0       5151   mathdef.o
      1112         12          0          0          4      11682   osc.o
      1516          0          0          4         24       7157   pipline.o
       438          0          0          0          8       1568   shadecursor.o
        36          8        664          0     106496        812   startup_stm32h750xx.o
       360          0          0          8          4      15031   stm32h7xx_hal.o
      3004         14          0          0          0      28134   stm32h7xx_hal_adc.o
       176          0          0          0          0      29941   stm32h7xx_hal_adc_ex.o
       378          0          0          0          0      12476   stm32h7xx_hal_cortex.o
       800          0          0          0          0       9289   stm32h7xx_hal_dac.o
       124          0          0          0          0       9968   stm32h7xx_hal_dac_ex.o
      4958         12          0          0          0      17896   stm32h7xx_hal_dma.o
       214          0          0          0          0       8567   stm32h7xx_hal_dma_ex.o
       462          0          0          0          0       6936   stm32h7xx_hal_gpio.o
       176          0          0          0          0      64379   stm32h7xx_hal_i2c.o
       146          0          0          0          0       7549   stm32h7xx_hal_i2c_ex.o
        70          0          0          0          0       2524   stm32h7xx_hal_msp.o
        76          0          0          0          0      10568   stm32h7xx_hal_pwr_ex.o
      2532         16          0          0          0      11651   stm32h7xx_hal_rcc.o
      5376        226          0          0          0      19849   stm32h7xx_hal_rcc_ex.o
       108          0          0          0          0      13782   stm32h7xx_hal_sram.o
      1338          0          0          0          0      66104   stm32h7xx_hal_tim.o
       206          0          0          0          0      25404   stm32h7xx_hal_tim_ex.o
      2698        332         36          0          0      43061   stm32h7xx_hal_uart.o
       334          0         16          0          0      11469   stm32h7xx_hal_uart_ex.o
     11956          0        120          0          4      10939   stm32h7xx_it.o
       314          0          0          0          0       9128   stm32h7xx_ll_fmc.o
       204          0         16          8          0       5839   system_stm32h7xx.o
       614          0          0          0        304      11634   tim.o
       398          0          0         88          0      27147   touch.o
       176          0          0          0         36       1404   touchevent.o
      1044         16          0          0          2       5801   uibutton.o
       746          0          0          0          8       3783   uifloatingwindow.o
       628          0          0          0          0       2926   uimessage.o
       334          0          0          0          4       3960   uiobject.o
       520         80          0          0          4       3962   uisample.o
      2676          0         39          0         65       9808   uiwave.o
       468          0          0          0        296       9205   usart.o
      1580        118          0          0        128       6691   userinterface.o
      2180         22          0          0        536       5945   waveg.o

    ----------------------------------------------------------------------
     71056        884      19176        112     110260     722472   Object Totals
         0          0         32          0          0          0   (incl. Generated)
       736         28          3          2         18          0   (incl. Padding)

    ----------------------------------------------------------------------

      Code (inc. data)   RO Data    RW Data    ZI Data      Debug   Library Member Name

        38          0          0          0          0        116   fpclassifyf.o
        38         12          0          0          0        348   funder.o
       340         24         32          0          0        160   rredf.o
       400         56          0          0          0        212   sinf.o
         0          0          0          0          0          0   entry.o
         0          0          0          0          0          0   entry10a.o
         0          0          0          0          0          0   entry11a.o
         8          4          0          0          0          0   entry2.o
         4          0          0          0          0          0   entry5.o
         0          0          0          0          0          0   entry7b.o
         0          0          0          0          0          0   entry8b.o
         8          4          0          0          0          0   entry9a.o
        12          6          0          4          0         68   errno.o
        30          0          0          0          0          0   handlers.o
        48         10          0          0          0         68   init.o
         0          0          0          0          0          0   iusefp.o
        30          0          0          0          0         68   llshl.o
        36          0          0          0          0         68   llsshr.o
        32          0          0          0          0         68   llushr.o
       108         16          0          0          0         84   malloc.o
        36          0          0          0          0        108   memseta.o
         0          0          0          8          0          0   mvars.o
      2276         86          0          0          0        520   printfa.o
        44          0          0          0          0         80   uidiv.o
        98          0          0          0          0         92   uldiv.o
        48          0          0          0          0         68   cdrcmple.o
       334          0          0          0          0        148   dadd.o
       222          0          0          0          0        100   ddiv.o
       186          0          0          0          0        176   depilogue.o
        48          0          0          0          0         68   dfixul.o
       228          0          0          0          0         96   dmul.o

    ----------------------------------------------------------------------
      4660        218         32         12          0       2716   Library Totals
         8          0          0          0          0          0   (incl. Padding)

    ----------------------------------------------------------------------

      Code (inc. data)   RO Data    RW Data    ZI Data      Debug   Library Name

       816         92         32          0          0        836   m_wv.l
      2770        126          0         12          0       1224   mc_w.l
      1066          0          0          0          0        656   mf_w.l

    ----------------------------------------------------------------------
      4660        218         32         12          0       2716   Library Totals

    ----------------------------------------------------------------------

==============================================================================


      Code (inc. data)   RO Data    RW Data    ZI Data      Debug   

     75716       1102      19208        124     110260     722916   Grand Totals
     75716       1102      19208        124     110260     722916   ELF Image Totals
     75716       1102      19208        124          0          0   ROM Totals

==============================================================================

    Total RO  Size (Code + RO Data)                94924 (  92.70kB)
    Total RW  Size (RW Data + ZI Data)            110384 ( 107.80kB)
    Total ROM Size (Code + RO Data + RW Data)      95048 (  92.82kB)

==============================================================================

